Component: ARM Compiler 5.06 update 6 (build 750) Tool: armlink [4d35ed]

==============================================================================

Section Cross References

    system_stm32f10x.o(i.SetSysClock) refers to system_stm32f10x.o(i.SetSysClockTo72) for SetSysClockTo72
    system_stm32f10x.o(i.SystemCoreClockUpdate) refers to system_stm32f10x.o(.data) for SystemCoreClock
    system_stm32f10x.o(i.SystemInit) refers to system_stm32f10x.o(i.SetSysClock) for SetSysClock
    main.o(i._ucgui) refers to guicore.o(i.GUI_Init) for GUI_Init
    main.o(i._ucgui) refers to gui_setcolor.o(i.GUI_SetBkColor) for GUI_SetBkColor
    main.o(i._ucgui) refers to gui_setcolor.o(i.GUI_SetColor) for GUI_SetColor
    main.o(i._ucgui) refers to guicore.o(i.GUI_Clear) for GUI_Clear
    main.o(i._ucgui) refers to gui_pen.o(i.GUI_SetPenSize) for GUI_SetPenSize
    main.o(i._ucgui) refers to gui_setdrawmode.o(i.GUI_SetDrawMode) for GUI_SetDrawMode
    main.o(i._ucgui) refers to gui_setfont.o(i.GUI_SetFont) for GUI_SetFont
    main.o(i._ucgui) refers to gui_dispstringat.o(i.GUI_DispStringAt) for GUI_DispStringAt
    main.o(i._ucgui) refers to ftest.o(.constdata) for GUI_FontHZ12x12
    main.o(i.main) refers to delay.o(i.delay_init) for delay_init
    main.o(i.main) refers to led.o(i.LED_Init) for LED_Init
    main.o(i.main) refers to usart_1.o(i.Usart1_Init) for Usart1_Init
    main.o(i.main) refers to w25qxx.o(i.SPI_FLASH_Init) for SPI_FLASH_Init
    main.o(i.main) refers to lcd_init.o(i.LCD_Init_Op) for LCD_Init_Op
    main.o(i.main) refers to main.o(i._ucgui) for _ucgui
    main.o(i.main) refers to guicore.o(i.GUI_Clear) for GUI_Clear
    main.o(i.main) refers to gui_dispstringat.o(i.GUI_DispStringAt) for GUI_DispStringAt
    main.o(i.main) refers to delay.o(i.delay_ms) for delay_ms
    led.o(i.LED_Init) refers to stm32f10x_rcc.o(i.RCC_APB2PeriphClockCmd) for RCC_APB2PeriphClockCmd
    led.o(i.LED_Init) refers to stm32f10x_gpio.o(i.GPIO_PinRemapConfig) for GPIO_PinRemapConfig
    led.o(i.LED_Init) refers to stm32f10x_gpio.o(i.GPIO_Init) for GPIO_Init
    led.o(i.LED_Init) refers to stm32f10x_gpio.o(i.GPIO_SetBits) for GPIO_SetBits
    lcd_init.o(i.LCD_Address_Set) refers to lcd_init.o(i.LCD_WR_REG) for LCD_WR_REG
    lcd_init.o(i.LCD_Address_Set) refers to lcd_init.o(i.LCD_WR_DATA) for LCD_WR_DATA
    lcd_init.o(i.LCD_GPIO_Init) refers to stm32f10x_rcc.o(i.RCC_APB2PeriphClockCmd) for RCC_APB2PeriphClockCmd
    lcd_init.o(i.LCD_GPIO_Init) refers to stm32f10x_gpio.o(i.GPIO_Init) for GPIO_Init
    lcd_init.o(i.LCD_GPIO_Init) refers to stm32f10x_gpio.o(i.GPIO_SetBits) for GPIO_SetBits
    lcd_init.o(i.LCD_Init_Op) refers to lcd_init.o(i.SPI1_Init) for SPI1_Init
    lcd_init.o(i.LCD_Init_Op) refers to lcd_init.o(i.LCD_GPIO_Init) for LCD_GPIO_Init
    lcd_init.o(i.LCD_Init_Op) refers to stm32f10x_gpio.o(i.GPIO_ResetBits) for GPIO_ResetBits
    lcd_init.o(i.LCD_Init_Op) refers to delay.o(i.delay_ms) for delay_ms
    lcd_init.o(i.LCD_Init_Op) refers to stm32f10x_gpio.o(i.GPIO_SetBits) for GPIO_SetBits
    lcd_init.o(i.LCD_Init_Op) refers to lcd_init.o(i.LCD_WR_REG) for LCD_WR_REG
    lcd_init.o(i.LCD_Init_Op) refers to lcd_init.o(i.LCD_WR_DATA8) for LCD_WR_DATA8
    lcd_init.o(i.LCD_WR_DATA) refers to lcd_init.o(i.LCD_Writ_Bus) for LCD_Writ_Bus
    lcd_init.o(i.LCD_WR_DATA8) refers to lcd_init.o(i.LCD_Writ_Bus) for LCD_Writ_Bus
    lcd_init.o(i.LCD_WR_REG) refers to stm32f10x_gpio.o(i.GPIO_ResetBits) for GPIO_ResetBits
    lcd_init.o(i.LCD_WR_REG) refers to lcd_init.o(i.LCD_Writ_Bus) for LCD_Writ_Bus
    lcd_init.o(i.LCD_WR_REG) refers to stm32f10x_gpio.o(i.GPIO_SetBits) for GPIO_SetBits
    lcd_init.o(i.LCD_Writ_Bus) refers to stm32f10x_gpio.o(i.GPIO_ResetBits) for GPIO_ResetBits
    lcd_init.o(i.LCD_Writ_Bus) refers to stm32f10x_spi.o(i.SPI_I2S_GetFlagStatus) for SPI_I2S_GetFlagStatus
    lcd_init.o(i.LCD_Writ_Bus) refers to stm32f10x_spi.o(i.SPI_I2S_SendData) for SPI_I2S_SendData
    lcd_init.o(i.LCD_Writ_Bus) refers to lcd_init.o(i.delay) for delay
    lcd_init.o(i.LCD_Writ_Bus) refers to stm32f10x_gpio.o(i.GPIO_SetBits) for GPIO_SetBits
    lcd_init.o(i.SPI1_Init) refers to stm32f10x_rcc.o(i.RCC_APB2PeriphClockCmd) for RCC_APB2PeriphClockCmd
    lcd_init.o(i.SPI1_Init) refers to stm32f10x_gpio.o(i.GPIO_Init) for GPIO_Init
    lcd_init.o(i.SPI1_Init) refers to stm32f10x_gpio.o(i.GPIO_SetBits) for GPIO_SetBits
    lcd_init.o(i.SPI1_Init) refers to stm32f10x_spi.o(i.SPI_Init) for SPI_Init
    lcd_init.o(i.SPI1_Init) refers to stm32f10x_spi.o(i.SPI_Cmd) for SPI_Cmd
    lcd.o(i.Draw_Circle) refers to lcd.o(i.LCD_DrawPoint) for LCD_DrawPoint
    lcd.o(i.LCD_DrawLine) refers to lcd.o(i.LCD_DrawPoint) for LCD_DrawPoint
    lcd.o(i.LCD_DrawPoint) refers to lcd_init.o(i.LCD_Address_Set) for LCD_Address_Set
    lcd.o(i.LCD_DrawPoint) refers to lcd_init.o(i.LCD_WR_DATA) for LCD_WR_DATA
    lcd.o(i.LCD_DrawRectangle) refers to lcd.o(i.LCD_DrawLine) for LCD_DrawLine
[...]
    ../clib/heapalloc.c                      0x00000000   Number         0  malloc.o ABSOLUTE
    ../clib/heapalloc.c                      0x00000000   Number         0  free.o ABSOLUTE
    ../clib/heapalloc.c                      0x00000000   Number         0  maybetermalloc2.o ABSOLUTE
    ../clib/heapalloc.c                      0x00000000   Number         0  maybetermalloc2.o ABSOLUTE
    ../clib/heapalloc.c                      0x00000000   Number         0  term_alloc.o ABSOLUTE
    ../clib/heapalloc.c                      0x00000000   Number         0  heapstubs.o ABSOLUTE
    ../clib/heapalloc.c                      0x00000000   Number         0  maybetermalloc1.o ABSOLUTE
    ../clib/heapalloc.c                      0x00000000   Number         0  hrguard.o ABSOLUTE
    ../clib/heapalloc.c                      0x00000000   Number         0  init_alloc.o ABSOLUTE
    ../clib/heapalloc.c                      0x00000000   Number         0  hguard.o ABSOLUTE
    ../clib/heapalloc.c                      0x00000000   Number         0  maybetermalloc1.o ABSOLUTE
    ../clib/heapaux.c                        0x00000000   Number         0  heapauxa.o ABSOLUTE
    ../clib/heapaux.c                        0x00000000   Number         0  heapauxi.o ABSOLUTE
    ../clib/libinit.s                        0x00000000   Number         0  libshutdown2.o ABSOLUTE
    ../clib/libinit.s                        0x00000000   Number         0  libshutdown.o ABSOLUTE
    ../clib/libinit.s                        0x00000000   Number         0  libinit.o ABSOLUTE
    ../clib/libinit.s                        0x00000000   Number         0  libinit2.o ABSOLUTE
    ../clib/memcpset.s                       0x00000000   Number         0  rt_memclr_w.o ABSOLUTE
    ../clib/memcpset.s                       0x00000000   Number         0  rt_memcpy_w.o ABSOLUTE
    ../clib/memcpset.s                       0x00000000   Number         0  rt_memclr.o ABSOLUTE
    ../clib/signal.c                         0x00000000   Number         0  defsig_other.o ABSOLUTE
    ../clib/signal.c                         0x00000000   Number         0  defsig_general.o ABSOLUTE
    ../clib/signal.c                         0x00000000   Number         0  defsig_segv_inner.o ABSOLUTE
    ../clib/signal.c                         0x00000000   Number         0  __raise.o ABSOLUTE
    ../clib/signal.c                         0x00000000   Number         0  defsig_pvfn_inner.o ABSOLUTE
    ../clib/signal.c                         0x00000000   Number         0  defsig_stak_inner.o ABSOLUTE
    ../clib/signal.c                         0x00000000   Number         0  defsig_rtred_inner.o ABSOLUTE
    ../clib/signal.c                         0x00000000   Number         0  defsig_fpe_inner.o ABSOLUTE
    ../clib/signal.c                         0x00000000   Number         0  defsig_abrt_inner.o ABSOLUTE
    ../clib/signal.c                         0x00000000   Number         0  defsig_cppl_inner.o ABSOLUTE
    ../clib/signal.c                         0x00000000   Number         0  defsig_rtmem_inner.o ABSOLUTE
    ../clib/signal.c                         0x00000000   Number         0  defsig_exit.o ABSOLUTE
    ../clib/signal.c                         0x00000000   Number         0  defsig_rtmem_formal.o ABSOLUTE
    ../clib/signal.c                         0x00000000   Number         0  defsig_rtmem_outer.o ABSOLUTE
    ../clib/signal.s                         0x00000000   Number         0  defsig.o ABSOLUTE
    ../clib/stdlib.c                         0x00000000   Number         0  exit.o ABSOLUTE
    ../fplib/d2f.s                           0x00000000   Number         0  d2f.o ABSOLUTE
    ../fplib/daddsub.s                       0x00000000   Number         0  daddsub_clz.o ABSOLUTE
    ../fplib/dcheck1.s                       0x00000000   Number         0  dcheck1.o ABSOLUTE
    ../fplib/dcmpi.s                         0x00000000   Number         0  dcmpi.o ABSOLUTE
    ../fplib/ddiv.s                          0x00000000   Number         0  ddiv.o ABSOLUTE
    ../fplib/dfix.s                          0x00000000   Number         0  dfix.o ABSOLUTE
    ../fplib/dflt.s                          0x00000000   Number         0  dflt_clz.o ABSOLUTE
    ../fplib/dleqf.s                         0x00000000   Number         0  dleqf.o ABSOLUTE
    ../fplib/dmul.s                          0x00000000   Number         0  dmul.o ABSOLUTE
    ../fplib/dnaninf.s                       0x00000000   Number         0  dnaninf.o ABSOLUTE
    ../fplib/dretinf.s                       0x00000000   Number         0  dretinf.o ABSOLUTE
    ../fplib/drleqf.s                        0x00000000   Number         0  drleqf.o ABSOLUTE
    ../fplib/f2d.s                           0x00000000   Number         0  f2d.o ABSOLUTE
    ../fplib/faddsub.s                       0x00000000   Number         0  faddsub_clz.o ABSOLUTE
    ../fplib/fcmpi.s                         0x00000000   Number         0  fcmpi.o ABSOLUTE
    ../fplib/fdiv.s                          0x00000000   Number         0  fdiv.o ABSOLUTE
    ../fplib/feqf.s                          0x00000000   Number         0  feqf.o ABSOLUTE
    ../fplib/ffix.s                          0x00000000   Number         0  ffix.o ABSOLUTE
    ../fplib/ffixu.s                         0x00000000   Number         0  ffixu.o ABSOLUTE
    ../fplib/fflt.s                          0x00000000   Number         0  fflt_clz.o ABSOLUTE
    ../fplib/fleqf.s                         0x00000000   Number         0  fleqf.o ABSOLUTE
    ../fplib/fmul.s                          0x00000000   Number         0  fmul.o ABSOLUTE
    ../fplib/fnaninf.s                       0x00000000   Number         0  fnaninf.o ABSOLUTE
    ../fplib/fpinit.s                        0x00000000   Number         0  fpinit.o ABSOLUTE
    ../fplib/fretinf.s                       0x00000000   Number         0  fretinf.o ABSOLUTE
    ../fplib/frleqf.s                        0x00000000   Number         0  frleqf.o ABSOLUTE
    ../fplib/retnan.s                        0x00000000   Number         0  retnan.o ABSOLUTE
    ../fplib/scalbn.s                        0x00000000   Number         0  scalbn.o ABSOLUTE
    ../fplib/trapv.s                         0x00000000   Number         0  trapv.o ABSOLUTE
    ../fplib/usenofp.s                       0x00000000   Number         0  usenofp.o ABSOLUTE
    ../mathlib/ceil.c                        0x00000000   Number         0  ceil.o ABSOLUTE
    ../mathlib/cos.c                         0x00000000   Number         0  cos.o ABSOLUTE
    ../mathlib/cos.c                         0x00000000   Number         0  cos_x.o ABSOLUTE
    ../mathlib/cos_i.c                       0x00000000   Number         0  cos_i.o ABSOLUTE
    ../mathlib/dunder.c                      0x00000000   Number         0  dunder.o ABSOLUTE
    ../mathlib/floor.c                       0x00000000   Number         0  floor.o ABSOLUTE
    ../mathlib/fpclassify.c                  0x00000000   Number         0  fpclassify.o ABSOLUTE
    ../mathlib/poly.c                        0x00000000   Number         0  poly.o ABSOLUTE
    ../mathlib/rred.c                        0x00000000   Number         0  rred.o ABSOLUTE
    ../mathlib/sin.c                         0x00000000   Number         0  sin_x.o ABSOLUTE
    ../mathlib/sin.c                         0x00000000   Number         0  sin.o ABSOLUTE
    ../mathlib/sin_i.c                       0x00000000   Number         0  sin_i.o ABSOLUTE
    ../mathlib/sin_i.c                       0x00000000   Number         0  sin_i_x.o ABSOLUTE
    ..\CORE\core_cm3.c                       0x00000000   Number         0  core_cm3.o ABSOLUTE
    ..\CORE\startup_stm32f10x_md.s           0x00000000   Number         0  startup_stm32f10x_md.o ABSOLUTE
    ..\HARDWARE\LCD\lcd.c                    0x00000000   Number         0  lcd.o ABSOLUTE
    ..\HARDWARE\LCD\lcd_init.c               0x00000000   Number         0  lcd_init.o ABSOLUTE
    ..\HARDWARE\LED\led.c                    0x00000000   Number         0  led.o ABSOLUTE
    ..\HARDWARE\USART\USART_1.C              0x00000000   Number         0  usart_1.o ABSOLUTE
    ..\HARDWARE\W25Q\W25QXX.c                0x00000000   Number         0  w25qxx.o ABSOLUTE
    ..\STM32F10x_FWLib\src\misc.c            0x00000000   Number         0  misc.o ABSOLUTE
    ..\STM32F10x_FWLib\src\stm32f10x_adc.c   0x00000000   Number         0  stm32f10x_adc.o ABSOLUTE
    ..\STM32F10x_FWLib\src\stm32f10x_bkp.c   0x00000000   Number         0  stm32f10x_bkp.o ABSOLUTE
    ..\STM32F10x_FWLib\src\stm32f10x_can.c   0x00000000   Number         0  stm32f10x_can.o ABSOLUTE
    ..\STM32F10x_FWLib\src\stm32f10x_cec.c   0x00000000   Number         0  stm32f10x_cec.o ABSOLUTE
    ..\STM32F10x_FWLib\src\stm32f10x_crc.c   0x00000000   Number         0  stm32f10x_crc.o ABSOLUTE
    ..\STM32F10x_FWLib\src\stm32f10x_dac.c   0x00000000   Number         0  stm32f10x_dac.o ABSOLUTE
    ..\STM32F10x_FWLib\src\stm32f10x_dbgmcu.c 0x00000000   Number         0  stm32f10x_dbgmcu.o ABSOLUTE
    ..\STM32F10x_FWLib\src\stm32f10x_dma.c   0x00000000   Number         0  stm32f10x_dma.o ABSOLUTE
    ..\STM32F10x_FWLib\src\stm32f10x_exti.c  0x00000000   Number         0  stm32f10x_exti.o ABSOLUTE
    ..\STM32F10x_FWLib\src\stm32f10x_flash.c 0x00000000   Number         0  stm32f10x_flash.o ABSOLUTE
    ..\STM32F10x_FWLib\src\stm32f10x_fsmc.c  0x00000000   Number         0  stm32f10x_fsmc.o ABSOLUTE
    ..\STM32F10x_FWLib\src\stm32f10x_gpio.c  0x00000000   Number         0  stm32f10x_gpio.o ABSOLUTE
    ..\STM32F10x_FWLib\src\stm32f10x_i2c.c   0x00000000   Number         0  stm32f10x_i2c.o ABSOLUTE
    ..\STM32F10x_FWLib\src\stm32f10x_iwdg.c  0x00000000   Number         0  stm32f10x_iwdg.o ABSOLUTE
    ..\STM32F10x_FWLib\src\stm32f10x_pwr.c   0x00000000   Number         0  stm32f10x_pwr.o ABSOLUTE
    ..\STM32F10x_FWLib\src\stm32f10x_rcc.c   0x00000000   Number         0  stm32f10x_rcc.o ABSOLUTE
    ..\STM32F10x_FWLib\src\stm32f10x_rtc.c   0x00000000   Number         0  stm32f10x_rtc.o ABSOLUTE
    ..\STM32F10x_FWLib\src\stm32f10x_sdio.c  0x00000000   Number         0  stm32f10x_sdio.o ABSOLUTE
    ..\STM32F10x_FWLib\src\stm32f10x_spi.c   0x00000000   Number         0  stm32f10x_spi.o ABSOLUTE
    ..\STM32F10x_FWLib\src\stm32f10x_tim.c   0x00000000   Number         0  stm32f10x_tim.o ABSOLUTE
    ..\STM32F10x_FWLib\src\stm32f10x_usart.c 0x00000000   Number         0  stm32f10x_usart.o ABSOLUTE
    ..\STM32F10x_FWLib\src\stm32f10x_wwdg.c  0x00000000   Number         0  stm32f10x_wwdg.o ABSOLUTE
    ..\SYSTEM\delay\delay.c                  0x00000000   Number         0  delay.o ABSOLUTE
    ..\SYSTEM\sys\sys.c                      0x00000000   Number         0  sys.o ABSOLUTE
    ..\\CORE\\core_cm3.c                     0x00000000   Number         0  core_cm3.o ABSOLUTE
    ..\ucgui\GUI\ConvertColor\LCDPM565.c     0x00000000   Number         0  lcdpm565.o ABSOLUTE
    ..\ucgui\GUI\Core\GUI2DLib.c             0x00000000   Number         0  gui2dlib.o ABSOLUTE
    ..\ucgui\GUI\Core\GUIArc.c               0x00000000   Number         0  guiarc.o ABSOLUTE
    ..\ucgui\GUI\Core\GUIChar.c              0x00000000   Number         0  guichar.o ABSOLUTE
    ..\ucgui\GUI\Core\GUICharLine.c          0x00000000   Number         0  guicharline.o ABSOLUTE
    ..\ucgui\GUI\Core\GUICharP.c             0x00000000   Number         0  guicharp.o ABSOLUTE
    ..\ucgui\GUI\Core\GUICirc.c              0x00000000   Number         0  guicirc.o ABSOLUTE
    ..\ucgui\GUI\Core\GUICore.c              0x00000000   Number         0  guicore.o ABSOLUTE
    ..\ucgui\GUI\Core\GUIEncJS.c             0x00000000   Number         0  guiencjs.o ABSOLUTE
    ..\ucgui\GUI\Core\GUI_DispChar.c         0x00000000   Number         0  gui_dispchar.o ABSOLUTE
    ..\ucgui\GUI\Core\GUI_DispString.c       0x00000000   Number         0  gui_dispstring.o ABSOLUTE
    ..\ucgui\GUI\Core\GUI_DispStringAt.c     0x00000000   Number         0  gui_dispstringat.o ABSOLUTE
    ..\ucgui\GUI\Core\GUI_DrawBitmap.c       0x00000000   Number         0  gui_drawbitmap.o ABSOLUTE
    ..\ucgui\GUI\Core\GUI_DrawHLine.c        0x00000000   Number         0  gui_drawhline.o ABSOLUTE
    ..\ucgui\GUI\Core\GUI_DrawLine.c         0x00000000   Number         0  gui_drawline.o ABSOLUTE
    ..\ucgui\GUI\Core\GUI_DrawPoint.c        0x00000000   Number         0  gui_drawpoint.o ABSOLUTE
    ..\ucgui\GUI\Core\GUI_FillPolygon.c      0x00000000   Number         0  gui_fillpolygon.o ABSOLUTE
    ..\ucgui\GUI\Core\GUI_GetColor.c         0x00000000   Number         0  gui_getcolor.o ABSOLUTE
    ..\ucgui\GUI\Core\GUI_Goto.c             0x00000000   Number         0  gui_goto.o ABSOLUTE
    ..\ucgui\GUI\Core\GUI_Pen.c              0x00000000   Number         0  gui_pen.o ABSOLUTE
    ..\ucgui\GUI\Core\GUI_RectsIntersect.c   0x00000000   Number         0  gui_rectsintersect.o ABSOLUTE
    ..\ucgui\GUI\Core\GUI_SetColor.c         0x00000000   Number         0  gui_setcolor.o ABSOLUTE
    ..\ucgui\GUI\Core\GUI_SetColorIndex.c    0x00000000   Number         0  gui_setcolorindex.o ABSOLUTE
    ..\ucgui\GUI\Core\GUI_SetDrawMode.c      0x00000000   Number         0  gui_setdrawmode.o ABSOLUTE
    ..\ucgui\GUI\Core\GUI_SetFont.c          0x00000000   Number         0  gui_setfont.o ABSOLUTE
    ..\ucgui\GUI\Core\GUI_UC.c               0x00000000   Number         0  gui_uc.o ABSOLUTE
    ..\ucgui\GUI\Core\GUI_UC_EncodeNone.c    0x00000000   Number         0  gui_uc_encodenone.o ABSOLUTE
    ..\ucgui\GUI\Core\LCD.c                  0x00000000   Number         0  lcd_1.o ABSOLUTE
    ..\ucgui\GUI\Core\LCDColor.c             0x00000000   Number         0  lcdcolor.o ABSOLUTE
    ..\ucgui\GUI\Core\LCDPM565_Index2Color.c 0x00000000   Number         0  lcdpm565_index2color.o ABSOLUTE
    ..\ucgui\GUI\Core\LCD_DrawBitmap_M565.c  0x00000000   Number         0  lcd_drawbitmap_m565.o ABSOLUTE
    ..\ucgui\GUI\Core\LCD_DrawVLine.c        0x00000000   Number         0  lcd_drawvline.o ABSOLUTE
    ..\ucgui\GUI\Core\LCD_GetColorIndex.c    0x00000000   Number         0  lcd_getcolorindex.o ABSOLUTE
    ..\ucgui\GUI\Core\LCD_GetEx.c            0x00000000   Number         0  lcd_getex.o ABSOLUTE
    ..\ucgui\GUI\Core\LCD_L0_Generic.c       0x00000000   Number         0  lcd_l0_generic.o ABSOLUTE
    ..\ucgui\GUI\Font\F08_ASCII.c            0x00000000   Number         0  f08_ascii.o ABSOLUTE
    ..\ucgui\GUI\Font\F13_1.c                0x00000000   Number         0  f13_1.o ABSOLUTE
    ..\ucgui\GUI\Font\F13_ASCII.c            0x00000000   Number         0  f13_ascii.o ABSOLUTE
    ..\ucgui\GUI\Font\F32_ASCII.c            0x00000000   Number         0  f32_ascii.o ABSOLUTE
    ..\ucgui\GUI\Font\FTest.c                0x00000000   Number         0  ftest.o ABSOLUTE
    ..\ucgui\GUI\LCDDriver\LCDDummy.c        0x00000000   Number         0  lcddummy.o ABSOLUTE
    dc.s                                     0x00000000   Number         0  dc.o ABSOLUTE
    main.c                                   0x00000000   Number         0  main.o ABSOLUTE
    stm32f10x_it.c                           0x00000000   Number         0  stm32f10x_it.o ABSOLUTE
    system_stm32f10x.c                       0x00000000   Number         0  system_stm32f10x.o ABSOLUTE
    RESET                                    0x08000000   Section      236  startup_stm32f10x_md.o(RESET)
    !!!main                                  0x080000ec   Section        8  __main.o(!!!main)
    !!!scatter                               0x080000f4   Section       52  __scatter.o(!!!scatter)
    !!handler_copy                           0x08000128   Section       26  __scatter_copy.o(!!handler_copy)
    !!handler_zi                             0x08000144   Section       28  __scatter_zi.o(!!handler_zi)
    .ARM.Collect$$libinit$$00000000          0x08000160   Section        2  libinit.o(.ARM.Collect$$libinit$$00000000)
    .ARM.Collect$$libinit$$00000002          0x08000162   Section        0  libinit2.o(.ARM.Collect$$libinit$$00000002)
    .ARM.Collect$$libinit$$00000004          0x08000162   Section        0  libinit2.o(.ARM.Collect$$libinit$$00000004)
    .ARM.Collect$$libinit$$0000000A          0x08000162   Section        0  libinit2.o(.ARM.Collect$$libinit$$0000000A)
    .ARM.Collect$$libinit$$0000000C          0x08000162   Section        0  libinit2.o(.ARM.Collect$$libinit$$0000000C)
    .ARM.Collect$$libinit$$0000000E          0x08000162   Section        0  libinit2.o(.ARM.Collect$$libinit$$0000000E)
    .ARM.Collect$$libinit$$00000011          0x08000162   Section        0  libinit2.o(.ARM.Collect$$libinit$$00000011)
    .ARM.Collect$$libinit$$00000013          0x08000162   Section        0  libinit2.o(.ARM.Collect$$libinit$$00000013)
    .ARM.Collect$$libinit$$00000015          0x08000162   Section        0  libinit2.o(.ARM.Collect$$libinit$$00000015)
    .ARM.Collect$$libinit$$00000017          0x08000162   Section        0  libinit2.o(.ARM.Collect$$libinit$$00000017)
    .ARM.Collect$$libinit$$00000019          0x08000162   Section        0  libinit2.o(.ARM.Collect$$libinit$$00000019)
    .ARM.Collect$$libinit$$0000001B          0x08000162   Section        0  libinit2.o(.ARM.Collect$$libinit$$0000001B)
    .ARM.Collect$$libinit$$0000001D          0x08000162   Section        0  libinit2.o(.ARM.Collect$$libinit$$0000001D)
    .ARM.Collect$$libinit$$0000001F          0x08000162   Section        0  libinit2.o(.ARM.Collect$$libinit$$0000001F)
    .ARM.Collect$$libinit$$00000021          0x08000162   Section        0  libinit2.o(.ARM.Collect$$libinit$$00000021)
    .ARM.Collect$$libinit$$00000023          0x08000162   Section        0  libinit2.o(.ARM.Collect$$libinit$$00000023)
    .ARM.Collect$$libinit$$00000025          0x08000162   Section        0  libinit2.o(.ARM.Collect$$libinit$$00000025)
    .ARM.Collect$$libinit$$0000002C          0x08000162   Section        0  libinit2.o(.ARM.Collect$$libinit$$0000002C)
    .ARM.Collect$$libinit$$0000002E          0x08000162   Section        0  libinit2.o(.ARM.Collect$$libinit$$0000002E)
    .ARM.Collect$$libinit$$00000030          0x08000162   Section        0  libinit2.o(.ARM.Collect$$libinit$$00000030)
    .ARM.Collect$$libinit$$00000032          0x08000162   Section        0  libinit2.o(.ARM.Collect$$libinit$$00000032)
    .ARM.Collect$$libinit$$00000033          0x08000162   Section        2  libinit2.o(.ARM.Collect$$libinit$$00000033)
    .ARM.Collect$$libshutdown$$00000000      0x08000164   Section        2  libshutdown.o(.ARM.Collect$$libshutdown$$00000000)
    .ARM.Collect$$libshutdown$$00000002      0x08000166   Section        0  libshutdown2.o(.ARM.Collect$$libshutdown$$00000002)
    .ARM.Collect$$libshutdown$$00000004      0x08000166   Section        0  libshutdown2.o(.ARM.Collect$$libshutdown$$00000004)
    .ARM.Collect$$libshutdown$$00000007      0x08000166   Section        0  libshutdown2.o(.ARM.Collect$$libshutdown$$00000007)
    .ARM.Collect$$libshutdown$$0000000A      0x08000166   Section        0  libshutdown2.o(.ARM.Collect$$libshutdown$$0000000A)
    .ARM.Collect$$libshutdown$$0000000C      0x08000166   Section        0  libshutdown2.o(.ARM.Collect$$libshutdown$$0000000C)
    .ARM.Collect$$libshutdown$$0000000F      0x08000166   Section        0  libshutdown2.o(.ARM.Collect$$libshutdown$$0000000F)
    .ARM.Collect$$libshutdown$$00000010      0x08000166   Section        2  libshutdown2.o(.ARM.Collect$$libshutdown$$00000010)
    .ARM.Collect$$rtentry$$00000000          0x08000168   Section        0  __rtentry.o(.ARM.Collect$$rtentry$$00000000)
    .ARM.Collect$$rtentry$$00000002          0x08000168   Section        0  __rtentry2.o(.ARM.Collect$$rtentry$$00000002)
    .ARM.Collect$$rtentry$$00000004          0x08000168   Section        6  __rtentry4.o(.ARM.Collect$$rtentry$$00000004)
    .ARM.Collect$$rtentry$$00000009          0x0800016e   Section        0  __rtentry2.o(.ARM.Collect$$rtentry$$00000009)
    .ARM.Collect$$rtentry$$0000000A          0x0800016e   Section        4  __rtentry2.o(.ARM.Collect$$rtentry$$0000000A)
    .ARM.Collect$$rtentry$$0000000C          0x08000172   Section        0  __rtentry2.o(.ARM.Collect$$rtentry$$0000000C)
    .ARM.Collect$$rtentry$$0000000D          0x08000172   Section        8  __rtentry2.o(.ARM.Collect$$rtentry$$0000000D)
    .ARM.Collect$$rtexit$$00000000           0x0800017a   Section        2  rtexit.o(.ARM.Collect$$rtexit$$00000000)
    .ARM.Collect$$rtexit$$00000002           0x0800017c   Section        0  rtexit2.o(.ARM.Collect$$rtexit$$00000002)
    .ARM.Collect$$rtexit$$00000003           0x0800017c   Section        4  rtexit2.o(.ARM.Collect$$rtexit$$00000003)
    .ARM.Collect$$rtexit$$00000004           0x08000180   Section        6  rtexit2.o(.ARM.Collect$$rtexit$$00000004)
    .text                                    0x08000188   Section       64  startup_stm32f10x_md.o(.text)
    .text                                    0x080001c8   Section        2  use_no_semi_2.o(.text)
    .text                                    0x080001ca   Section        0  heapauxi.o(.text)
    .text                                    0x080001d0   Section        2  use_no_semi.o(.text)
    .text                                    0x080001d4   Section        8  libspace.o(.text)
    .text                                    0x080001dc   Section       74  sys_stackheap_outer.o(.text)
    .text                                    0x08000226   Section        0  exit.o(.text)
    i.BusFault_Handler                       0x08000238   Section        0  stm32f10x_it.o(i.BusFault_Handler)
    i.DB2SJIS                                0x0800023c   Section        0  guiencjs.o(i.DB2SJIS)
    DB2SJIS                                  0x0800023d   Thumb Code     8  guiencjs.o(i.DB2SJIS)
    i.DebugMon_Handler                       0x08000244   Section        0  stm32f10x_it.o(i.DebugMon_Handler)
    i.DrawBitLine16BPP                       0x08000248   Section        0  lcddummy.o(i.DrawBitLine16BPP)
    DrawBitLine16BPP                         0x08000249   Thumb Code   150  lcddummy.o(i.DrawBitLine16BPP)
    i.GL_DispChar                            0x080002e4   Section        0  guichar.o(i.GL_DispChar)
    i.GPIO_Init                              0x08000318   Section        0  stm32f10x_gpio.o(i.GPIO_Init)
    i.GPIO_PinRemapConfig                    0x08000430   Section        0  stm32f10x_gpio.o(i.GPIO_PinRemapConfig)
    i.GPIO_ResetBits                         0x080004c0   Section        0  stm32f10x_gpio.o(i.GPIO_ResetBits)
    i.GPIO_SetBits                           0x080004c4   Section        0  stm32f10x_gpio.o(i.GPIO_SetBits)
    i.GUIPROP_DispChar                       0x080004c8   Section        0  guicharp.o(i.GUIPROP_DispChar)
    i.GUIPROP_FindChar                       0x080005e0   Section        0  guicharp.o(i.GUIPROP_FindChar)
    GUIPROP_FindChar                         0x080005e1   Thumb Code    26  guicharp.o(i.GUIPROP_FindChar)
    i.GUIPROP_GetCharDistX                   0x080005fc   Section        0  guicharp.o(i.GUIPROP_GetCharDistX)
    i.GUIPROP_GetFontInfo                    0x0800062c   Section        0  guicharp.o(i.GUIPROP_GetFontInfo)
    i.GUIPROP_IsInFont                       0x08000634   Section        0  guicharp.o(i.GUIPROP_IsInFont)
    i.GUI_Clear                              0x0800064e   Section        0  guicore.o(i.GUI_Clear)
    i.GUI_ClearRect                          0x08000668   Section        0  guicore.o(i.GUI_ClearRect)
    i.GUI_DispNextLine                       0x08000694   Section        0  guichar.o(i.GUI_DispNextLine)
    i.GUI_DispString                         0x080006b4   Section        0  gui_dispstring.o(i.GUI_DispString)
    i.GUI_DispStringAt                       0x080007f8   Section        0  gui_dispstringat.o(i.GUI_DispStringAt)
    i.GUI_GetBkColor                         0x08000818   Section        0  gui_getcolor.o(i.GUI_GetBkColor)
    i.GUI_GetCharDistX                       0x0800082c   Section        0  guichar.o(i.GUI_GetCharDistX)
    i.GUI_GetColor                           0x08000844   Section        0  gui_getcolor.o(i.GUI_GetColor)
    i.GUI_GetFontDistY                       0x08000858   Section        0  guichar.o(i.GUI_GetFontDistY)
    i.GUI_GetYAdjust                         0x08000870   Section        0  guichar.o(i.GUI_GetYAdjust)
    i.GUI_GotoXY                             0x080008b8   Section        0  gui_goto.o(i.GUI_GotoXY)
    i.GUI_Init                               0x080008d4   Section        0  guicore.o(i.GUI_Init)
    i.GUI_RectsIntersect                     0x080008f4   Section        0  gui_rectsintersect.o(i.GUI_RectsIntersect)
    i.GUI_SetBkColor                         0x0800092e   Section        0  gui_setcolor.o(i.GUI_SetBkColor)
    i.GUI_SetColor                           0x0800093a   Section        0  gui_setcolor.o(i.GUI_SetColor)
    i.GUI_SetDrawMode                        0x08000946   Section        0  gui_setdrawmode.o(i.GUI_SetDrawMode)
    i.GUI_SetFont                            0x08000958   Section        0  gui_setfont.o(i.GUI_SetFont)
    i.GUI_SetPenSize                         0x08000968   Section        0  gui_pen.o(i.GUI_SetPenSize)
    i.GUI_UC__GetCharCodeInc                 0x08000978   Section        0  gui_uc.o(i.GUI_UC__GetCharCodeInc)
    i.GUI_UC__NumChars2NumBytes              0x080009a0   Section        0  gui_uc.o(i.GUI_UC__NumChars2NumBytes)
    i.GUI__DispLine                          0x080009d0   Section        0  guicharline.o(i.GUI__DispLine)
    i.GUI__GetLineDistX                      0x08000a14   Section        0  guicharline.o(i.GUI__GetLineDistX)
    i.GUI__GetLineNumChars                   0x08000a58   Section        0  guicharline.o(i.GUI__GetLineNumChars)
    i.HardFault_Handler                      0x08000a9c   Section        0  stm32f10x_it.o(i.HardFault_Handler)
    i.LCD_Address_Set                        0x08000aa0   Section        0  lcd_init.o(i.LCD_Address_Set)
    i.LCD_Color2Index                        0x08000ada   Section        0  lcd_1.o(i.LCD_Color2Index)
    i.LCD_Color2Index_M565                   0x08000ae6   Section        0  lcdpm565.o(i.LCD_Color2Index_M565)
    i.LCD_DrawBitmap                         0x08000afc   Section        0  lcd_1.o(i.LCD_DrawBitmap)
    i.LCD_DrawPoint                          0x08000d30   Section        0  lcd.o(i.LCD_DrawPoint)
    i.LCD_Fill                               0x08000d4c   Section        0  lcd.o(i.LCD_Fill)
    i.LCD_FillRect                           0x08000d98   Section        0  lcd_1.o(i.LCD_FillRect)
    i.LCD_GPIO_Init                          0x08000e08   Section        0  lcd_init.o(i.LCD_GPIO_Init)
    i.LCD_GetBkColorIndex                    0x08000e3c   Section        0  lcd_getcolorindex.o(i.LCD_GetBkColorIndex)
    i.LCD_GetColorIndex                      0x08000e48   Section        0  lcd_getcolorindex.o(i.LCD_GetColorIndex)
    i.LCD_Index2Color                        0x08000e54   Section        0  lcd_1.o(i.LCD_Index2Color)
    i.LCD_Init                               0x08000e58   Section        0  lcd_1.o(i.LCD_Init)
    i.LCD_InitLUT                            0x08000e72   Section        0  lcdcolor.o(i.LCD_InitLUT)
    i.LCD_Init_Op                            0x08000e74   Section        0  lcd_init.o(i.LCD_Init_Op)
    i.LCD_L0_Color2Index                     0x0800130c   Section        0  lcd_l0_generic.o(i.LCD_L0_Color2Index)
    i.LCD_L0_DrawBitmap                      0x0800131c   Section        0  lcddummy.o(i.LCD_L0_DrawBitmap)
    i.LCD_L0_FillRect                        0x080013c0   Section        0  lcddummy.o(i.LCD_L0_FillRect)
    i.LCD_L0_GetPixelIndex                   0x080013f0   Section        0  lcddummy.o(i.LCD_L0_GetPixelIndex)
    i.LCD_L0_GetRect                         0x080013f6   Section        0  lcd_l0_generic.o(i.LCD_L0_GetRect)
    i.LCD_L0_Init                            0x08001404   Section        0  lcddummy.o(i.LCD_L0_Init)
    i.LCD_L0_On                              0x08001408   Section        0  lcddummy.o(i.LCD_L0_On)
    i.LCD_L0_SetPixelIndex                   0x0800140a   Section        0  lcddummy.o(i.LCD_L0_SetPixelIndex)
    i.LCD_SetBkColor                         0x08001420   Section        0  lcd_1.o(i.LCD_SetBkColor)
    i.LCD_SetBkColorIndex                    0x08001444   Section        0  lcd_1.o(i.LCD_SetBkColorIndex)
    i.LCD_SetClipRectMax                     0x0800145c   Section        0  lcd_1.o(i.LCD_SetClipRectMax)
    i.LCD_SetColor                           0x0800146c   Section        0  lcd_1.o(i.LCD_SetColor)
    i.LCD_SetColorIndex                      0x08001490   Section        0  lcd_1.o(i.LCD_SetColorIndex)
    i.LCD_SetDrawMode                        0x080014a8   Section        0  lcd_1.o(i.LCD_SetDrawMode)
    i.LCD_WR_DATA                            0x080014d4   Section        0  lcd_init.o(i.LCD_WR_DATA)
    i.LCD_WR_DATA8                           0x080014e6   Section        0  lcd_init.o(i.LCD_WR_DATA8)
    i.LCD_WR_REG                             0x080014f4   Section        0  lcd_init.o(i.LCD_WR_REG)
    i.LCD_Writ_Bus                           0x08001514   Section        0  lcd_init.o(i.LCD_Writ_Bus)
    i.LED_Init                               0x08001550   Section        0  led.o(i.LED_Init)
    i.MemManage_Handler                      0x08001594   Section        0  stm32f10x_it.o(i.MemManage_Handler)
    i.NMI_Handler                            0x08001598   Section        0  stm32f10x_it.o(i.NMI_Handler)
    i.PendSV_Handler                         0x0800159a   Section        0  stm32f10x_it.o(i.PendSV_Handler)
    i.RCC_APB1PeriphClockCmd                 0x0800159c   Section        0  stm32f10x_rcc.o(i.RCC_APB1PeriphClockCmd)
    i.RCC_APB2PeriphClockCmd                 0x080015bc   Section        0  stm32f10x_rcc.o(i.RCC_APB2PeriphClockCmd)
    i.RCC_GetClocksFreq                      0x080015dc   Section        0  stm32f10x_rcc.o(i.RCC_GetClocksFreq)
    i.SPI1_Init                              0x080016b0   Section        0  lcd_init.o(i.SPI1_Init)
    i.SPI_Cmd                                0x0800173c   Section        0  stm32f10x_spi.o(i.SPI_Cmd)
    i.SPI_FLASH_Init                         0x08001754   Section        0  w25qxx.o(i.SPI_FLASH_Init)
    i.SPI_I2S_GetFlagStatus                  0x08001818   Section        0  stm32f10x_spi.o(i.SPI_I2S_GetFlagStatus)
    i.SPI_I2S_SendData                       0x0800182a   Section        0  stm32f10x_spi.o(i.SPI_I2S_SendData)
    i.SPI_Init                               0x0800182e   Section        0  stm32f10x_spi.o(i.SPI_Init)
    i.SVC_Handler                            0x0800186a   Section        0  stm32f10x_it.o(i.SVC_Handler)
    i.SetSysClock                            0x0800186c   Section        0  system_stm32f10x.o(i.SetSysClock)
    SetSysClock                              0x0800186d   Thumb Code     8  system_stm32f10x.o(i.SetSysClock)
    i.SetSysClockTo72                        0x08001874   Section        0  system_stm32f10x.o(i.SetSysClockTo72)
    SetSysClockTo72                          0x08001875   Thumb Code   214  system_stm32f10x.o(i.SetSysClockTo72)
    i.SysTick_CLKSourceConfig                0x08001954   Section        0  misc.o(i.SysTick_CLKSourceConfig)
    i.SysTick_Handler                        0x0800197c   Section        0  stm32f10x_it.o(i.SysTick_Handler)
    i.SystemInit                             0x08001980   Section        0  system_stm32f10x.o(i.SystemInit)
    i.USART1_IRQHandler                      0x080019e0   Section        0  usart_1.o(i.USART1_IRQHandler)
    i.USART_Cmd                              0x08001a50   Section        0  stm32f10x_usart.o(i.USART_Cmd)
    i.USART_GetITStatus                      0x08001a68   Section        0  stm32f10x_usart.o(i.USART_GetITStatus)
    i.USART_ITConfig                         0x08001abc   Section        0  stm32f10x_usart.o(i.USART_ITConfig)
    i.USART_Init                             0x08001b08   Section        0  stm32f10x_usart.o(i.USART_Init)
    i.USART_ReceiveData                      0x08001be0   Section        0  stm32f10x_usart.o(i.USART_ReceiveData)
    i.UsageFault_Handler                     0x08001bea   Section        0  stm32f10x_it.o(i.UsageFault_Handler)
    i.Usart1_Init                            0x08001bf0   Section        0  usart_1.o(i.Usart1_Init)
    i.UserPixelSetFunction                   0x08001c94   Section        0  lcddummy.o(i.UserPixelSetFunction)
    UserPixelSetFunction                     0x08001c95   Thumb Code    20  lcddummy.o(i.UserPixelSetFunction)
    i._CalcSizeOfChar                        0x08001ca8   Section        0  gui_uc_encodenone.o(i._CalcSizeOfChar)
    _CalcSizeOfChar                          0x08001ca9   Thumb Code     8  gui_uc_encodenone.o(i._CalcSizeOfChar)
    i._DispLine                              0x08001cb0   Section        0  guicharline.o(i._DispLine)
    _DispLine                                0x08001cb1   Thumb Code    96  guicharline.o(i._DispLine)
    i._DispLine_SJIS                         0x08001d18   Section        0  guiencjs.o(i._DispLine_SJIS)
    _DispLine_SJIS                           0x08001d19   Thumb Code    56  guiencjs.o(i._DispLine_SJIS)
    i._DrawBitLine1BPP                       0x08001d50   Section        0  lcddummy.o(i._DrawBitLine1BPP)
    _DrawBitLine1BPP                         0x08001d51   Thumb Code   210  lcddummy.o(i._DrawBitLine1BPP)
    i._DrawBitLine2BPP                       0x08001e28   Section        0  lcddummy.o(i._DrawBitLine2BPP)
    _DrawBitLine2BPP                         0x08001e29   Thumb Code   354  lcddummy.o(i._DrawBitLine2BPP)
    i._DrawBitLine4BPP                       0x08001f90   Section        0  lcddummy.o(i._DrawBitLine4BPP)
    _DrawBitLine4BPP                         0x08001f91   Thumb Code   354  lcddummy.o(i._DrawBitLine4BPP)
    i._DrawBitLine8BPP                       0x080020f8   Section        0  lcddummy.o(i._DrawBitLine8BPP)
    _DrawBitLine8BPP                         0x080020f9   Thumb Code   160  lcddummy.o(i._DrawBitLine8BPP)
    i._Encode                                0x0800219c   Section        0  gui_uc_encodenone.o(i._Encode)
    _Encode                                  0x0800219d   Thumb Code     8  gui_uc_encodenone.o(i._Encode)
    i._GetCharCode                           0x080021a4   Section        0  gui_uc_encodenone.o(i._GetCharCode)
    _GetCharCode                             0x080021a5   Thumb Code     6  gui_uc_encodenone.o(i._GetCharCode)
    i._GetCharSize                           0x080021aa   Section        0  gui_uc_encodenone.o(i._GetCharSize)
    _GetCharSize                             0x080021ab   Thumb Code     8  gui_uc_encodenone.o(i._GetCharSize)
    i._GetColorIndex                         0x080021b4   Section        0  lcd_1.o(i._GetColorIndex)
    _GetColorIndex                           0x080021b5   Thumb Code    20  lcd_1.o(i._GetColorIndex)
    i._GetLineDistX_SJIS                     0x080021cc   Section        0  guiencjs.o(i._GetLineDistX_SJIS)
    _GetLineDistX_SJIS                       0x080021cd   Thumb Code    70  guiencjs.o(i._GetLineDistX_SJIS)
    i._GetLineLen_SJIS                       0x08002212   Section        0  guiencjs.o(i._GetLineLen_SJIS)
    _GetLineLen_SJIS                         0x08002213   Thumb Code    42  guiencjs.o(i._GetLineLen_SJIS)
    i._GotoX                                 0x0800223c   Section        0  gui_goto.o(i._GotoX)
    _GotoX                                   0x0800223d   Thumb Code    12  gui_goto.o(i._GotoX)
    i._GotoY                                 0x0800224c   Section        0  gui_goto.o(i._GotoY)
    _GotoY                                   0x0800224d   Thumb Code    12  gui_goto.o(i._GotoY)
    i._InitContext                           0x0800225c   Section        0  guicore.o(i._InitContext)
    _InitContext                             0x0800225d   Thumb Code    52  guicore.o(i._InitContext)
    i._sys_exit                              0x08002298   Section        0  usart_1.o(i._sys_exit)
    i._ucgui                                 0x0800229c   Section        0  main.o(i._ucgui)
    _ucgui                                   0x0800229d   Thumb Code    62  main.o(i._ucgui)
    i.delay                                  0x080022e8   Section        0  lcd_init.o(i.delay)
    i.delay_init                             0x080022f4   Section        0  delay.o(i.delay_init)
    i.delay_ms                               0x08002338   Section        0  delay.o(i.delay_ms)
    i.main                                   0x08002384   Section        0  main.o(i.main)
    .constdata                               0x080023f0   Section       16  gui_uc_encodenone.o(.constdata)
    .constdata                               0x08002400   Section       12  guiencjs.o(.constdata)
    .constdata                               0x0800240c   Section     1420  ftest.o(.constdata)
    ac0031                                   0x0800240c   Data         240  ftest.o(.constdata)
    ac0032                                   0x080024fc   Data         240  ftest.o(.constdata)
    acB5A4                                   0x080025ec   Data         420  ftest.o(.constdata)
    acCED2                                   0x08002790   Data         420  ftest.o(.constdata)
    Cinfo                                    0x08002934   Data          32  ftest.o(.constdata)
    Prop3                                    0x08002954   Data          12  ftest.o(.constdata)
    Prop2                                    0x08002960   Data          12  ftest.o(.constdata)
    Prop1                                    0x0800296c   Data          12  ftest.o(.constdata)
    .data                                    0x20000000   Section       20  system_stm32f10x.o(.data)
    .data                                    0x20000014   Section       20  stm32f10x_rcc.o(.data)
    APBAHBPrescTable                         0x20000014   Data          16  stm32f10x_rcc.o(.data)
    ADCPrescTable                            0x20000024   Data           4  stm32f10x_rcc.o(.data)
    .data                                    0x20000028   Section        4  delay.o(.data)
    fac_us                                   0x20000028   Data           1  delay.o(.data)
    fac_ms                                   0x2000002a   Data           2  delay.o(.data)
    .data                                    0x2000002c   Section       28  guicore.o(.data)
    .bss                                     0x20000048   Section      260  usart_1.o(.bss)
    .bss                                     0x2000014c   Section       52  guicore.o(.bss)
    .bss                                     0x20000180   Section       96  libspace.o(.bss)
    HEAP                                     0x200001e0   Section      512  startup_stm32f10x_md.o(HEAP)
    Heap_Mem                                 0x200001e0   Data         512  startup_stm32f10x_md.o(HEAP)
    STACK                                    0x200003e0   Section     1024  startup_stm32f10x_md.o(STACK)
    Stack_Mem                                0x200003e0   Data        1024  startup_stm32f10x_md.o(STACK)
    __initial_sp                             0x200007e0   Data           0  startup_stm32f10x_md.o(STACK)

    Global Symbols

    Symbol Name                              Value     Ov Type        Size  Object(Section)

    BuildAttributes$$THM_ISAv4$P$D$K$B$S$PE$A:L22UL41UL21$X:L11$S22US41US21$IEEE1$IW$USESV6$~STKCKD$USESV7$~SHL$OTIME$ROPI$IEEEX$EBA8$UX$STANDARDLIB$REQ8$PRES8$EABIv2 0x00000000   Number         0  anon$$obj.o ABSOLUTE
    __ARM_use_no_argv                        0x00000000   Number         0  main.o ABSOLUTE
    __ARM_exceptions_init                     - Undefined Weak Reference
    __alloca_initialize                       - Undefined Weak Reference
    __arm_preinit_                            - Undefined Weak Reference
    __cpp_initialize__aeabi_                  - Undefined Weak Reference
    __cxa_finalize                            - Undefined Weak Reference
    __rt_locale                               - Undefined Weak Reference
    __sigvec_lookup                           - Undefined Weak Reference
    __user_heap_extent                        - Undefined Weak Reference
    _atexit_init                              - Undefined Weak Reference
    _call_atexit_fns                          - Undefined Weak Reference
    _clock_init                               - Undefined Weak Reference
    _fp_trap_init                             - Undefined Weak Reference
    _fp_trap_shutdown                         - Undefined Weak Reference
    _get_lc_collate                           - Undefined Weak Reference
    _get_lc_ctype                             - Undefined Weak Reference
    _get_lc_monetary                          - Undefined Weak Reference
    _get_lc_numeric                           - Undefined Weak Reference
    _get_lc_time                              - Undefined Weak Reference
    _getenv_init                              - Undefined Weak Reference
    _handle_redirection                       - Undefined Weak Reference
    _initio                                   - Undefined Weak Reference
    _mutex_acquire                            - Undefined Weak Reference
    _mutex_free                               - Undefined Weak Reference
    _mutex_release                            - Undefined Weak Reference
    _rand_init                                - Undefined Weak Reference
    _signal_finish                            - Undefined Weak Reference
    _signal_init                              - Undefined Weak Reference
    _terminateio                              - Undefined Weak Reference
    __Vectors_Size                           0x000000ec   Number         0  startup_stm32f10x_md.o ABSOLUTE
    __Vectors                                0x08000000   Data           4  startup_stm32f10x_md.o(RESET)
    __Vectors_End                            0x080000ec   Data           0  startup_stm32f10x_md.o(RESET)
    __main                                   0x080000ed   Thumb Code     8  __main.o(!!!main)
    __scatterload                            0x080000f5   Thumb Code     0  __scatter.o(!!!scatter)
    __scatterload_rt2                        0x080000f5   Thumb Code    44  __scatter.o(!!!scatter)
    __scatterload_rt2_thumb_only             0x080000f5   Thumb Code     0  __scatter.o(!!!scatter)
    __scatterload_null                       0x08000103   Thumb Code     0  __scatter.o(!!!scatter)
    __scatterload_copy                       0x08000129   Thumb Code    26  __scatter_copy.o(!!handler_copy)
    __scatterload_zeroinit                   0x08000145   Thumb Code    28  __scatter_zi.o(!!handler_zi)
    __rt_lib_init                            0x08000161   Thumb Code     0  libinit.o(.ARM.Collect$$libinit$$00000000)
    __rt_lib_init_alloca_1                   0x08000163   Thumb Code     0  libinit2.o(.ARM.Collect$$libinit$$0000002E)
    __rt_lib_init_argv_1                     0x08000163   Thumb Code     0  libinit2.o(.ARM.Collect$$libinit$$0000002C)
    __rt_lib_init_atexit_1                   0x08000163   Thumb Code     0  libinit2.o(.ARM.Collect$$libinit$$0000001B)
    __rt_lib_init_clock_1                    0x08000163   Thumb Code     0  libinit2.o(.ARM.Collect$$libinit$$00000021)
    __rt_lib_init_cpp_1                      0x08000163   Thumb Code     0  libinit2.o(.ARM.Collect$$libinit$$00000032)
    __rt_lib_init_exceptions_1               0x08000163   Thumb Code     0  libinit2.o(.ARM.Collect$$libinit$$00000030)
    __rt_lib_init_fp_1                       0x08000163   Thumb Code     0  libinit2.o(.ARM.Collect$$libinit$$00000002)
    __rt_lib_init_fp_trap_1                  0x08000163   Thumb Code     0  libinit2.o(.ARM.Collect$$libinit$$0000001F)
    __rt_lib_init_getenv_1                   0x08000163   Thumb Code     0  libinit2.o(.ARM.Collect$$libinit$$00000023)
    __rt_lib_init_heap_1                     0x08000163   Thumb Code     0  libinit2.o(.ARM.Collect$$libinit$$0000000A)
    __rt_lib_init_lc_collate_1               0x08000163   Thumb Code     0  libinit2.o(.ARM.Collect$$libinit$$00000011)
    __rt_lib_init_lc_ctype_1                 0x08000163   Thumb Code     0  libinit2.o(.ARM.Collect$$libinit$$00000013)
    __rt_lib_init_lc_monetary_1              0x08000163   Thumb Code     0  libinit2.o(.ARM.Collect$$libinit$$00000015)
    __rt_lib_init_lc_numeric_1               0x08000163   Thumb Code     0  libinit2.o(.ARM.Collect$$libinit$$00000017)
    __rt_lib_init_lc_time_1                  0x08000163   Thumb Code     0  libinit2.o(.ARM.Collect$$libinit$$00000019)
    __rt_lib_init_preinit_1                  0x08000163   Thumb Code     0  libinit2.o(.ARM.Collect$$libinit$$00000004)
    __rt_lib_init_rand_1                     0x08000163   Thumb Code     0  libinit2.o(.ARM.Collect$$libinit$$0000000E)
    __rt_lib_init_return                     0x08000163   Thumb Code     0  libinit2.o(.ARM.Collect$$libinit$$00000033)
    __rt_lib_init_signal_1                   0x08000163   Thumb Code     0  libinit2.o(.ARM.Collect$$libinit$$0000001D)
    __rt_lib_init_stdio_1                    0x08000163   Thumb Code     0  libinit2.o(.ARM.Collect$$libinit$$00000025)
    __rt_lib_init_user_alloc_1               0x08000163   Thumb Code     0  libinit2.o(.ARM.Collect$$libinit$$0000000C)
    __rt_lib_shutdown                        0x08000165   Thumb Code     0  libshutdown.o(.ARM.Collect$$libshutdown$$00000000)
    __rt_lib_shutdown_cpp_1                  0x08000167   Thumb Code     0  libshutdown2.o(.ARM.Collect$$libshutdown$$00000002)
    __rt_lib_shutdown_fp_trap_1              0x08000167   Thumb Code     0  libshutdown2.o(.ARM.Collect$$libshutdown$$00000007)
    __rt_lib_shutdown_heap_1                 0x08000167   Thumb Code     0  libshutdown2.o(.ARM.Collect$$libshutdown$$0000000F)
    __rt_lib_shutdown_return                 0x08000167   Thumb Code     0  libshutdown2.o(.ARM.Collect$$libshutdown$$00000010)
    __rt_lib_shutdown_signal_1               0x08000167   Thumb Code     0  libshutdown2.o(.ARM.Collect$$libshutdown$$0000000A)
    __rt_lib_shutdown_stdio_1                0x08000167   Thumb Code     0  libshutdown2.o(.ARM.Collect$$libshutdown$$00000004)
    __rt_lib_shutdown_user_alloc_1           0x08000167   Thumb Code     0  libshutdown2.o(.ARM.Collect$$libshutdown$$0000000C)
    __rt_entry                               0x08000169   Thumb Code     0  __rtentry.o(.ARM.Collect$$rtentry$$00000000)
    __rt_entry_presh_1                       0x08000169   Thumb Code     0  __rtentry2.o(.ARM.Collect$$rtentry$$00000002)
    __rt_entry_sh                            0x08000169   Thumb Code     0  __rtentry4.o(.ARM.Collect$$rtentry$$00000004)
    __rt_entry_li                            0x0800016f   Thumb Code     0  __rtentry2.o(.ARM.Collect$$rtentry$$0000000A)
    __rt_entry_postsh_1                      0x0800016f   Thumb Code     0  __rtentry2.o(.ARM.Collect$$rtentry$$00000009)
    __rt_entry_main                          0x08000173   Thumb Code     0  __rtentry2.o(.ARM.Collect$$rtentry$$0000000D)
    __rt_entry_postli_1                      0x08000173   Thumb Code     0  __rtentry2.o(.ARM.Collect$$rtentry$$0000000C)
    __rt_exit                                0x0800017b   Thumb Code     0  rtexit.o(.ARM.Collect$$rtexit$$00000000)
    __rt_exit_ls                             0x0800017d   Thumb Code     0  rtexit2.o(.ARM.Collect$$rtexit$$00000003)
    __rt_exit_prels_1                        0x0800017d   Thumb Code     0  rtexit2.o(.ARM.Collect$$rtexit$$00000002)
    __rt_exit_exit                           0x08000181   Thumb Code     0  rtexit2.o(.ARM.Collect$$rtexit$$00000004)
    Reset_Handler                            0x08000189   Thumb Code     8  startup_stm32f10x_md.o(.text)
    ADC1_2_IRQHandler                        0x080001a3   Thumb Code     0  startup_stm32f10x_md.o(.text)
    CAN1_RX1_IRQHandler                      0x080001a3   Thumb Code     0  startup_stm32f10x_md.o(.text)
    CAN1_SCE_IRQHandler                      0x080001a3   Thumb Code     0  startup_stm32f10x_md.o(.text)
    DMA1_Channel1_IRQHandler                 0x080001a3   Thumb Code     0  startup_stm32f10x_md.o(.text)
    DMA1_Channel2_IRQHandler                 0x080001a3   Thumb Code     0  startup_stm32f10x_md.o(.text)
    DMA1_Channel3_IRQHandler                 0x080001a3   Thumb Code     0  startup_stm32f10x_md.o(.text)
    DMA1_Channel4_IRQHandler                 0x080001a3   Thumb Code     0  startup_stm32f10x_md.o(.text)
    DMA1_Channel5_IRQHandler                 0x080001a3   Thumb Code     0  startup_stm32f10x_md.o(.text)
    DMA1_Channel6_IRQHandler                 0x080001a3   Thumb Code     0  startup_stm32f10x_md.o(.text)
    DMA1_Channel7_IRQHandler                 0x080001a3   Thumb Code     0  startup_stm32f10x_md.o(.text)
    EXTI0_IRQHandler                         0x080001a3   Thumb Code     0  startup_stm32f10x_md.o(.text)
    EXTI15_10_IRQHandler                     0x080001a3   Thumb Code     0  startup_stm32f10x_md.o(.text)
    EXTI1_IRQHandler                         0x080001a3   Thumb Code     0  startup_stm32f10x_md.o(.text)
    EXTI2_IRQHandler                         0x080001a3   Thumb Code     0  startup_stm32f10x_md.o(.text)
    EXTI3_IRQHandler                         0x080001a3   Thumb Code     0  startup_stm32f10x_md.o(.text)
    EXTI4_IRQHandler                         0x080001a3   Thumb Code     0  startup_stm32f10x_md.o(.text)
    EXTI9_5_IRQHandler                       0x080001a3   Thumb Code     0  startup_stm32f10x_md.o(.text)
    FLASH_IRQHandler                         0x080001a3   Thumb Code     0  startup_stm32f10x_md.o(.text)
    I2C1_ER_IRQHandler                       0x080001a3   Thumb Code     0  startup_stm32f10x_md.o(.text)
    I2C1_EV_IRQHandler                       0x080001a3   Thumb Code     0  startup_stm32f10x_md.o(.text)
    I2C2_ER_IRQHandler                       0x080001a3   Thumb Code     0  startup_stm32f10x_md.o(.text)
    I2C2_EV_IRQHandler                       0x080001a3   Thumb Code     0  startup_stm32f10x_md.o(.text)
    PVD_IRQHandler                           0x080001a3   Thumb Code     0  startup_stm32f10x_md.o(.text)
    RCC_IRQHandler                           0x080001a3   Thumb Code     0  startup_stm32f10x_md.o(.text)
    RTCAlarm_IRQHandler                      0x080001a3   Thumb Code     0  startup_stm32f10x_md.o(.text)
    RTC_IRQHandler                           0x080001a3   Thumb Code     0  startup_stm32f10x_md.o(.text)
    SPI1_IRQHandler                          0x080001a3   Thumb Code     0  startup_stm32f10x_md.o(.text)
    SPI2_IRQHandler                          0x080001a3   Thumb Code     0  startup_stm32f10x_md.o(.text)
    TAMPER_IRQHandler                        0x080001a3   Thumb Code     0  startup_stm32f10x_md.o(.text)
    TIM1_BRK_IRQHandler                      0x080001a3   Thumb Code     0  startup_stm32f10x_md.o(.text)
    TIM1_CC_IRQHandler                       0x080001a3   Thumb Code     0  startup_stm32f10x_md.o(.text)
    TIM1_TRG_COM_IRQHandler                  0x080001a3   Thumb Code     0  startup_stm32f10x_md.o(.text)
    TIM1_UP_IRQHandler                       0x080001a3   Thumb Code     0  startup_stm32f10x_md.o(.text)
    TIM2_IRQHandler                          0x080001a3   Thumb Code     0  startup_stm32f10x_md.o(.text)
    TIM3_IRQHandler                          0x080001a3   Thumb Code     0  startup_stm32f10x_md.o(.text)
    TIM4_IRQHandler                          0x080001a3   Thumb Code     0  startup_stm32f10x_md.o(.text)
    USART2_IRQHandler                        0x080001a3   Thumb Code     0  startup_stm32f10x_md.o(.text)
    USART3_IRQHandler                        0x080001a3   Thumb Code     0  startup_stm32f10x_md.o(.text)
    USBWakeUp_IRQHandler                     0x080001a3   Thumb Code     0  startup_stm32f10x_md.o(.text)
    USB_HP_CAN1_TX_IRQHandler                0x080001a3   Thumb Code     0  startup_stm32f10x_md.o(.text)
    USB_LP_CAN1_RX0_IRQHandler               0x080001a3   Thumb Code     0  startup_stm32f10x_md.o(.text)
    WWDG_IRQHandler                          0x080001a3   Thumb Code     0  startup_stm32f10x_md.o(.text)
    __user_initial_stackheap                 0x080001a5   Thumb Code     0  startup_stm32f10x_md.o(.text)
    __use_no_semihosting                     0x080001c9   Thumb Code     2  use_no_semi_2.o(.text)
    __use_two_region_memory                  0x080001cb   Thumb Code     2  heapauxi.o(.text)
    __rt_heap_escrow                         0x080001cd   Thumb Code     2  heapauxi.o(.text)
    __rt_heap_expand                         0x080001cf   Thumb Code     2  heapauxi.o(.text)
    __I$use$semihosting                      0x080001d1   Thumb Code     0  use_no_semi.o(.text)
    __use_no_semihosting_swi                 0x080001d1   Thumb Code     2  use_no_semi.o(.text)
    __user_libspace                          0x080001d5   Thumb Code     8  libspace.o(.text)
    __user_perproc_libspace                  0x080001d5   Thumb Code     0  libspace.o(.text)
    __user_perthread_libspace                0x080001d5   Thumb Code     0  libspace.o(.text)
    __user_setup_stackheap                   0x080001dd   Thumb Code    74  sys_stackheap_outer.o(.text)
    exit                                     0x08000227   Thumb Code    18  exit.o(.text)
    BusFault_Handler                         0x08000239   Thumb Code     4  stm32f10x_it.o(i.BusFault_Handler)
    DebugMon_Handler                         0x08000245   Thumb Code     2  stm32f10x_it.o(i.DebugMon_Handler)
    GL_DispChar                              0x080002e5   Thumb Code    44  guichar.o(i.GL_DispChar)
    GPIO_Init                                0x08000319   Thumb Code   278  stm32f10x_gpio.o(i.GPIO_Init)
    GPIO_PinRemapConfig                      0x08000431   Thumb Code   138  stm32f10x_gpio.o(i.GPIO_PinRemapConfig)
    GPIO_ResetBits                           0x080004c1   Thumb Code     4  stm32f10x_gpio.o(i.GPIO_ResetBits)
    GPIO_SetBits                             0x080004c5   Thumb Code     4  stm32f10x_gpio.o(i.GPIO_SetBits)
    GUIPROP_DispChar                         0x080004c9   Thumb Code   276  guicharp.o(i.GUIPROP_DispChar)
    GUIPROP_GetCharDistX                     0x080005fd   Thumb Code    44  guicharp.o(i.GUIPROP_GetCharDistX)
    GUIPROP_GetFontInfo                      0x0800062d   Thumb Code     8  guicharp.o(i.GUIPROP_GetFontInfo)
    GUIPROP_IsInFont                         0x08000635   Thumb Code    26  guicharp.o(i.GUIPROP_IsInFont)
    GUI_Clear                                0x0800064f   Thumb Code    26  guicore.o(i.GUI_Clear)
    GUI_ClearRect                            0x08000669   Thumb Code    42  guicore.o(i.GUI_ClearRect)
    GUI_DispNextLine                         0x08000695   Thumb Code    26  guichar.o(i.GUI_DispNextLine)
    GUI_DispString                           0x080006b5   Thumb Code   320  gui_dispstring.o(i.GUI_DispString)
    GUI_DispStringAt                         0x080007f9   Thumb Code    26  gui_dispstringat.o(i.GUI_DispStringAt)
    GUI_GetBkColor                           0x08000819   Thumb Code    18  gui_getcolor.o(i.GUI_GetBkColor)
    GUI_GetCharDistX                         0x0800082d   Thumb Code    20  guichar.o(i.GUI_GetCharDistX)
    GUI_GetColor                             0x08000845   Thumb Code    18  gui_getcolor.o(i.GUI_GetColor)
    GUI_GetFontDistY                         0x08000859   Thumb Code    18  guichar.o(i.GUI_GetFontDistY)
    GUI_GetYAdjust                           0x08000871   Thumb Code    68  guichar.o(i.GUI_GetYAdjust)
    GUI_GotoXY                               0x080008b9   Thumb Code    26  gui_goto.o(i.GUI_GotoXY)
    GUI_Init                                 0x080008d5   Thumb Code    24  guicore.o(i.GUI_Init)
    GUI_RectsIntersect                       0x080008f5   Thumb Code    58  gui_rectsintersect.o(i.GUI_RectsIntersect)
    GUI_SetBkColor                           0x0800092f   Thumb Code    12  gui_setcolor.o(i.GUI_SetBkColor)
    GUI_SetColor                             0x0800093b   Thumb Code    12  gui_setcolor.o(i.GUI_SetColor)
    GUI_SetDrawMode                          0x08000947   Thumb Code    16  gui_setdrawmode.o(i.GUI_SetDrawMode)
    GUI_SetFont                              0x08000959   Thumb Code    12  gui_setfont.o(i.GUI_SetFont)
    GUI_SetPenSize                           0x08000969   Thumb Code    10  gui_pen.o(i.GUI_SetPenSize)
    GUI_UC__GetCharCodeInc                   0x08000979   Thumb Code    36  gui_uc.o(i.GUI_UC__GetCharCodeInc)
    GUI_UC__NumChars2NumBytes                0x080009a1   Thumb Code    42  gui_uc.o(i.GUI_UC__NumChars2NumBytes)
    GUI__DispLine                            0x080009d1   Thumb Code    60  guicharline.o(i.GUI__DispLine)
    GUI__GetLineDistX                        0x08000a15   Thumb Code    64  guicharline.o(i.GUI__GetLineDistX)
    GUI__GetLineNumChars                     0x08000a59   Thumb Code    64  guicharline.o(i.GUI__GetLineNumChars)
    HardFault_Handler                        0x08000a9d   Thumb Code     4  stm32f10x_it.o(i.HardFault_Handler)
    LCD_Address_Set                          0x08000aa1   Thumb Code    58  lcd_init.o(i.LCD_Address_Set)
    LCD_Color2Index                          0x08000adb   Thumb Code    12  lcd_1.o(i.LCD_Color2Index)
    LCD_Color2Index_M565                     0x08000ae7   Thumb Code    22  lcdpm565.o(i.LCD_Color2Index_M565)
    LCD_DrawBitmap                           0x08000afd   Thumb Code   556  lcd_1.o(i.LCD_DrawBitmap)
    LCD_DrawPoint                            0x08000d31   Thumb Code    28  lcd.o(i.LCD_DrawPoint)
    LCD_Fill                                 0x08000d4d   Thumb Code    74  lcd.o(i.LCD_Fill)
    LCD_FillRect                             0x08000d99   Thumb Code   106  lcd_1.o(i.LCD_FillRect)
    LCD_GPIO_Init                            0x08000e09   Thumb Code    46  lcd_init.o(i.LCD_GPIO_Init)
    LCD_GetBkColorIndex                      0x08000e3d   Thumb Code     6  lcd_getcolorindex.o(i.LCD_GetBkColorIndex)
    LCD_GetColorIndex                        0x08000e49   Thumb Code     6  lcd_getcolorindex.o(i.LCD_GetColorIndex)
    LCD_Index2Color                          0x08000e55   Thumb Code     4  lcd_1.o(i.LCD_Index2Color)
    LCD_Init                                 0x08000e59   Thumb Code    26  lcd_1.o(i.LCD_Init)
    LCD_InitLUT                              0x08000e73   Thumb Code     2  lcdcolor.o(i.LCD_InitLUT)
    LCD_Init_Op                              0x08000e75   Thumb Code  1176  lcd_init.o(i.LCD_Init_Op)
    LCD_L0_Color2Index                       0x0800130d   Thumb Code    16  lcd_l0_generic.o(i.LCD_L0_Color2Index)
    LCD_L0_DrawBitmap                        0x0800131d   Thumb Code   164  lcddummy.o(i.LCD_L0_DrawBitmap)
    LCD_L0_FillRect                          0x080013c1   Thumb Code    42  lcddummy.o(i.LCD_L0_FillRect)
    LCD_L0_GetPixelIndex                     0x080013f1   Thumb Code     6  lcddummy.o(i.LCD_L0_GetPixelIndex)
    LCD_L0_GetRect                           0x080013f7   Thumb Code    14  lcd_l0_generic.o(i.LCD_L0_GetRect)
    LCD_L0_Init                              0x08001405   Thumb Code     4  lcddummy.o(i.LCD_L0_Init)
    LCD_L0_On                                0x08001409   Thumb Code     2  lcddummy.o(i.LCD_L0_On)
    LCD_L0_SetPixelIndex                     0x0800140b   Thumb Code    20  lcddummy.o(i.LCD_L0_SetPixelIndex)
    LCD_SetBkColor                           0x08001421   Thumb Code    30  lcd_1.o(i.LCD_SetBkColor)
    LCD_SetBkColorIndex                      0x08001445   Thumb Code    18  lcd_1.o(i.LCD_SetBkColorIndex)
    LCD_SetClipRectMax                       0x0800145d   Thumb Code    10  lcd_1.o(i.LCD_SetClipRectMax)
    LCD_SetColor                             0x0800146d   Thumb Code    30  lcd_1.o(i.LCD_SetColor)
    LCD_SetColorIndex                        0x08001491   Thumb Code    18  lcd_1.o(i.LCD_SetColorIndex)
    LCD_SetDrawMode                          0x080014a9   Thumb Code    40  lcd_1.o(i.LCD_SetDrawMode)
    LCD_WR_DATA                              0x080014d5   Thumb Code    18  lcd_init.o(i.LCD_WR_DATA)
    LCD_WR_DATA8                             0x080014e7   Thumb Code    12  lcd_init.o(i.LCD_WR_DATA8)
    LCD_WR_REG                               0x080014f5   Thumb Code    28  lcd_init.o(i.LCD_WR_REG)
    LCD_Writ_Bus                             0x08001515   Thumb Code    50  lcd_init.o(i.LCD_Writ_Bus)
    LED_Init                                 0x08001551   Thumb Code    58  led.o(i.LED_Init)
    MemManage_Handler                        0x08001595   Thumb Code     4  stm32f10x_it.o(i.MemManage_Handler)
    NMI_Handler                              0x08001599   Thumb Code     2  stm32f10x_it.o(i.NMI_Handler)
    PendSV_Handler                           0x0800159b   Thumb Code     2  stm32f10x_it.o(i.PendSV_Handler)
    RCC_APB1PeriphClockCmd                   0x0800159d   Thumb Code    26  stm32f10x_rcc.o(i.RCC_APB1PeriphClockCmd)
    RCC_APB2PeriphClockCmd                   0x080015bd   Thumb Code    26  stm32f10x_rcc.o(i.RCC_APB2PeriphClockCmd)
    RCC_GetClocksFreq                        0x080015dd   Thumb Code   192  stm32f10x_rcc.o(i.RCC_GetClocksFreq)
    SPI1_Init                                0x080016b1   Thumb Code   132  lcd_init.o(i.SPI1_Init)
    SPI_Cmd                                  0x0800173d   Thumb Code    24  stm32f10x_spi.o(i.SPI_Cmd)
    SPI_FLASH_Init                           0x08001755   Thumb Code   188  w25qxx.o(i.SPI_FLASH_Init)
    SPI_I2S_GetFlagStatus                    0x08001819   Thumb Code    18  stm32f10x_spi.o(i.SPI_I2S_GetFlagStatus)
    SPI_I2S_SendData                         0x0800182b   Thumb Code     4  stm32f10x_spi.o(i.SPI_I2S_SendData)
    SPI_Init                                 0x0800182f   Thumb Code    60  stm32f10x_spi.o(i.SPI_Init)
    SVC_Handler                              0x0800186b   Thumb Code     2  stm32f10x_it.o(i.SVC_Handler)
    SysTick_CLKSourceConfig                  0x08001955   Thumb Code    40  misc.o(i.SysTick_CLKSourceConfig)
    SysTick_Handler                          0x0800197d   Thumb Code     2  stm32f10x_it.o(i.SysTick_Handler)
    SystemInit                               0x08001981   Thumb Code    78  system_stm32f10x.o(i.SystemInit)
    USART1_IRQHandler                        0x080019e1   Thumb Code   104  usart_1.o(i.USART1_IRQHandler)
    USART_Cmd                                0x08001a51   Thumb Code    24  stm32f10x_usart.o(i.USART_Cmd)
    USART_GetITStatus                        0x08001a69   Thumb Code    84  stm32f10x_usart.o(i.USART_GetITStatus)
    USART_ITConfig                           0x08001abd   Thumb Code    74  stm32f10x_usart.o(i.USART_ITConfig)
    USART_Init                               0x08001b09   Thumb Code   210  stm32f10x_usart.o(i.USART_Init)
    USART_ReceiveData                        0x08001be1   Thumb Code    10  stm32f10x_usart.o(i.USART_ReceiveData)
    UsageFault_Handler                       0x08001beb   Thumb Code     4  stm32f10x_it.o(i.UsageFault_Handler)
    Usart1_Init                              0x08001bf1   Thumb Code   156  usart_1.o(i.Usart1_Init)
    _sys_exit                                0x08002299   Thumb Code     4  usart_1.o(i._sys_exit)
    delay                                    0x080022e9   Thumb Code    12  lcd_init.o(i.delay)
    delay_init                               0x080022f5   Thumb Code    50  delay.o(i.delay_init)
    delay_ms                                 0x08002339   Thumb Code    72  delay.o(i.delay_ms)
    main                                     0x08002385   Thumb Code    92  main.o(i.main)
    GUI__API_TableNone                       0x080023f0   Data          16  gui_uc_encodenone.o(.constdata)
    GUI_ENC_APIList_SJIS                     0x08002400   Data          12  guiencjs.o(.constdata)
    GUI_FontHZ12x12                          0x08002978   Data          32  ftest.o(.constdata)
    Region$$Table$$Base                      0x08002998   Number         0  anon$$obj.o(Region$$Table)
    Region$$Table$$Limit                     0x080029b8   Number         0  anon$$obj.o(Region$$Table)
    SystemCoreClock                          0x20000000   Data           4  system_stm32f10x.o(.data)
    AHBPrescTable                            0x20000004   Data          16  system_stm32f10x.o(.data)
    GUI_DecChar                              0x2000002c   Data           1  guicore.o(.data)
    GUI_pfTimerExec                          0x20000030   Data           4  guicore.o(.data)
    WM_pfHandlePID                           0x20000034   Data           4  guicore.o(.data)
    GUI_pfDispCharStyle                      0x20000038   Data           4  guicore.o(.data)
    GUI_pLCD_APIList                         0x2000003c   Data           4  guicore.o(.data)
    GUI_CURSOR_pfTempHide                    0x20000040   Data           4  guicore.o(.data)
    GUI_CURSOR_pfTempUnhide                  0x20000044   Data           4  guicore.o(.data)
    usart1                                   0x20000048   Data         260  usart_1.o(.bss)
    GUI_Context                              0x2000014c   Data          52  guicore.o(.bss)
    __libspace_start                         0x20000180   Data          96  libspace.o(.bss)
    __temporary_stack_top$libspace           0x200001e0   Data           0  libspace.o(.bss)



==============================================================================

Memory Map of the image

  Image Entry point : 0x080000ed

  Load Region LR_IROM1 (Base: 0x08000000, Size: 0x00002a00, Max: 0x00010000, ABSOLUTE)

    Execution Region ER_IROM1 (Exec base: 0x08000000, Load base: 0x08000000, Size: 0x000029b8, Max: 0x00010000, ABSOLUTE)

    Exec Addr    Load Addr    Size         Type   Attr      Idx    E Section Name        Object

    0x08000000   0x08000000   0x000000ec   Data   RO          617    RESET               startup_stm32f10x_md.o
    0x080000ec   0x080000ec   0x00000008   Code   RO         5207  * !!!main             c_w.l(__main.o)
    0x080000f4   0x080000f4   0x00000034   Code   RO         5554    !!!scatter          c_w.l(__scatter.o)
    0x08000128   0x08000128   0x0000001a   Code   RO         5556    !!handler_copy      c_w.l(__scatter_copy.o)
    0x08000142   0x08000142   0x00000002   PAD
    0x08000144   0x08000144   0x0000001c   Code   RO         5558    !!handler_zi        c_w.l(__scatter_zi.o)
    0x08000160   0x08000160   0x00000002   Code   RO         5489    .ARM.Collect$$libinit$$00000000  c_w.l(libinit.o)
    0x08000162   0x08000162   0x00000000   Code   RO         5330    .ARM.Collect$$libinit$$00000002  c_w.l(libinit2.o)
    0x08000162   0x08000162   0x00000000   Code   RO         5332    .ARM.Collect$$libinit$$00000004  c_w.l(libinit2.o)
    0x08000162   0x08000162   0x00000000   Code   RO         5335    .ARM.Collect$$libinit$$0000000A  c_w.l(libinit2.o)
    0x08000162   0x08000162   0x00000000   Code   RO         5337    .ARM.Collect$$libinit$$0000000C  c_w.l(libinit2.o)
    0x08000162   0x08000162   0x00000000   Code   RO         5339    .ARM.Collect$$libinit$$0000000E  c_w.l(libinit2.o)
    0x08000162   0x08000162   0x00000000   Code   RO         5342    .ARM.Collect$$libinit$$00000011  c_w.l(libinit2.o)
    0x08000162   0x08000162   0x00000000   Code   RO         5344    .ARM.Collect$$libinit$$00000013  c_w.l(libinit2.o)
    0x08000162   0x08000162   0x00000000   Code   RO         5346    .ARM.Collect$$libinit$$00000015  c_w.l(libinit2.o)
    0x08000162   0x08000162   0x00000000   Code   RO         5348    .ARM.Collect$$libinit$$00000017  c_w.l(libinit2.o)
    0x08000162   0x08000162   0x00000000   Code   RO         5350    .ARM.Collect$$libinit$$00000019  c_w.l(libinit2.o)
    0x08000162   0x08000162   0x00000000   Code   RO         5352    .ARM.Collect$$libinit$$0000001B  c_w.l(libinit2.o)
    0x08000162   0x08000162   0x00000000   Code   RO         5354    .ARM.Collect$$libinit$$0000001D  c_w.l(libinit2.o)
    0x08000162   0x08000162   0x00000000   Code   RO         5356    .ARM.Collect$$libinit$$0000001F  c_w.l(libinit2.o)
    0x08000162   0x08000162   0x00000000   Code   RO         5358    .ARM.Collect$$libinit$$00000021  c_w.l(libinit2.o)
    0x08000162   0x08000162   0x00000000   Code   RO         5360    .ARM.Collect$$libinit$$00000023  c_w.l(libinit2.o)
    0x08000162   0x08000162   0x00000000   Code   RO         5362    .ARM.Collect$$libinit$$00000025  c_w.l(libinit2.o)
    0x08000162   0x08000162   0x00000000   Code   RO         5366    .ARM.Collect$$libinit$$0000002C  c_w.l(libinit2.o)
    0x08000162   0x08000162   0x00000000   Code   RO         5368    .ARM.Collect$$libinit$$0000002E  c_w.l(libinit2.o)
    0x08000162   0x08000162   0x00000000   Code   RO         5370    .ARM.Collect$$libinit$$00000030  c_w.l(libinit2.o)
    0x08000162   0x08000162   0x00000000   Code   RO         5372    .ARM.Collect$$libinit$$00000032  c_w.l(libinit2.o)
    0x08000162   0x08000162   0x00000002   Code   RO         5373    .ARM.Collect$$libinit$$00000033  c_w.l(libinit2.o)
    0x08000164   0x08000164   0x00000002   Code   RO         5551    .ARM.Collect$$libshutdown$$00000000  c_w.l(libshutdown.o)
    0x08000166   0x08000166   0x00000000   Code   RO         5505    .ARM.Collect$$libshutdown$$00000002  c_w.l(libshutdown2.o)
    0x08000166   0x08000166   0x00000000   Code   RO         5507    .ARM.Collect$$libshutdown$$00000004  c_w.l(libshutdown2.o)
    0x08000166   0x08000166   0x00000000   Code   RO         5510    .ARM.Collect$$libshutdown$$00000007  c_w.l(libshutdown2.o)
    0x08000166   0x08000166   0x00000000   Code   RO         5513    .ARM.Collect$$libshutdown$$0000000A  c_w.l(libshutdown2.o)
    0x08000166   0x08000166   0x00000000   Code   RO         5515    .ARM.Collect$$libshutdown$$0000000C  c_w.l(libshutdown2.o)
    0x08000166   0x08000166   0x00000000   Code   RO         5518    .ARM.Collect$$libshutdown$$0000000F  c_w.l(libshutdown2.o)
    0x08000166   0x08000166   0x00000002   Code   RO         5519    .ARM.Collect$$libshutdown$$00000010  c_w.l(libshutdown2.o)
    0x08000168   0x08000168   0x00000000   Code   RO         5295    .ARM.Collect$$rtentry$$00000000  c_w.l(__rtentry.o)
    0x08000168   0x08000168   0x00000000   Code   RO         5421    .ARM.Collect$$rtentry$$00000002  c_w.l(__rtentry2.o)
    0x08000168   0x08000168   0x00000006   Code   RO         5433    .ARM.Collect$$rtentry$$00000004  c_w.l(__rtentry4.o)
    0x0800016e   0x0800016e   0x00000000   Code   RO         5423    .ARM.Collect$$rtentry$$00000009  c_w.l(__rtentry2.o)
    0x0800016e   0x0800016e   0x00000004   Code   RO         5424    .ARM.Collect$$rtentry$$0000000A  c_w.l(__rtentry2.o)
    0x08000172   0x08000172   0x00000000   Code   RO         5426    .ARM.Collect$$rtentry$$0000000C  c_w.l(__rtentry2.o)
    0x08000172   0x08000172   0x00000008   Code   RO         5427    .ARM.Collect$$rtentry$$0000000D  c_w.l(__rtentry2.o)
    0x0800017a   0x0800017a   0x00000002   Code   RO         5494    .ARM.Collect$$rtexit$$00000000  c_w.l(rtexit.o)
    0x0800017c   0x0800017c   0x00000000   Code   RO         5523    .ARM.Collect$$rtexit$$00000002  c_w.l(rtexit2.o)
    0x0800017c   0x0800017c   0x00000004   Code   RO         5524    .ARM.Collect$$rtexit$$00000003  c_w.l(rtexit2.o)
    0x08000180   0x08000180   0x00000006   Code   RO         5525    .ARM.Collect$$rtexit$$00000004  c_w.l(rtexit2.o)
    0x08000186   0x08000186   0x00000002   PAD
    0x08000188   0x08000188   0x00000040   Code   RO          618    .text               startup_stm32f10x_md.o
    0x080001c8   0x080001c8   0x00000002   Code   RO         5139    .text               c_w.l(use_no_semi_2.o)
    0x080001ca   0x080001ca   0x00000006   Code   RO         5205    .text               c_w.l(heapauxi.o)
    0x080001d0   0x080001d0   0x00000002   Code   RO         5291    .text               c_w.l(use_no_semi.o)
    0x080001d2   0x080001d2   0x00000002   PAD
    0x080001d4   0x080001d4   0x00000008   Code   RO         5417    .text               c_w.l(libspace.o)
    0x080001dc   0x080001dc   0x0000004a   Code   RO         5468    .text               c_w.l(sys_stackheap_outer.o)
    0x08000226   0x08000226   0x00000012   Code   RO         5474    .text               c_w.l(exit.o)
    0x08000238   0x08000238   0x00000004   Code   RO            1    i.BusFault_Handler  stm32f10x_it.o
    0x0800023c   0x0800023c   0x00000008   Code   RO         5032    i.DB2SJIS           guiencjs.o
    0x08000244   0x08000244   0x00000002   Code   RO            2    i.DebugMon_Handler  stm32f10x_it.o
    0x08000246   0x08000246   0x00000002   PAD
    0x08000248   0x08000248   0x0000009c   Code   RO         3678    i.DrawBitLine16BPP  lcddummy.o
    0x080002e4   0x080002e4   0x00000034   Code   RO         4211    i.GL_DispChar       guichar.o
    0x08000318   0x08000318   0x00000116   Code   RO         1803    i.GPIO_Init         stm32f10x_gpio.o
    0x0800042e   0x0800042e   0x00000002   PAD
    0x08000430   0x08000430   0x00000090   Code   RO         1805    i.GPIO_PinRemapConfig  stm32f10x_gpio.o
    0x080004c0   0x080004c0   0x00000004   Code   RO         1810    i.GPIO_ResetBits    stm32f10x_gpio.o
    0x080004c4   0x080004c4   0x00000004   Code   RO         1811    i.GPIO_SetBits      stm32f10x_gpio.o
    0x080004c8   0x080004c8   0x00000118   Code   RO         4348    i.GUIPROP_DispChar  guicharp.o
    0x080005e0   0x080005e0   0x0000001a   Code   RO         4349    i.GUIPROP_FindChar  guicharp.o
    0x080005fa   0x080005fa   0x00000002   PAD
    0x080005fc   0x080005fc   0x00000030   Code   RO         4350    i.GUIPROP_GetCharDistX  guicharp.o
    0x0800062c   0x0800062c   0x00000008   Code   RO         4351    i.GUIPROP_GetFontInfo  guicharp.o
    0x08000634   0x08000634   0x0000001a   Code   RO         4352    i.GUIPROP_IsInFont  guicharp.o
    0x0800064e   0x0800064e   0x0000001a   Code   RO         3866    i.GUI_Clear         guicore.o
    0x08000668   0x08000668   0x0000002a   Code   RO         3867    i.GUI_ClearRect     guicore.o
    0x08000692   0x08000692   0x00000002   PAD
    0x08000694   0x08000694   0x00000020   Code   RO         4212    i.GUI_DispNextLine  guichar.o
    0x080006b4   0x080006b4   0x00000144   Code   RO         4199    i.GUI_DispString    gui_dispstring.o
    0x080007f8   0x080007f8   0x00000020   Code   RO         4187    i.GUI_DispStringAt  gui_dispstringat.o
    0x08000818   0x08000818   0x00000012   Code   RO         4383    i.GUI_GetBkColor    gui_getcolor.o
    0x0800082a   0x0800082a   0x00000002   PAD
    0x0800082c   0x0800082c   0x00000018   Code   RO         4213    i.GUI_GetCharDistX  guichar.o
    0x08000844   0x08000844   0x00000012   Code   RO         4385    i.GUI_GetColor      gui_getcolor.o
    0x08000856   0x08000856   0x00000002   PAD
    0x08000858   0x08000858   0x00000018   Code   RO         4214    i.GUI_GetFontDistY  guichar.o
    0x08000870   0x08000870   0x00000048   Code   RO         4215    i.GUI_GetYAdjust    guichar.o
    0x080008b8   0x080008b8   0x0000001a   Code   RO         4147    i.GUI_GotoXY        gui_goto.o
    0x080008d2   0x080008d2   0x00000002   PAD
    0x080008d4   0x080008d4   0x00000020   Code   RO         3868    i.GUI_Init          guicore.o
    0x080008f4   0x080008f4   0x0000003a   Code   RO         4324    i.GUI_RectsIntersect  gui_rectsintersect.o
    0x0800092e   0x0800092e   0x0000000c   Code   RO         4128    i.GUI_SetBkColor    gui_setcolor.o
    0x0800093a   0x0800093a   0x0000000c   Code   RO         4129    i.GUI_SetColor      gui_setcolor.o
    0x08000946   0x08000946   0x00000010   Code   RO         4545    i.GUI_SetDrawMode   gui_setdrawmode.o
    0x08000956   0x08000956   0x00000002   PAD
    0x08000958   0x08000958   0x00000010   Code   RO         4336    i.GUI_SetFont       gui_setfont.o
    0x08000968   0x08000968   0x00000010   Code   RO         4638    i.GUI_SetPenSize    gui_pen.o
    0x08000978   0x08000978   0x00000028   Code   RO         4251    i.GUI_UC__GetCharCodeInc  gui_uc.o
    0x080009a0   0x080009a0   0x00000030   Code   RO         4253    i.GUI_UC__NumChars2NumBytes  gui_uc.o
    0x080009d0   0x080009d0   0x00000044   Code   RO         4295    i.GUI__DispLine     guicharline.o
    0x08000a14   0x08000a14   0x00000044   Code   RO         4296    i.GUI__GetLineDistX  guicharline.o
    0x08000a58   0x08000a58   0x00000044   Code   RO         4297    i.GUI__GetLineNumChars  guicharline.o
    0x08000a9c   0x08000a9c   0x00000004   Code   RO            3    i.HardFault_Handler  stm32f10x_it.o
    0x08000aa0   0x08000aa0   0x0000003a   Code   RO          248    i.LCD_Address_Set   lcd_init.o
    0x08000ada   0x08000ada   0x0000000c   Code   RO         3931    i.LCD_Color2Index   lcd_1.o
    0x08000ae6   0x08000ae6   0x00000016   Code   RO         4591    i.LCD_Color2Index_M565  lcdpm565.o
    0x08000afc   0x08000afc   0x00000234   Code   RO         3932    i.LCD_DrawBitmap    lcd_1.o
    0x08000d30   0x08000d30   0x0000001c   Code   RO          310    i.LCD_DrawPoint     lcd.o
    0x08000d4c   0x08000d4c   0x0000004a   Code   RO          312    i.LCD_Fill          lcd.o
    0x08000d96   0x08000d96   0x00000002   PAD
    0x08000d98   0x08000d98   0x00000070   Code   RO         3935    i.LCD_FillRect      lcd_1.o
    0x08000e08   0x08000e08   0x00000034   Code   RO          249    i.LCD_GPIO_Init     lcd_init.o
    0x08000e3c   0x08000e3c   0x0000000c   Code   RO         4413    i.LCD_GetBkColorIndex  lcd_getcolorindex.o
    0x08000e48   0x08000e48   0x0000000c   Code   RO         4414    i.LCD_GetColorIndex  lcd_getcolorindex.o
    0x08000e54   0x08000e54   0x00000004   Code   RO         3936    i.LCD_Index2Color   lcd_1.o
    0x08000e58   0x08000e58   0x0000001a   Code   RO         3937    i.LCD_Init          lcd_1.o
    0x08000e72   0x08000e72   0x00000002   Code   RO         4099    i.LCD_InitLUT       lcdcolor.o
    0x08000e74   0x08000e74   0x00000498   Code   RO          250    i.LCD_Init_Op       lcd_init.o
    0x0800130c   0x0800130c   0x00000010   Code   RO         4063    i.LCD_L0_Color2Index  lcd_l0_generic.o
    0x0800131c   0x0800131c   0x000000a4   Code   RO         3679    i.LCD_L0_DrawBitmap  lcddummy.o
    0x080013c0   0x080013c0   0x00000030   Code   RO         3682    i.LCD_L0_FillRect   lcddummy.o
    0x080013f0   0x080013f0   0x00000006   Code   RO         3683    i.LCD_L0_GetPixelIndex  lcddummy.o
    0x080013f6   0x080013f6   0x0000000e   Code   RO         4065    i.LCD_L0_GetRect    lcd_l0_generic.o
    0x08001404   0x08001404   0x00000004   Code   RO         3684    i.LCD_L0_Init       lcddummy.o
    0x08001408   0x08001408   0x00000002   Code   RO         3686    i.LCD_L0_On         lcddummy.o
    0x0800140a   0x0800140a   0x00000014   Code   RO         3689    i.LCD_L0_SetPixelIndex  lcddummy.o
    0x0800141e   0x0800141e   0x00000002   PAD
    0x08001420   0x08001420   0x00000024   Code   RO         3938    i.LCD_SetBkColor    lcd_1.o
    0x08001444   0x08001444   0x00000018   Code   RO         3939    i.LCD_SetBkColorIndex  lcd_1.o
    0x0800145c   0x0800145c   0x00000010   Code   RO         3940    i.LCD_SetClipRectMax  lcd_1.o
    0x0800146c   0x0800146c   0x00000024   Code   RO         3941    i.LCD_SetColor      lcd_1.o
    0x08001490   0x08001490   0x00000018   Code   RO         3942    i.LCD_SetColorIndex  lcd_1.o
    0x080014a8   0x080014a8   0x0000002c   Code   RO         3943    i.LCD_SetDrawMode   lcd_1.o
    0x080014d4   0x080014d4   0x00000012   Code   RO          251    i.LCD_WR_DATA       lcd_init.o
    0x080014e6   0x080014e6   0x0000000c   Code   RO          252    i.LCD_WR_DATA8      lcd_init.o
    0x080014f2   0x080014f2   0x00000002   PAD
    0x080014f4   0x080014f4   0x00000020   Code   RO          253    i.LCD_WR_REG        lcd_init.o
    0x08001514   0x08001514   0x0000003c   Code   RO          254    i.LCD_Writ_Bus      lcd_init.o
    0x08001550   0x08001550   0x00000044   Code   RO          236    i.LED_Init          led.o
    0x08001594   0x08001594   0x00000004   Code   RO            4    i.MemManage_Handler  stm32f10x_it.o
    0x08001598   0x08001598   0x00000002   Code   RO            5    i.NMI_Handler       stm32f10x_it.o
    0x0800159a   0x0800159a   0x00000002   Code   RO            6    i.PendSV_Handler    stm32f10x_it.o
    0x0800159c   0x0800159c   0x00000020   Code   RO         2228    i.RCC_APB1PeriphClockCmd  stm32f10x_rcc.o
    0x080015bc   0x080015bc   0x00000020   Code   RO         2230    i.RCC_APB2PeriphClockCmd  stm32f10x_rcc.o
    0x080015dc   0x080015dc   0x000000d4   Code   RO         2238    i.RCC_GetClocksFreq  stm32f10x_rcc.o
    0x080016b0   0x080016b0   0x0000008c   Code   RO          255    i.SPI1_Init         lcd_init.o
    0x0800173c   0x0800173c   0x00000018   Code   RO         2713    i.SPI_Cmd           stm32f10x_spi.o
    0x08001754   0x08001754   0x000000c4   Code   RO          499    i.SPI_FLASH_Init    w25qxx.o
    0x08001818   0x08001818   0x00000012   Code   RO         2721    i.SPI_I2S_GetFlagStatus  stm32f10x_spi.o
    0x0800182a   0x0800182a   0x00000004   Code   RO         2725    i.SPI_I2S_SendData  stm32f10x_spi.o
    0x0800182e   0x0800182e   0x0000003c   Code   RO         2726    i.SPI_Init          stm32f10x_spi.o
    0x0800186a   0x0800186a   0x00000002   Code   RO            7    i.SVC_Handler       stm32f10x_it.o
    0x0800186c   0x0800186c   0x00000008   Code   RO           98    i.SetSysClock       system_stm32f10x.o
    0x08001874   0x08001874   0x000000e0   Code   RO           99    i.SetSysClockTo72   system_stm32f10x.o
    0x08001954   0x08001954   0x00000028   Code   RO          626    i.SysTick_CLKSourceConfig  misc.o
    0x0800197c   0x0800197c   0x00000002   Code   RO            8    i.SysTick_Handler   stm32f10x_it.o
    0x0800197e   0x0800197e   0x00000002   PAD
    0x08001980   0x08001980   0x00000060   Code   RO          101    i.SystemInit        system_stm32f10x.o
    0x080019e0   0x080019e0   0x00000070   Code   RO          434    i.USART1_IRQHandler  usart_1.o
    0x08001a50   0x08001a50   0x00000018   Code   RO         3407    i.USART_Cmd         stm32f10x_usart.o
    0x08001a68   0x08001a68   0x00000054   Code   RO         3411    i.USART_GetITStatus  stm32f10x_usart.o
    0x08001abc   0x08001abc   0x0000004a   Code   RO         3413    i.USART_ITConfig    stm32f10x_usart.o
    0x08001b06   0x08001b06   0x00000002   PAD
    0x08001b08   0x08001b08   0x000000d8   Code   RO         3414    i.USART_Init        stm32f10x_usart.o
    0x08001be0   0x08001be0   0x0000000a   Code   RO         3421    i.USART_ReceiveData  stm32f10x_usart.o
    0x08001bea   0x08001bea   0x00000004   Code   RO            9    i.UsageFault_Handler  stm32f10x_it.o
    0x08001bee   0x08001bee   0x00000002   PAD
    0x08001bf0   0x08001bf0   0x000000a4   Code   RO          435    i.Usart1_Init       usart_1.o
    0x08001c94   0x08001c94   0x00000014   Code   RO         3691    i.UserPixelSetFunction  lcddummy.o
    0x08001ca8   0x08001ca8   0x00000008   Code   RO         4025    i._CalcSizeOfChar   gui_uc_encodenone.o
    0x08001cb0   0x08001cb0   0x00000068   Code   RO         4298    i._DispLine         guicharline.o
    0x08001d18   0x08001d18   0x00000038   Code   RO         5033    i._DispLine_SJIS    guiencjs.o
    0x08001d50   0x08001d50   0x000000d8   Code   RO         3692    i._DrawBitLine1BPP  lcddummy.o
    0x08001e28   0x08001e28   0x00000168   Code   RO         3693    i._DrawBitLine2BPP  lcddummy.o
    0x08001f90   0x08001f90   0x00000168   Code   RO         3694    i._DrawBitLine4BPP  lcddummy.o
    0x080020f8   0x080020f8   0x000000a4   Code   RO         3695    i._DrawBitLine8BPP  lcddummy.o
    0x0800219c   0x0800219c   0x00000008   Code   RO         4026    i._Encode           gui_uc_encodenone.o
    0x080021a4   0x080021a4   0x00000006   Code   RO         4027    i._GetCharCode      gui_uc_encodenone.o
    0x080021aa   0x080021aa   0x00000008   Code   RO         4028    i._GetCharSize      gui_uc_encodenone.o
    0x080021b2   0x080021b2   0x00000002   PAD
    0x080021b4   0x080021b4   0x00000018   Code   RO         3944    i._GetColorIndex    lcd_1.o
    0x080021cc   0x080021cc   0x00000046   Code   RO         5034    i._GetLineDistX_SJIS  guiencjs.o
    0x08002212   0x08002212   0x0000002a   Code   RO         5035    i._GetLineLen_SJIS  guiencjs.o
    0x0800223c   0x0800223c   0x00000010   Code   RO         4149    i._GotoX            gui_goto.o
    0x0800224c   0x0800224c   0x00000010   Code   RO         4150    i._GotoY            gui_goto.o
    0x0800225c   0x0800225c   0x0000003c   Code   RO         3869    i._InitContext      guicore.o
    0x08002298   0x08002298   0x00000004   Code   RO          438    i._sys_exit         usart_1.o
    0x0800229c   0x0800229c   0x0000004c   Code   RO          133    i._ucgui            main.o
    0x080022e8   0x080022e8   0x0000000c   Code   RO          256    i.delay             lcd_init.o
    0x080022f4   0x080022f4   0x00000044   Code   RO         3640    i.delay_init        delay.o
    0x08002338   0x08002338   0x0000004c   Code   RO         3641    i.delay_ms          delay.o
    0x08002384   0x08002384   0x0000006c   Code   RO          134    i.main              main.o
    0x080023f0   0x080023f0   0x00000010   Data   RO         4029    .constdata          gui_uc_encodenone.o
    0x08002400   0x08002400   0x0000000c   Data   RO         5036    .constdata          guiencjs.o
    0x0800240c   0x0800240c   0x0000058c   Data   RO         5124    .constdata          ftest.o
    0x08002998   0x08002998   0x00000020   Data   RO         5552    Region$$Table       anon$$obj.o


    Execution Region RW_IRAM1 (Exec base: 0x20000000, Load base: 0x080029b8, Size: 0x000007e0, Max: 0x00005000, ABSOLUTE)

    Exec Addr    Load Addr    Size         Type   Attr      Idx    E Section Name        Object

    0x20000000   0x080029b8   0x00000014   Data   RW          102    .data               system_stm32f10x.o
    0x20000014   0x080029cc   0x00000014   Data   RW         2258    .data               stm32f10x_rcc.o
    0x20000028   0x080029e0   0x00000004   Data   RW         3643    .data               delay.o
    0x2000002c   0x080029e4   0x0000001c   Data   RW         3871    .data               guicore.o
    0x20000048        -       0x00000104   Zero   RW          441    .bss                usart_1.o
    0x2000014c        -       0x00000034   Zero   RW         3870    .bss                guicore.o
    0x20000180        -       0x00000060   Zero   RW         5418    .bss                c_w.l(libspace.o)
    0x200001e0        -       0x00000200   Zero   RW          616    HEAP                startup_stm32f10x_md.o
    0x200003e0        -       0x00000400   Zero   RW          615    STACK               startup_stm32f10x_md.o


==============================================================================

Image component sizes


      Code (inc. data)   RO Data    RW Data    ZI Data      Debug   Object Name

         0          0          0          0          0         32   core_cm3.o
       144         22          0          4          0       1080   delay.o
         0          0       1420          0          0        682   ftest.o
       324          4          0          0          0        941   gui_dispstring.o
        32          6          0          0          0        607   gui_dispstringat.o
        36          0          0          0          0        948   gui_getcolor.o
        58          8          0          0          0       1437   gui_goto.o
        16          6          0          0          0        501   gui_pen.o
        58          0          0          0          0        949   gui_rectsintersect.o
        24          0          0          0          0        964   gui_setcolor.o
        16          0          0          0          0        534   gui_setdrawmode.o
        16          4          0          0          0        506   gui_setfont.o
        88         10          0          0          0       1213   gui_uc.o
        30          0         16          0          0       2497   gui_uc_encodenone.o
       204         28          0          0          0       2392   guichar.o
       308         24          0          0          0       3135   guicharline.o
       388          8          0          0          0       3239   guicharp.o
       160         16          0         28         52       5760   guicore.o
       176          0         12          0          0       7458   guiencjs.o
       102          0          0          0          0       1259   lcd.o
       922         52          0          0          0       7352   lcd_1.o
        24         12          0          0          0        914   lcd_getcolorindex.o
      1560         32          0          0          0       5225   lcd_init.o
        30          0          0          0          0       1014   lcd_l0_generic.o
         2          0          0          0          0        394   lcdcolor.o
      1520         34          0          0          0       9450   lcddummy.o
        22          0          0          0          0       4860   lcdpm565.o
        68         10          0          0          0        459   led.o
       184         30          0          0          0     234020   main.o
        40          0          0          0          0        486   misc.o
        64         26        236          0       1536        768   startup_stm32f10x_md.o
       430          6          0          0          0       3678   stm32f10x_gpio.o
        26          0          0          0          0      30914   stm32f10x_it.o
       276         32          0         20          0       4246   stm32f10x_rcc.o
       106          0          0          0          0       3096   stm32f10x_spi.o
       408          6          0          0          0       4766   stm32f10x_usart.o
       328         28          0         20          0       1897   system_stm32f10x.o
       280         16          0          0        260       3839   usart_1.o
       196          8          0          0          0        605   w25qxx.o

    ----------------------------------------------------------------------
      8696        428       1716         72       1848     354117   Object Totals
         0          0         32          0          0          0   (incl. Generated)
        30          0          0          0          0          0   (incl. Padding)

    ----------------------------------------------------------------------

      Code (inc. data)   RO Data    RW Data    ZI Data      Debug   Library Member Name

         8          0          0          0          0         68   __main.o
         0          0          0          0          0          0   __rtentry.o
        12          0          0          0          0          0   __rtentry2.o
         6          0          0          0          0          0   __rtentry4.o
        52          8          0          0          0          0   __scatter.o
        26          0          0          0          0          0   __scatter_copy.o
        28          0          0          0          0          0   __scatter_zi.o
        18          0          0          0          0         80   exit.o
         6          0          0          0          0        152   heapauxi.o
         2          0          0          0          0          0   libinit.o
         2          0          0          0          0          0   libinit2.o
         2          0          0          0          0          0   libshutdown.o
         2          0          0          0          0          0   libshutdown2.o
         8          4          0          0         96         68   libspace.o
         2          0          0          0          0          0   rtexit.o
        10          0          0          0          0          0   rtexit2.o
        74          0          0          0          0         80   sys_stackheap_outer.o
         2          0          0          0          0         68   use_no_semi.o
         2          0          0          0          0         68   use_no_semi_2.o

    ----------------------------------------------------------------------
       268         12          0          0         96        584   Library Totals
         6          0          0          0          0          0   (incl. Padding)

    ----------------------------------------------------------------------

      Code (inc. data)   RO Data    RW Data    ZI Data      Debug   Library Name

       262         12          0          0         96        584   c_w.l

    ----------------------------------------------------------------------
       268         12          0          0         96        584   Library Totals

    ----------------------------------------------------------------------

==============================================================================


      Code (inc. data)   RO Data    RW Data    ZI Data      Debug   

      8964        440       1716         72       1944     348561   Grand Totals
      8964        440       1716         72       1944     348561   ELF Image Totals
      8964        440       1716         72          0          0   ROM Totals

==============================================================================

    Total RO  Size (Code + RO Data)                10680 (  10.43kB)
    Total RW  Size (RW Data + ZI Data)              2016 (   1.97kB)
    Total ROM Size (Code + RO Data + RW Data)      10752 (  10.50kB)

==============================================================================

