Component: ARM Compiler 5.06 update 6 (build 750) Tool: armlink [4d35ed]

==============================================================================

Section Cross References

    flashprg.o(i.BlankCheck) refers to bsp_spi_flash.o(i.sf_ReadBuffer) for sf_ReadBuffer
    flashprg.o(i.BlankCheck) refers to flashprg.o(.bss) for .bss
    flashprg.o(i.EraseChip) refers to bsp_spi_flash.o(i.sf_EraseChip) for sf_EraseChip
    flashprg.o(i.EraseSector) refers to bsp_spi_flash.o(i.sf_EraseSector) for sf_EraseSector
    flashprg.o(i.Init) refers to bsp.o(i.board_init) for board_init
    flashprg.o(i.ProgramPage) refers to bsp_spi_flash.o(i.sf_PageWrite) for sf_PageWrite
    flashprg.o(i.Verify) refers to bsp_spi_flash.o(i.sf_ReadBuffer) for sf_ReadBuffer
    flashprg.o(i.Verify) refers to flashprg.o(.bss) for .bss
    bsp.o(i.HAL_GetTick) refers to bsp.o(.data) for .data
    bsp.o(i.board_init) refers to system_swm221.o(i.SystemInit) for SystemInit
    bsp.o(i.board_init) refers to bsp.o(i.systick_init) for systick_init
    bsp.o(i.board_init) refers to bsp.o(i.qspi_multiplex_flash) for qspi_multiplex_flash
    bsp.o(i.qspi_multiplex_flash) refers to dev_qspi_flash.o(i.qspi_flash_init) for qspi_flash_init
    bsp.o(i.qspi_multiplex_flash) refers to bsp.o(.data) for .data
    bsp.o(i.systick_init) refers to aeabi_sdiv.o(.text) for __aeabi_uidivmod
    bsp.o(i.systick_init) refers to bsp.o(.data) for .data
    bsp.o(i.systick_init) refers to system_swm221.o(.data) for SystemCoreClock
    bsp_spi_flash.o(i.sf_EraseSector) refers to swm221_qspi.o(i.QSPI_Erase) for QSPI_Erase
    bsp_spi_flash.o(i.sf_PageWrite) refers to swm221_qspi.o(i.QSPI_Write_) for QSPI_Write_
    bsp_spi_flash.o(i.sf_ReadBuffer) refers to dev_qspi_flash.o(i.qspi_dma_read) for qspi_dma_read
    system_swm221.o(i.SystemCoreClockUpdate) refers to aeabi_sdiv.o(.text) for __aeabi_uidivmod
    system_swm221.o(i.SystemCoreClockUpdate) refers to system_swm221.o(.data) for .data
    system_swm221.o(i.SystemInit) refers to swm221_flash.o(i.Flash_Param_at_xMHz) for Flash_Param_at_xMHz
    system_swm221.o(i.SystemInit) refers to system_swm221.o(i.switchToHRC) for switchToHRC
    system_swm221.o(i.SystemInit) refers to system_swm221.o(i.switchOnPLL) for switchOnPLL
    system_swm221.o(i.SystemInit) refers to system_swm221.o(i.switchToDIV) for switchToDIV
    system_swm221.o(i.SystemInit) refers to swm221_flash.o(.emb_text) for Cache_Clear
    system_swm221.o(i.SystemInit) refers to system_swm221.o(.data) for .data
    system_swm221.o(i.switchOnPLL) refers to system_swm221.o(i.switchOnHRC) for switchOnHRC
    system_swm221.o(i.switchOnPLL) refers to system_swm221.o(i.switchOnXTAL) for switchOnXTAL
    system_swm221.o(i.switchOnXTAL) refers to swm221_port.o(i.PORT_Init) for PORT_Init
    system_swm221.o(i.switchToDIV) refers to system_swm221.o(i.SystemCoreClockUpdate) for SystemCoreClockUpdate
    system_swm221.o(i.switchToDIV) refers to system_swm221.o(.data) for .data
    system_swm221.o(i.switchToHRC) refers to system_swm221.o(i.SystemCoreClockUpdate) for SystemCoreClockUpdate
    system_swm221.o(i.switchToHRC) refers to system_swm221.o(.data) for .data
    dev_qspi_flash.o(i.flash_qspi_port_deinit) refers to swm221_gpio.o(i.GPIO_Init) for GPIO_Init
    dev_qspi_flash.o(i.flash_qspi_port_deinit) refers to swm221_gpio.o(i.GPIO_SetBit) for GPIO_SetBit
    dev_qspi_flash.o(i.flash_qspi_port_init) refers to swm221_port.o(i.PORT_Init) for PORT_Init
    dev_qspi_flash.o(i.qspi_dma_read) refers to _printf_percent.o(.ARM.Collect$$_printf_percent$$00000000) for _printf_percent
    dev_qspi_flash.o(i.qspi_dma_read) refers to _printf_d.o(.ARM.Collect$$_printf_percent$$00000009) for _printf_d
    dev_qspi_flash.o(i.qspi_dma_read) refers to _printf_p.o(.ARM.Collect$$_printf_percent$$00000002) for _printf_p
    dev_qspi_flash.o(i.qspi_dma_read) refers to _printf_s.o(.ARM.Collect$$_printf_percent$$00000014) for _printf_s
    dev_qspi_flash.o(i.qspi_dma_read) refers to _printf_dec.o(.text) for _printf_int_dec
    dev_qspi_flash.o(i.qspi_dma_read) refers to _printf_hex_int_ptr.o(.text) for _printf_longlong_hex
    dev_qspi_flash.o(i.qspi_dma_read) refers to _printf_str.o(.text) for _printf_str
    dev_qspi_flash.o(i.qspi_dma_read) refers to noretval__2printf.o(.text) for __2printf
    dev_qspi_flash.o(i.qspi_dma_read) refers to swm221_qspi.o(i.QSPI_Read_) for QSPI_Read_
    dev_qspi_flash.o(i.qspi_dma_read) refers to swm221_dma.o(i.DMA_CH_Init) for DMA_CH_Init
    dev_qspi_flash.o(i.qspi_dma_read) refers to swm221_dma.o(i.DMA_CH_Open) for DMA_CH_Open
    dev_qspi_flash.o(i.qspi_dma_read) refers to swm221_dma.o(i.DMA_CH_INTStat) for DMA_CH_INTStat
    dev_qspi_flash.o(i.qspi_dma_read) refers to swm221_dma.o(i.DMA_CH_INTClr) for DMA_CH_INTClr
    dev_qspi_flash.o(i.qspi_dma_read) refers to dev_qspi_flash.o(.constdata) for .constdata
[...]
    __asm___16_dev_qspi_flash_c_f88e88af____REVSH 0x000000b1   Thumb Code     4  dev_qspi_flash.o(.revsh_text)
    __asm___12_SWM221_adc_c_ADC_Init____REVSH 0x000000b5   Thumb Code     4  swm221_adc.o(.revsh_text)
    __asm___12_SWM221_can_c_CAN_Init____REVSH 0x000000b9   Thumb Code     4  swm221_can.o(.revsh_text)
    __asm___12_SWM221_crc_c_CRC_Init____REVSH 0x000000bd   Thumb Code     4  swm221_crc.o(.revsh_text)
    __asm___12_SWM221_div_c_DIV_Init____REVSH 0x000000c1   Thumb Code     4  swm221_div.o(.revsh_text)
    __asm___12_SWM221_dma_c_48148a16____REVSH 0x000000c5   Thumb Code     4  swm221_dma.o(.revsh_text)
    __asm___13_SWM221_exti_c_f643e0d9____REVSH 0x000000c9   Thumb Code     4  swm221_exti.o(.revsh_text)
    __asm___14_SWM221_flash_c_0813a6c3____REVSH 0x000000cd   Thumb Code     4  swm221_flash.o(.revsh_text)
    __asm___13_SWM221_gpio_c_db00cdf9____REVSH 0x000000d1   Thumb Code     4  swm221_gpio.o(.revsh_text)
    __asm___12_SWM221_i2c_c_I2C_Init____REVSH 0x000000d5   Thumb Code     4  swm221_i2c.o(.revsh_text)
    __asm___15_SWM221_iofilt_c_db9cf040____REVSH 0x000000d9   Thumb Code     4  swm221_iofilt.o(.revsh_text)
    __asm___12_SWM221_mpu_c_MPU_Init____REVSH 0x000000dd   Thumb Code     4  swm221_mpu.o(.revsh_text)
    __asm___13_SWM221_port_c_baf2fbaa____REVSH 0x000000e1   Thumb Code     4  swm221_port.o(.revsh_text)
    __asm___12_SWM221_pwm_c_PWM_Init____REVSH 0x000000e5   Thumb Code     4  swm221_pwm.o(.revsh_text)
    __asm___12_SWM221_qei_c_QEI_Init____REVSH 0x000000e9   Thumb Code     4  swm221_qei.o(.revsh_text)
    __asm___13_SWM221_qspi_c_ae4acbe1____REVSH 0x000000ed   Thumb Code     4  swm221_qspi.o(.revsh_text)
    __asm___14_SWM221_sleep_c_b685014b____REVSH 0x000000f1   Thumb Code     4  swm221_sleep.o(.revsh_text)
    __asm___12_SWM221_spi_c_SPI_Init____REVSH 0x000000f5   Thumb Code     4  swm221_spi.o(.revsh_text)
    __asm___13_SWM221_timr_c_66beac1b____REVSH 0x000000f9   Thumb Code     4  swm221_timr.o(.revsh_text)
    __asm___13_SWM221_uart_c_e5efacd7____REVSH 0x000000fd   Thumb Code     4  swm221_uart.o(.revsh_text)
    __asm___14_SWM221_usart_c_cc4be489____REVSH 0x00000101   Thumb Code     4  swm221_usart.o(.revsh_text)
    __asm___12_SWM221_wdt_c_WDT_Init____REVSH 0x00000105   Thumb Code     4  swm221_wdt.o(.revsh_text)
    __2printf                                0x00000109   Thumb Code    24  noretval__2printf.o(.text)
    _printf_pre_padding                      0x00000125   Thumb Code    44  _printf_pad.o(.text)
    _printf_post_padding                     0x00000151   Thumb Code    34  _printf_pad.o(.text)
    _printf_str                              0x00000173   Thumb Code    82  _printf_str.o(.text)
    _printf_int_dec                          0x000001c5   Thumb Code    90  _printf_dec.o(.text)
    _printf_longlong_hex                     0x00000231   Thumb Code    80  _printf_hex_int_ptr.o(.text)
    _printf_int_hex                          0x00000281   Thumb Code    26  _printf_hex_int_ptr.o(.text)
    _printf_hex_ptr                          0x0000029b   Thumb Code    20  _printf_hex_int_ptr.o(.text)
    __printf                                 0x000002b5   Thumb Code   306  __printf_flags_wp.o(.text)
    __aeabi_uread4                           0x000003ed   Thumb Code    34  uread4.o(.text)
    __rt_uread4                              0x000003ed   Thumb Code     0  uread4.o(.text)
    __aeabi_uidiv                            0x0000040f   Thumb Code     0  aeabi_sdiv.o(.text)
    __aeabi_uidivmod                         0x0000040f   Thumb Code    20  aeabi_sdiv.o(.text)
    __aeabi_idiv                             0x00000423   Thumb Code     0  aeabi_sdiv.o(.text)
    __aeabi_idivmod                          0x00000423   Thumb Code   326  aeabi_sdiv.o(.text)
    _printf_int_common                       0x00000569   Thumb Code   176  _printf_intcommon.o(.text)
    _printf_cs_common                        0x00000619   Thumb Code    22  _printf_char.o(.text)
    _printf_char                             0x0000062f   Thumb Code    16  _printf_char.o(.text)
    _printf_string                           0x0000063f   Thumb Code     8  _printf_char.o(.text)
    _printf_char_file                        0x00000649   Thumb Code    34  _printf_char_file.o(.text)
    __rt_udiv10                              0x00000671   Thumb Code    40  rtudiv10.o(.text)
    _printf_char_common                      0x000006a3   Thumb Code    32  _printf_char_common.o(.text)
    ferror                                   0x000006c9   Thumb Code     8  ferror.o(.text)
    _initio                                  0x000006d1   Thumb Code   246  initio.o(.text)
    _terminateio                             0x000007c7   Thumb Code    64  initio.o(.text)
    _sys_open                                0x00000835   Thumb Code    20  sys_io.o(.text)
    _sys_close                               0x00000849   Thumb Code    12  sys_io.o(.text)
    _sys_write                               0x00000855   Thumb Code    16  sys_io.o(.text)
    _sys_read                                0x00000865   Thumb Code    14  sys_io.o(.text)
    _sys_istty                               0x00000873   Thumb Code    12  sys_io.o(.text)
    _sys_seek                                0x0000087f   Thumb Code    14  sys_io.o(.text)
    _sys_ensure                              0x0000088d   Thumb Code     2  sys_io.o(.text)
    _sys_flen                                0x0000088f   Thumb Code    12  sys_io.o(.text)
    free                                     0x0000089b   Thumb Code    76  h1_free.o(.text)
    __flsbuf                                 0x000008e9   Thumb Code   486  flsbuf.o(.text)
    __flsbuf_byte                            0x000008e9   Thumb Code     0  flsbuf.o(.text)
    __flsbuf_wide                            0x000008e9   Thumb Code     0  flsbuf.o(.text)
    setvbuf                                  0x00000ad9   Thumb Code    72  setvbuf.o(.text)
    freopen                                  0x00000b25   Thumb Code   148  fopen.o(.text)
    fopen                                    0x00000bb9   Thumb Code    78  fopen.o(.text)
    _fclose_internal                         0x00000c11   Thumb Code    72  fclose.o(.text)
    fclose                                   0x00000c11   Thumb Code     0  fclose.o(.text)
    __rt_SIGRTRED                            0x00000c5d   Thumb Code    12  defsig_rtred_outer.o(.text)
    _memset_w                                0x00000c69   Thumb Code    26  rt_memclr.o(.text)
    _memset                                  0x00000c83   Thumb Code    30  rt_memclr.o(.text)
    __aeabi_memclr                           0x00000ca1   Thumb Code     4  rt_memclr.o(.text)
    __rt_memclr                              0x00000ca1   Thumb Code     0  rt_memclr.o(.text)
    __aeabi_memclr4                          0x00000ca5   Thumb Code     0  rt_memclr.o(.text)
    __aeabi_memclr8                          0x00000ca5   Thumb Code     0  rt_memclr.o(.text)
    __rt_memclr_w                            0x00000ca5   Thumb Code     4  rt_memclr.o(.text)
    __I$use$semihosting                      0x00000ca9   Thumb Code     0  use_no_semi.o(.text)
    __use_no_semihosting_swi                 0x00000ca9   Thumb Code     2  use_no_semi.o(.text)
    __semihosting_library_function           0x00000cab   Thumb Code     0  indicate_semi.o(.text)
    __rt_heap_descriptor                     0x00000cad   Thumb Code    12  rt_heap_descriptor.o(.text)
    __use_no_heap                            0x00000cb9   Thumb Code     2  hguard.o(.text)
    __heap$guard                             0x00000cbb   Thumb Code     2  hguard.o(.text)
    _terminate_user_alloc                    0x00000cbd   Thumb Code     2  init_alloc.o(.text)
    _init_user_alloc                         0x00000cbf   Thumb Code     2  init_alloc.o(.text)
    __Heap_Full                              0x00000cc1   Thumb Code    32  init_alloc.o(.text)
    __Heap_Broken                            0x00000ce1   Thumb Code    10  init_alloc.o(.text)
    _init_alloc                              0x00000ceb   Thumb Code    90  init_alloc.o(.text)
    malloc                                   0x00000d45   Thumb Code    98  h1_alloc.o(.text)
    _fseek                                   0x00000da9   Thumb Code   240  fseek.o(.text)
    fseek                                    0x00000da9   Thumb Code     0  fseek.o(.text)
    _seterr                                  0x00000e9d   Thumb Code    20  stdio.o(.text)
    _writebuf                                0x00000eb1   Thumb Code    76  stdio.o(.text)
    _fflush                                  0x00000efd   Thumb Code    76  stdio.o(.text)
    _deferredlazyseek                        0x00000f49   Thumb Code    60  stdio.o(.text)
    __sig_exit                               0x00000f8d   Thumb Code    12  defsig_exit.o(.text)
    __rt_SIGRTRED_inner                      0x00000f99   Thumb Code    14  defsig_rtred_inner.o(.text)
    strlen                                   0x00000fcd   Thumb Code    62  strlen.o(.text)
    _sys_exit                                0x00001011   Thumb Code     8  sys_exit.o(.text)
    __Heap_Initialize                        0x0000101d   Thumb Code    10  h1_init.o(.text)
    __Heap_DescSize                          0x00001027   Thumb Code     4  h1_init.o(.text)
    __Heap_ProvideMemory                     0x0000102b   Thumb Code    52  h1_extend.o(.text)
    _ftell_internal                          0x0000105f   Thumb Code    66  ftell.o(.text)
    ftell                                    0x0000105f   Thumb Code     0  ftell.o(.text)
    __default_signal_display                 0x000010a1   Thumb Code    52  defsig_general.o(.text)
    __rt_SIGRTMEM                            0x000010d5   Thumb Code    12  defsig_rtmem_outer.o(.text)
    __rt_heap_escrow                         0x000010e1   Thumb Code    26  heapauxa.o(.text)
    __rt_heap_expand                         0x000010fb   Thumb Code    54  heapauxa.o(.text)
    _ttywrch                                 0x00001135   Thumb Code    12  sys_wrch.o(.text)
    __aeabi_errno_addr                       0x00001141   Thumb Code    12  rt_errno_addr.o(.text)
    __errno                                  0x00001141   Thumb Code     0  rt_errno_addr.o(.text)
    __rt_errno_addr                          0x00001141   Thumb Code     0  rt_errno_addr.o(.text)
    __rt_SIGRTMEM_inner                      0x0000114d   Thumb Code    22  defsig_rtmem_inner.o(.text)
    ADC_Busy                                 0x0000119d   Thumb Code    20  swm221_adc.o(i.ADC_Busy)
    ADC_CMP_Init                             0x000011b9   Thumb Code    78  swm221_adc.o(i.ADC_CMP_Init)
    ADC_Close                                0x00001207   Thumb Code    10  swm221_adc.o(i.ADC_Close)
    ADC_DataAvailable                        0x00001211   Thumb Code    16  swm221_adc.o(i.ADC_DataAvailable)
    ADC_INTClr                               0x00001221   Thumb Code    18  swm221_adc.o(i.ADC_INTClr)
    ADC_INTDis                               0x00001233   Thumb Code    22  swm221_adc.o(i.ADC_INTDis)
    ADC_INTEn                                0x00001249   Thumb Code    22  swm221_adc.o(i.ADC_INTEn)
    ADC_INTStat                              0x0000125f   Thumb Code    28  swm221_adc.o(i.ADC_INTStat)
    ADC_Init                                 0x0000127d   Thumb Code   140  swm221_adc.o(i.ADC_Init)
    ADC_Open                                 0x0000131d   Thumb Code    30  swm221_adc.o(i.ADC_Open)
    ADC_Read                                 0x0000133b   Thumb Code    12  swm221_adc.o(i.ADC_Read)
    ADC_SEQ_Init                             0x00001347   Thumb Code   136  swm221_adc.o(i.ADC_SEQ_Init)
    ADC_Start                                0x000013d1   Thumb Code    14  swm221_adc.o(i.ADC_Start)
    ADC_Stop                                 0x000013e5   Thumb Code    14  swm221_adc.o(i.ADC_Stop)
    BlankCheck                               0x00001409   Thumb Code   140  flashprg.o(i.BlankCheck)
    CAN_AbortTransmit                        0x00001499   Thumb Code     6  swm221_can.o(i.CAN_AbortTransmit)
    CAN_Close                                0x0000149f   Thumb Code    10  swm221_can.o(i.CAN_Close)
    CAN_INTClr                               0x000014a9   Thumb Code     6  swm221_can.o(i.CAN_INTClr)
    CAN_INTDis                               0x000014af   Thumb Code     8  swm221_can.o(i.CAN_INTDis)
    CAN_INTEn                                0x000014b7   Thumb Code     8  swm221_can.o(i.CAN_INTEn)
    CAN_INTStat                              0x000014bf   Thumb Code     4  swm221_can.o(i.CAN_INTStat)
    CAN_Init                                 0x000014c5   Thumb Code   168  swm221_can.o(i.CAN_Init)
    CAN_Open                                 0x00001579   Thumb Code    10  swm221_can.o(i.CAN_Open)
    CAN_RXDataAvailable                      0x00001583   Thumb Code     8  swm221_can.o(i.CAN_RXDataAvailable)
    CAN_Receive                              0x0000158b   Thumb Code   116  swm221_can.o(i.CAN_Receive)
    CAN_SetBaudrate                          0x00001601   Thumb Code    54  swm221_can.o(i.CAN_SetBaudrate)
    CAN_SetFilter16b                         0x0000163d   Thumb Code    62  swm221_can.o(i.CAN_SetFilter16b)
    CAN_SetFilter32b                         0x0000167b   Thumb Code    50  swm221_can.o(i.CAN_SetFilter32b)
    CAN_TXBufferReady                        0x000016ad   Thumb Code     8  swm221_can.o(i.CAN_TXBufferReady)
    CAN_TXComplete                           0x000016b5   Thumb Code     8  swm221_can.o(i.CAN_TXComplete)
    CAN_TXSuccess                            0x000016bd   Thumb Code     8  swm221_can.o(i.CAN_TXSuccess)
    CAN_Transmit                             0x000016c5   Thumb Code   104  swm221_can.o(i.CAN_Transmit)
    CAN_TransmitRequest                      0x0000172d   Thumb Code    52  swm221_can.o(i.CAN_TransmitRequest)
    CRC_Init                                 0x00001761   Thumb Code    62  swm221_crc.o(i.CRC_Init)
    CRC_SetInitVal                           0x000017a5   Thumb Code    12  swm221_crc.o(i.CRC_SetInitVal)
    DIV_Init                                 0x000017b1   Thumb Code    18  swm221_div.o(i.DIV_Init)
    DMA_CH_Close                             0x000017c9   Thumb Code    16  swm221_dma.o(i.DMA_CH_Close)
    DMA_CH_INTClr                            0x000017dd   Thumb Code    10  swm221_dma.o(i.DMA_CH_INTClr)
    DMA_CH_INTDis                            0x000017ed   Thumb Code    14  swm221_dma.o(i.DMA_CH_INTDis)
    DMA_CH_INTEn                             0x00001801   Thumb Code    14  swm221_dma.o(i.DMA_CH_INTEn)
    DMA_CH_INTStat                           0x00001815   Thumb Code    14  swm221_dma.o(i.DMA_CH_INTStat)
    DMA_CH_Init                              0x00001829   Thumb Code   206  swm221_dma.o(i.DMA_CH_Init)
    DMA_CH_Open                              0x00001905   Thumb Code    16  swm221_dma.o(i.DMA_CH_Open)
    EXTI_Clear                               0x00001919   Thumb Code     8  swm221_exti.o(i.EXTI_Clear)
    EXTI_Close                               0x00001921   Thumb Code    12  swm221_exti.o(i.EXTI_Close)
    EXTI_Init                                0x0000192d   Thumb Code    70  swm221_exti.o(i.EXTI_Init)
    EXTI_Open                                0x00001973   Thumb Code    12  swm221_exti.o(i.EXTI_Open)
    EXTI_RawState                            0x0000197f   Thumb Code    10  swm221_exti.o(i.EXTI_RawState)
    EXTI_State                               0x00001989   Thumb Code    10  swm221_exti.o(i.EXTI_State)
    EnterSleepMode                           0x00001993   Thumb Code    20  swm221_sleep.o(i.EnterSleepMode)
    EraseChip                                0x000019a7   Thumb Code    10  flashprg.o(i.EraseChip)
    EraseSector                              0x000019b1   Thumb Code    16  flashprg.o(i.EraseSector)
    FLASH_Erase                              0x000019c1   Thumb Code    26  swm221_flash.o(i.FLASH_Erase)
    FLASH_Write                              0x000019e5   Thumb Code    26  swm221_flash.o(i.FLASH_Write)
    Flash_Param_at_xMHz                      0x00001a09   Thumb Code    28  swm221_flash.o(i.Flash_Param_at_xMHz)
    GPIO_AtomicClrBits                       0x00001a2d   Thumb Code    22  swm221_gpio.o(i.GPIO_AtomicClrBits)
    GPIO_AtomicInvBits                       0x00001a49   Thumb Code    22  swm221_gpio.o(i.GPIO_AtomicInvBits)
    GPIO_AtomicSetBits                       0x00001a65   Thumb Code    22  swm221_gpio.o(i.GPIO_AtomicSetBits)
    GPIO_ClrBit                              0x00001a81   Thumb Code    10  swm221_gpio.o(i.GPIO_ClrBit)
    GPIO_ClrBits                             0x00001a8d   Thumb Code    18  swm221_gpio.o(i.GPIO_ClrBits)
    GPIO_GetBit                              0x00001aa5   Thumb Code     8  swm221_gpio.o(i.GPIO_GetBit)
    GPIO_GetBits                             0x00001aad   Thumb Code    16  swm221_gpio.o(i.GPIO_GetBits)
    GPIO_Init                                0x00001ac1   Thumb Code   184  swm221_gpio.o(i.GPIO_Init)
    GPIO_InvBit                              0x00001b81   Thumb Code    14  swm221_gpio.o(i.GPIO_InvBit)
    GPIO_InvBits                             0x00001b91   Thumb Code    18  swm221_gpio.o(i.GPIO_InvBits)
    GPIO_SetBit                              0x00001ba9   Thumb Code    10  swm221_gpio.o(i.GPIO_SetBit)
    GPIO_SetBits                             0x00001bb5   Thumb Code    18  swm221_gpio.o(i.GPIO_SetBits)
    HAL_Delay                                0x00001bcd   Thumb Code     2  bsp.o(i.HAL_Delay)
    HAL_GetTick                              0x00001bd1   Thumb Code    12  bsp.o(i.HAL_GetTick)
    I2C_Close                                0x00001be1   Thumb Code    10  swm221_i2c.o(i.I2C_Close)
    I2C_INTClr                               0x00001beb   Thumb Code     4  swm221_i2c.o(i.I2C_INTClr)
    I2C_INTDis                               0x00001bef   Thumb Code     8  swm221_i2c.o(i.I2C_INTDis)
    I2C_INTEn                                0x00001bf7   Thumb Code     8  swm221_i2c.o(i.I2C_INTEn)
    I2C_INTStat                              0x00001bff   Thumb Code    10  swm221_i2c.o(i.I2C_INTStat)
    I2C_Init                                 0x00001c09   Thumb Code   270  swm221_i2c.o(i.I2C_Init)
    I2C_IsAck                                0x00001d21   Thumb Code    10  swm221_i2c.o(i.I2C_IsAck)
    I2C_Open                                 0x00001d2b   Thumb Code    10  swm221_i2c.o(i.I2C_Open)
    I2C_Read                                 0x00001d35   Thumb Code    40  swm221_i2c.o(i.I2C_Read)
    I2C_ReadDone                             0x00001d5d   Thumb Code    10  swm221_i2c.o(i.I2C_ReadDone)
    I2C_Start                                0x00001d67   Thumb Code    32  swm221_i2c.o(i.I2C_Start)
    I2C_StartDone                            0x00001d87   Thumb Code    10  swm221_i2c.o(i.I2C_StartDone)
    I2C_Stop                                 0x00001d91   Thumb Code    20  swm221_i2c.o(i.I2C_Stop)
    I2C_StopDone                             0x00001da5   Thumb Code    10  swm221_i2c.o(i.I2C_StopDone)
    I2C_Write                                0x00001daf   Thumb Code    32  swm221_i2c.o(i.I2C_Write)
    I2C_WriteDone                            0x00001dcf   Thumb Code    10  swm221_i2c.o(i.I2C_WriteDone)
    IOFILT_Init                              0x00001dd9   Thumb Code    50  swm221_iofilt.o(i.IOFILT_Init)
    Init                                     0x00001e11   Thumb Code    10  flashprg.o(i.Init)
    MPU_Init                                 0x00001e1d   Thumb Code    88  swm221_mpu.o(i.MPU_Init)
    MPU_ReadReg                              0x00001e79   Thumb Code    12  swm221_mpu.o(i.MPU_ReadReg)
    MPU_WR_DATA16                            0x00001e85   Thumb Code    12  swm221_mpu.o(i.MPU_WR_DATA16)
    MPU_WR_DATA8                             0x00001e91   Thumb Code    12  swm221_mpu.o(i.MPU_WR_DATA8)
    MPU_WR_REG8                              0x00001e9d   Thumb Code    12  swm221_mpu.o(i.MPU_WR_REG8)
    MPU_WriteReg                             0x00001ea9   Thumb Code    18  swm221_mpu.o(i.MPU_WriteReg)
    PORT_Init                                0x00001ebb   Thumb Code    72  swm221_port.o(i.PORT_Init)
    PWM_BrkConfig                            0x00001f03   Thumb Code    90  swm221_pwm.o(i.PWM_BrkConfig)
    PWM_BrkInPolarity                        0x00001f5d   Thumb Code    18  swm221_pwm.o(i.PWM_BrkInPolarity)
    PWM_BrkIntClr                            0x00001f75   Thumb Code     6  swm221_pwm.o(i.PWM_BrkIntClr)
    PWM_BrkIntDis                            0x00001f81   Thumb Code    10  swm221_pwm.o(i.PWM_BrkIntDis)
    PWM_BrkIntEn                             0x00001f91   Thumb Code    10  swm221_pwm.o(i.PWM_BrkIntEn)
    PWM_BrkIntStat                           0x00001fa1   Thumb Code     8  swm221_pwm.o(i.PWM_BrkIntStat)
    PWM_CmpTrigger                           0x00001fad   Thumb Code    38  swm221_pwm.o(i.PWM_CmpTrigger)
    PWM_GetDeadzone                          0x00001fd3   Thumb Code    14  swm221_pwm.o(i.PWM_GetDeadzone)
    PWM_GetHDuty                             0x00001fe1   Thumb Code    14  swm221_pwm.o(i.PWM_GetHDuty)
    PWM_GetHDuty2                            0x00001fef   Thumb Code    22  swm221_pwm.o(i.PWM_GetHDuty2)
    PWM_GetPeriod                            0x00002005   Thumb Code     8  swm221_pwm.o(i.PWM_GetPeriod)
    PWM_Init                                 0x0000200d   Thumb Code   290  swm221_pwm.o(i.PWM_Init)
    PWM_IntClr                               0x00002139   Thumb Code     4  swm221_pwm.o(i.PWM_IntClr)
    PWM_IntDis                               0x0000213d   Thumb Code     8  swm221_pwm.o(i.PWM_IntDis)
    PWM_IntEn                                0x00002145   Thumb Code     8  swm221_pwm.o(i.PWM_IntEn)
    PWM_IntStat                              0x0000214d   Thumb Code     6  swm221_pwm.o(i.PWM_IntStat)
    PWM_OutMask                              0x00002155   Thumb Code    90  swm221_pwm.o(i.PWM_OutMask)
    PWM_OvfTrigger                           0x000021b9   Thumb Code    12  swm221_pwm.o(i.PWM_OvfTrigger)
    PWM_ReloadDis                            0x000021c5   Thumb Code    10  swm221_pwm.o(i.PWM_ReloadDis)
    PWM_ReloadEn                             0x000021d5   Thumb Code    10  swm221_pwm.o(i.PWM_ReloadEn)
    PWM_Restart                              0x000021e5   Thumb Code     8  swm221_pwm.o(i.PWM_Restart)
    PWM_SetDeadzone                          0x000021f1   Thumb Code    12  swm221_pwm.o(i.PWM_SetDeadzone)
    PWM_SetHDuty                             0x000021fd   Thumb Code    12  swm221_pwm.o(i.PWM_SetHDuty)
    PWM_SetHDuty2                            0x00002209   Thumb Code    16  swm221_pwm.o(i.PWM_SetHDuty2)
    PWM_SetPeriod                            0x00002219   Thumb Code     6  swm221_pwm.o(i.PWM_SetPeriod)
    PWM_Start                                0x00002221   Thumb Code    10  swm221_pwm.o(i.PWM_Start)
    PWM_Stop                                 0x00002231   Thumb Code    10  swm221_pwm.o(i.PWM_Stop)
    ProgramPage                              0x00002241   Thumb Code    70  flashprg.o(i.ProgramPage)
    QEI_Init                                 0x00002289   Thumb Code   102  swm221_qei.o(i.QEI_Init)
    QEI_IntClr                               0x000022f5   Thumb Code     4  swm221_qei.o(i.QEI_IntClr)
    QEI_IntDis                               0x000022f9   Thumb Code     8  swm221_qei.o(i.QEI_IntDis)
    QEI_IntEn                                0x00002301   Thumb Code    22  swm221_qei.o(i.QEI_IntEn)
    QEI_IntStat                              0x0000231d   Thumb Code     6  swm221_qei.o(i.QEI_IntStat)
    QEI_Start                                0x00002323   Thumb Code    10  swm221_qei.o(i.QEI_Start)
    QEI_Stop                                 0x0000232d   Thumb Code    10  swm221_qei.o(i.QEI_Stop)
    QSPI_Close                               0x00002337   Thumb Code    10  swm221_qspi.o(i.QSPI_Close)
    QSPI_CmdStructClear                      0x00002341   Thumb Code    28  swm221_qspi.o(i.QSPI_CmdStructClear)
    QSPI_Command                             0x0000235d   Thumb Code   100  swm221_qspi.o(i.QSPI_Command)
    QSPI_Erase                               0x000023c1   Thumb Code    96  swm221_qspi.o(i.QSPI_Erase)
    QSPI_FlashBusy                           0x00002431   Thumb Code    16  swm221_qspi.o(i.QSPI_FlashBusy)
    QSPI_INTClr                              0x00002441   Thumb Code     4  swm221_qspi.o(i.QSPI_INTClr)
    QSPI_INTDis                              0x00002445   Thumb Code    10  swm221_qspi.o(i.QSPI_INTDis)
    QSPI_INTEn                               0x0000244f   Thumb Code    10  swm221_qspi.o(i.QSPI_INTEn)
    QSPI_INTStat                             0x00002459   Thumb Code     6  swm221_qspi.o(i.QSPI_INTStat)
    QSPI_Init                                0x00002461   Thumb Code   106  swm221_qspi.o(i.QSPI_Init)
    QSPI_Open                                0x000024dd   Thumb Code    10  swm221_qspi.o(i.QSPI_Open)
    QSPI_QuadState                           0x000024e7   Thumb Code    16  swm221_qspi.o(i.QSPI_QuadState)
    QSPI_QuadSwitch                          0x000024f7   Thumb Code    66  swm221_qspi.o(i.QSPI_QuadSwitch)
    QSPI_ReadReg                             0x00002539   Thumb Code    86  swm221_qspi.o(i.QSPI_ReadReg)
    QSPI_Read_                               0x00002591   Thumb Code   408  swm221_qspi.o(i.QSPI_Read_)
    QSPI_SendCmd                             0x0000272d   Thumb Code    54  swm221_qspi.o(i.QSPI_SendCmd)
    QSPI_WriteReg                            0x00002763   Thumb Code    82  swm221_qspi.o(i.QSPI_WriteReg)
    QSPI_Write_                              0x000027b5   Thumb Code   280  swm221_qspi.o(i.QSPI_Write_)
    SPI_Close                                0x000028d1   Thumb Code    10  swm221_spi.o(i.SPI_Close)
    SPI_INTClr                               0x000028db   Thumb Code     4  swm221_spi.o(i.SPI_INTClr)
    SPI_INTDis                               0x000028df   Thumb Code     8  swm221_spi.o(i.SPI_INTDis)
    SPI_INTEn                                0x000028e7   Thumb Code     8  swm221_spi.o(i.SPI_INTEn)
    SPI_INTStat                              0x000028ef   Thumb Code    10  swm221_spi.o(i.SPI_INTStat)
    SPI_Init                                 0x000028f9   Thumb Code   204  swm221_spi.o(i.SPI_Init)
    SPI_IsRXEmpty                            0x000029d9   Thumb Code    10  swm221_spi.o(i.SPI_IsRXEmpty)
    SPI_IsTXEmpty                            0x000029e3   Thumb Code     8  swm221_spi.o(i.SPI_IsTXEmpty)
    SPI_IsTXFull                             0x000029eb   Thumb Code    10  swm221_spi.o(i.SPI_IsTXFull)
    SPI_Open                                 0x000029f5   Thumb Code    10  swm221_spi.o(i.SPI_Open)
    SPI_Read                                 0x000029ff   Thumb Code     4  swm221_spi.o(i.SPI_Read)
    SPI_ReadWrite                            0x00002a03   Thumb Code    12  swm221_spi.o(i.SPI_ReadWrite)
    SPI_Write                                0x00002a0f   Thumb Code     4  swm221_spi.o(i.SPI_Write)
    SPI_WriteWithWait                        0x00002a13   Thumb Code    18  swm221_spi.o(i.SPI_WriteWithWait)
    SystemClock_Config                       0x00002a25   Thumb Code     4  bsp.o(i.SystemClock_Config)
    SystemCoreClockUpdate                    0x00002a29   Thumb Code   114  system_swm221.o(i.SystemCoreClockUpdate)
    SystemInit                               0x00002ab1   Thumb Code    92  system_swm221.o(i.SystemInit)
    TIMR_GetCurValue                         0x00002b1d   Thumb Code     4  swm221_timr.o(i.TIMR_GetCurValue)
    TIMR_Halt                                0x00002b21   Thumb Code     6  swm221_timr.o(i.TIMR_Halt)
    TIMR_IC_CaptureH_INTClr                  0x00002b27   Thumb Code     6  swm221_timr.o(i.TIMR_IC_CaptureH_INTClr)
    TIMR_IC_CaptureH_INTDis                  0x00002b2d   Thumb Code    10  swm221_timr.o(i.TIMR_IC_CaptureH_INTDis)
    TIMR_IC_CaptureH_INTEn                   0x00002b37   Thumb Code    10  swm221_timr.o(i.TIMR_IC_CaptureH_INTEn)
    TIMR_IC_CaptureH_INTStat                 0x00002b41   Thumb Code     8  swm221_timr.o(i.TIMR_IC_CaptureH_INTStat)
    TIMR_IC_CaptureL_INTClr                  0x00002b49   Thumb Code     6  swm221_timr.o(i.TIMR_IC_CaptureL_INTClr)
    TIMR_IC_CaptureL_INTDis                  0x00002b4f   Thumb Code    10  swm221_timr.o(i.TIMR_IC_CaptureL_INTDis)
    TIMR_IC_CaptureL_INTEn                   0x00002b59   Thumb Code    10  swm221_timr.o(i.TIMR_IC_CaptureL_INTEn)
    TIMR_IC_CaptureL_INTStat                 0x00002b63   Thumb Code     8  swm221_timr.o(i.TIMR_IC_CaptureL_INTStat)
    TIMR_IC_GetCaptureH                      0x00002b6b   Thumb Code     4  swm221_timr.o(i.TIMR_IC_GetCaptureH)
    TIMR_IC_GetCaptureL                      0x00002b6f   Thumb Code     4  swm221_timr.o(i.TIMR_IC_GetCaptureL)
    TIMR_IC_Init                             0x00002b75   Thumb Code    84  swm221_timr.o(i.TIMR_IC_Init)
    TIMR_INTClr                              0x00002bcd   Thumb Code     6  swm221_timr.o(i.TIMR_INTClr)
    TIMR_INTDis                              0x00002bd3   Thumb Code    10  swm221_timr.o(i.TIMR_INTDis)
    TIMR_INTEn                               0x00002bdd   Thumb Code    10  swm221_timr.o(i.TIMR_INTEn)
    TIMR_INTStat                             0x00002be7   Thumb Code     8  swm221_timr.o(i.TIMR_INTStat)
    TIMR_Init                                0x00002bf1   Thumb Code   236  swm221_timr.o(i.TIMR_Init)
    TIMR_OC_GetMatch                         0x00002ce9   Thumb Code     4  swm221_timr.o(i.TIMR_OC_GetMatch)
    TIMR_OC_INTClr                           0x00002ced   Thumb Code     6  swm221_timr.o(i.TIMR_OC_INTClr)
    TIMR_OC_INTDis                           0x00002cf3   Thumb Code    10  swm221_timr.o(i.TIMR_OC_INTDis)
    TIMR_OC_INTEn                            0x00002cfd   Thumb Code    10  swm221_timr.o(i.TIMR_OC_INTEn)
    TIMR_OC_INTStat                          0x00002d07   Thumb Code     8  swm221_timr.o(i.TIMR_OC_INTStat)
    TIMR_OC_Init                             0x00002d11   Thumb Code   132  swm221_timr.o(i.TIMR_OC_Init)
    TIMR_OC_OutputDis                        0x00002d9d   Thumb Code    28  swm221_timr.o(i.TIMR_OC_OutputDis)
    TIMR_OC_OutputEn                         0x00002db9   Thumb Code    10  swm221_timr.o(i.TIMR_OC_OutputEn)
    TIMR_OC_SetMatch                         0x00002dc3   Thumb Code     4  swm221_timr.o(i.TIMR_OC_SetMatch)
    TIMR_Resume                              0x00002dc7   Thumb Code     6  swm221_timr.o(i.TIMR_Resume)
    TIMR_Start                               0x00002dcd   Thumb Code    94  swm221_timr.o(i.TIMR_Start)
    TIMR_Stop                                0x00002e3d   Thumb Code    96  swm221_timr.o(i.TIMR_Stop)
    UART_ABRIsDone                           0x00002ead   Thumb Code    24  swm221_uart.o(i.UART_ABRIsDone)
    UART_ABRStart                            0x00002ec5   Thumb Code    90  swm221_uart.o(i.UART_ABRStart)
    UART_CTSConfig                           0x00002f1f   Thumb Code    22  swm221_uart.o(i.UART_CTSConfig)
    UART_CTSLineState                        0x00002f35   Thumb Code     8  swm221_uart.o(i.UART_CTSLineState)
    UART_Close                               0x00002f3d   Thumb Code    12  swm221_uart.o(i.UART_Close)
    UART_GetBaudrate                         0x00002f49   Thumb Code    28  swm221_uart.o(i.UART_GetBaudrate)
    UART_INTClr                              0x00002f69   Thumb Code    16  swm221_uart.o(i.UART_INTClr)
    UART_INTDis                              0x00002f79   Thumb Code     8  swm221_uart.o(i.UART_INTDis)
    UART_INTEn                               0x00002f81   Thumb Code     8  swm221_uart.o(i.UART_INTEn)
    UART_INTStat                             0x00002f89   Thumb Code    48  swm221_uart.o(i.UART_INTStat)
    UART_Init                                0x00002fb9   Thumb Code   250  swm221_uart.o(i.UART_Init)
    UART_IsRXFIFOEmpty                       0x000030c5   Thumb Code    10  swm221_uart.o(i.UART_IsRXFIFOEmpty)
    UART_IsTXBusy                            0x000030cf   Thumb Code    10  swm221_uart.o(i.UART_IsTXBusy)
    UART_IsTXFIFOFull                        0x000030d9   Thumb Code     8  swm221_uart.o(i.UART_IsTXFIFOFull)
    UART_LINConfig                           0x000030e1   Thumb Code    48  swm221_uart.o(i.UART_LINConfig)
    UART_LINGenerate                         0x00003111   Thumb Code    10  swm221_uart.o(i.UART_LINGenerate)
    UART_LININTClr                           0x0000311b   Thumb Code    10  swm221_uart.o(i.UART_LININTClr)
    UART_LININTDis                           0x00003125   Thumb Code     8  swm221_uart.o(i.UART_LININTDis)
    UART_LININTEn                            0x0000312d   Thumb Code     8  swm221_uart.o(i.UART_LININTEn)
    UART_LININTStat                          0x00003135   Thumb Code     8  swm221_uart.o(i.UART_LININTStat)
    UART_LIN_Checksum                        0x0000313d   Thumb Code    46  swm221_uart.o(i.UART_LIN_Checksum)
    UART_LIN_IDParity                        0x0000316b   Thumb Code    58  swm221_uart.o(i.UART_LIN_IDParity)
    UART_Open                                0x000031a5   Thumb Code    12  swm221_uart.o(i.UART_Open)
    UART_RTSConfig                           0x000031b1   Thumb Code    28  swm221_uart.o(i.UART_RTSConfig)
    UART_RTSLineState                        0x000031cd   Thumb Code     8  swm221_uart.o(i.UART_RTSLineState)
    UART_ReadByte                            0x000031d5   Thumb Code    20  swm221_uart.o(i.UART_ReadByte)
    UART_SetBaudrate                         0x000031e9   Thumb Code    44  swm221_uart.o(i.UART_SetBaudrate)
    UART_WriteByte                           0x0000321d   Thumb Code     4  swm221_uart.o(i.UART_WriteByte)
    USART_Close                              0x00003221   Thumb Code     8  swm221_usart.o(i.USART_Close)
    USART_GetBaudrate                        0x00003229   Thumb Code    28  swm221_usart.o(i.USART_GetBaudrate)
    USART_Init                               0x00003249   Thumb Code   120  swm221_usart.o(i.USART_Init)
    USART_LINConfig                          0x000032cd   Thumb Code    26  swm221_usart.o(i.USART_LINConfig)
    USART_LINResponse                        0x000032e9   Thumb Code    30  swm221_usart.o(i.USART_LINResponse)
    USART_LINStart                           0x0000330d   Thumb Code    34  swm221_usart.o(i.USART_LINStart)
    USART_Open                               0x00003335   Thumb Code     6  swm221_usart.o(i.USART_Open)
    USART_SetBaudrate                        0x0000333d   Thumb Code    26  swm221_usart.o(i.USART_SetBaudrate)
    UnInit                                   0x0000335d   Thumb Code     4  flashprg.o(i.UnInit)
    Verify                                   0x00003361   Thumb Code   184  flashprg.o(i.Verify)
    WDT_Feed                                 0x0000341d   Thumb Code    12  swm221_wdt.o(i.WDT_Feed)
    WDT_INTClr                               0x00003429   Thumb Code     6  swm221_wdt.o(i.WDT_INTClr)
    WDT_INTStat                              0x0000342f   Thumb Code     4  swm221_wdt.o(i.WDT_INTStat)
    WDT_Init                                 0x00003435   Thumb Code   106  swm221_wdt.o(i.WDT_Init)
    WDT_ReInit                               0x000034a5   Thumb Code    54  swm221_wdt.o(i.WDT_ReInit)
    WDT_Start                                0x000034e1   Thumb Code    10  swm221_wdt.o(i.WDT_Start)
    WDT_Stop                                 0x000034eb   Thumb Code    10  swm221_wdt.o(i.WDT_Stop)
    _is_digit                                0x000035c5   Thumb Code    14  __printf_wp.o(i._is_digit)
    board_init                               0x000035d3   Thumb Code    16  bsp.o(i.board_init)
    bsp_InitSPIBus                           0x000035e3   Thumb Code     2  bsp_spi_bus.o(i.bsp_InitSPIBus)
    bsp_spiDelay                             0x000035e5   Thumb Code     2  bsp_spi_bus.o(i.bsp_spiDelay)
    bsp_spiRead0                             0x000035e7   Thumb Code     4  bsp_spi_bus.o(i.bsp_spiRead0)
    bsp_spiWrite0                            0x000035eb   Thumb Code     2  bsp_spi_bus.o(i.bsp_spiWrite0)
    flash_qspi_port_deinit                   0x000035ed   Thumb Code    32  dev_qspi_flash.o(i.flash_qspi_port_deinit)
    flash_qspi_port_init                     0x00003611   Thumb Code    84  dev_qspi_flash.o(i.flash_qspi_port_init)
    fputc                                    0x00003669   Thumb Code    30  fputc.o(i.fputc)
    qspi_dma_read                            0x00003689   Thumb Code   240  dev_qspi_flash.o(i.qspi_dma_read)
    qspi_flash_init                          0x0000379d   Thumb Code   124  dev_qspi_flash.o(i.qspi_flash_init)
    qspi_multiplex_flash                     0x0000387d   Thumb Code    22  bsp.o(i.qspi_multiplex_flash)
    sf_EraseChip                             0x00003899   Thumb Code     2  bsp_spi_flash.o(i.sf_EraseChip)
    sf_EraseSector                           0x0000389d   Thumb Code    16  bsp_spi_flash.o(i.sf_EraseSector)
    sf_PageWrite                             0x000038b1   Thumb Code    22  bsp_spi_flash.o(i.sf_PageWrite)
    sf_ReadBuffer                            0x000038cd   Thumb Code    20  bsp_spi_flash.o(i.sf_ReadBuffer)
    sf_SetCS                                 0x000038e1   Thumb Code     2  bsp_spi_flash.o(i.sf_SetCS)
    switchOn32KHz                            0x000038e5   Thumb Code    12  system_swm221.o(i.switchOn32KHz)
    switchOnHRC                              0x000038f5   Thumb Code    12  system_swm221.o(i.switchOnHRC)
    switchOnPLL                              0x00003905   Thumb Code    60  system_swm221.o(i.switchOnPLL)
    switchOnXTAL                             0x00003945   Thumb Code    62  system_swm221.o(i.switchOnXTAL)
    switchToDIV                              0x00003991   Thumb Code    60  system_swm221.o(i.switchToDIV)
    switchToHRC                              0x000039d1   Thumb Code    44  system_swm221.o(i.switchToHRC)
    systick_init                             0x00003a05   Thumb Code    62  bsp.o(i.systick_init)
    uart_debug_init                          0x00003a59   Thumb Code     2  bsp.o(i.uart_debug_init)
    __stdin_name                             0x00003aa1   Data           4  sys_io.o(.constdata)
    __stdout_name                            0x00003aa5   Data           4  sys_io.o(.constdata)
    __stderr_name                            0x00003aa9   Data           4  sys_io.o(.constdata)
    SystemCoreClock                          0x00003ac0   Data           4  system_swm221.o(.data)
    CyclesPerUs                              0x00003ac4   Data           4  system_swm221.o(.data)
    IAP_Flash_Erase                          0x00003ac8   Data           4  swm221_flash.o(.data)
    IAP_Flash_Write                          0x00003acc   Data           4  swm221_flash.o(.data)
    IAP_Flash_Param                          0x00003ad0   Data           4  swm221_flash.o(.data)
    Code_Cache_Clear                         0x00003ad4   Data          40  swm221_flash.o(.data)
    __aeabi_stdin                            0x00003b00   Data           4  stdio_streams.o(.data)
    __aeabi_stdout                           0x00003b04   Data           4  stdio_streams.o(.data)
    __aeabi_stderr                           0x00003b08   Data           4  stdio_streams.o(.data)
    FlashDevice                              0x00003b10   Data        4256  flashdev.o(.constdata)
    aux_buf                                  0x00003b10   Data        2048  flashprg.o(.bss)
    __stdin                                  0x00004310   Data          84  stdio_streams.o(.bss)
    __stdout                                 0x00004364   Data          84  stdio_streams.o(.bss)
    __stderr                                 0x000043b8   Data          84  stdio_streams.o(.bss)



==============================================================================

Memory Map of the image

  Image entry point : Not specified.

  Load Region PRG (Base: 0x00000000, Size: 0x00003b10, Max: 0xffffffff, PI)

    Execution Region PrgCode (Exec base: 0x00000000, Load base: 0x00000000, Size: 0x00003ab0, Max: 0xffffffff, PI)

    Exec Addr    Load Addr    Size         Type   Attr      Idx    E Section Name        Object

    0x00000000   0x00000000   0x00000002   Code   RO         2220    .ARM.Collect$$_printf_percent$$00000000  c_pe.l(_printf_percent.o)
    0x00000002   0x00000002   0x0000000a   Code   RO         2218    .ARM.Collect$$_printf_percent$$00000002  c_pe.l(_printf_p.o)
    0x0000000c   0x0000000c   0x0000000a   Code   RO         2219    .ARM.Collect$$_printf_percent$$00000009  c_pe.l(_printf_d.o)
    0x00000016   0x00000016   0x0000000a   Code   RO         2217    .ARM.Collect$$_printf_percent$$0000000C  c_pe.l(_printf_x.o)
    0x00000020   0x00000020   0x0000000a   Code   RO         2216    .ARM.Collect$$_printf_percent$$00000014  c_pe.l(_printf_s.o)
    0x0000002a   0x0000002a   0x00000004   Code   RO         2237    .ARM.Collect$$_printf_percent$$00000017  c_pe.l(_printf_percent_end.o)
    0x0000002e   0x0000002e   0x00000000   Code   RO         2358    .ARM.Collect$$libinit$$0000000A  c_pe.l(libinit2.o)
    0x0000002e   0x0000002e   0x00000000   Code   RO         2385    .ARM.Collect$$libinit$$00000025  c_pe.l(libinit2.o)
    0x0000002e   0x0000002e   0x00000000   Code   RO         2400    .ARM.Collect$$libshutdown$$00000004  c_pe.l(libshutdown2.o)
    0x0000002e   0x0000002e   0x00000002   PAD
    0x00000030   0x00000030   0x00000000   Code   RO          826    .emb_text           swm221_flash.o
    0x00000030   0x00000030   0x00000000   Code   RO         2480    .emb_text           c_pe.l(maybetermalloc1.o)
    0x00000030   0x00000030   0x00000004   Code   RO            1    .rev16_text         flashprg.o
    0x00000034   0x00000034   0x00000004   Code   RO          188    .rev16_text         bsp.o
    0x00000038   0x00000038   0x00000004   Code   RO          248    .rev16_text         bsp_spi_bus.o
    0x0000003c   0x0000003c   0x00000004   Code   RO          286    .rev16_text         bsp_spi_flash.o
    0x00000040   0x00000040   0x00000004   Code   RO          330    .rev16_text         system_swm221.o
    0x00000044   0x00000044   0x00000004   Code   RO          397    .rev16_text         dev_qspi_flash.o
    0x00000048   0x00000048   0x00000004   Code   RO          439    .rev16_text         swm221_adc.o
    0x0000004c   0x0000004c   0x00000004   Code   RO          549    .rev16_text         swm221_can.o
    0x00000050   0x00000050   0x00000004   Code   RO          674    .rev16_text         swm221_crc.o
    0x00000054   0x00000054   0x00000004   Code   RO          700    .rev16_text         swm221_div.o
    0x00000058   0x00000058   0x00000004   Code   RO          720    .rev16_text         swm221_dma.o
    0x0000005c   0x0000005c   0x00000004   Code   RO          774    .rev16_text         swm221_exti.o
    0x00000060   0x00000060   0x00000004   Code   RO          824    .rev16_text         swm221_flash.o
    0x00000064   0x00000064   0x00000004   Code   RO          864    .rev16_text         swm221_gpio.o
    0x00000068   0x00000068   0x00000004   Code   RO          950    .rev16_text         swm221_i2c.o
    0x0000006c   0x0000006c   0x00000004   Code   RO         1070    .rev16_text         swm221_iofilt.o
    0x00000070   0x00000070   0x00000004   Code   RO         1090    .rev16_text         swm221_mpu.o
    0x00000074   0x00000074   0x00000004   Code   RO         1139    .rev16_text         swm221_port.o
    0x00000078   0x00000078   0x00000004   Code   RO         1159    .rev16_text         swm221_pwm.o
    0x0000007c   0x0000007c   0x00000004   Code   RO         1340    .rev16_text         swm221_qei.o
    0x00000080   0x00000080   0x00000004   Code   RO         1401    .rev16_text         swm221_qspi.o
    0x00000084   0x00000084   0x00000004   Code   RO         1532    .rev16_text         swm221_sleep.o
    0x00000088   0x00000088   0x00000004   Code   RO         1552    .rev16_text         swm221_spi.o
    0x0000008c   0x0000008c   0x00000004   Code   RO         1650    .rev16_text         swm221_timr.o
    0x00000090   0x00000090   0x00000004   Code   RO         1849    .rev16_text         swm221_uart.o
    0x00000094   0x00000094   0x00000004   Code   RO         2041    .rev16_text         swm221_usart.o
    0x00000098   0x00000098   0x00000004   Code   RO         2106    .rev16_text         swm221_wdt.o
    0x0000009c   0x0000009c   0x00000004   Code   RO            2    .revsh_text         flashprg.o
    0x000000a0   0x000000a0   0x00000004   Code   RO          189    .revsh_text         bsp.o
    0x000000a4   0x000000a4   0x00000004   Code   RO          249    .revsh_text         bsp_spi_bus.o
    0x000000a8   0x000000a8   0x00000004   Code   RO          287    .revsh_text         bsp_spi_flash.o
    0x000000ac   0x000000ac   0x00000004   Code   RO          331    .revsh_text         system_swm221.o
    0x000000b0   0x000000b0   0x00000004   Code   RO          398    .revsh_text         dev_qspi_flash.o
    0x000000b4   0x000000b4   0x00000004   Code   RO          440    .revsh_text         swm221_adc.o
    0x000000b8   0x000000b8   0x00000004   Code   RO          550    .revsh_text         swm221_can.o
    0x000000bc   0x000000bc   0x00000004   Code   RO          675    .revsh_text         swm221_crc.o
    0x000000c0   0x000000c0   0x00000004   Code   RO          701    .revsh_text         swm221_div.o
    0x000000c4   0x000000c4   0x00000004   Code   RO          721    .revsh_text         swm221_dma.o
    0x000000c8   0x000000c8   0x00000004   Code   RO          775    .revsh_text         swm221_exti.o
    0x000000cc   0x000000cc   0x00000004   Code   RO          825    .revsh_text         swm221_flash.o
    0x000000d0   0x000000d0   0x00000004   Code   RO          865    .revsh_text         swm221_gpio.o
    0x000000d4   0x000000d4   0x00000004   Code   RO          951    .revsh_text         swm221_i2c.o
    0x000000d8   0x000000d8   0x00000004   Code   RO         1071    .revsh_text         swm221_iofilt.o
    0x000000dc   0x000000dc   0x00000004   Code   RO         1091    .revsh_text         swm221_mpu.o
    0x000000e0   0x000000e0   0x00000004   Code   RO         1140    .revsh_text         swm221_port.o
    0x000000e4   0x000000e4   0x00000004   Code   RO         1160    .revsh_text         swm221_pwm.o
    0x000000e8   0x000000e8   0x00000004   Code   RO         1341    .revsh_text         swm221_qei.o
    0x000000ec   0x000000ec   0x00000004   Code   RO         1402    .revsh_text         swm221_qspi.o
    0x000000f0   0x000000f0   0x00000004   Code   RO         1533    .revsh_text         swm221_sleep.o
    0x000000f4   0x000000f4   0x00000004   Code   RO         1553    .revsh_text         swm221_spi.o
    0x000000f8   0x000000f8   0x00000004   Code   RO         1651    .revsh_text         swm221_timr.o
    0x000000fc   0x000000fc   0x00000004   Code   RO         1850    .revsh_text         swm221_uart.o
    0x00000100   0x00000100   0x00000004   Code   RO         2042    .revsh_text         swm221_usart.o
    0x00000104   0x00000104   0x00000004   Code   RO         2107    .revsh_text         swm221_wdt.o
    0x00000108   0x00000108   0x0000001c   Code   RO         2165    .text               c_pe.l(noretval__2printf.o)
    0x00000124   0x00000124   0x0000004e   Code   RO         2169    .text               c_pe.l(_printf_pad.o)
    0x00000172   0x00000172   0x00000052   Code   RO         2171    .text               c_pe.l(_printf_str.o)
    0x000001c4   0x000001c4   0x0000006c   Code   RO         2173    .text               c_pe.l(_printf_dec.o)
    0x00000230   0x00000230   0x00000084   Code   RO         2187    .text               c_pe.l(_printf_hex_int_ptr.o)
    0x000002b4   0x000002b4   0x00000138   Code   RO         2208    .text               c_pe.l(__printf_flags_wp.o)
    0x000003ec   0x000003ec   0x00000022   Code   RO         2221    .text               c_pe.l(uread4.o)
    0x0000040e   0x0000040e   0x0000015a   Code   RO         2223    .text               c_pe.l(aeabi_sdiv.o)
    0x00000568   0x00000568   0x000000b0   Code   RO         2231    .text               c_pe.l(_printf_intcommon.o)
    0x00000618   0x00000618   0x0000002e   Code   RO         2233    .text               c_pe.l(_printf_char.o)
    0x00000646   0x00000646   0x00000002   PAD
    0x00000648   0x00000648   0x00000028   Code   RO         2235    .text               c_pe.l(_printf_char_file.o)
    0x00000670   0x00000670   0x00000028   Code   RO         2244    .text               c_pe.l(rtudiv10.o)
    0x00000698   0x00000698   0x00000030   Code   RO         2248    .text               c_pe.l(_printf_char_common.o)
    0x000006c8   0x000006c8   0x00000008   Code   RO         2250    .text               c_pe.l(ferror.o)
    0x000006d0   0x000006d0   0x00000164   Code   RO         2256    .text               c_pe.l(initio.o)
    0x00000834   0x00000834   0x00000066   Code   RO         2264    .text               c_pe.l(sys_io.o)
    0x0000089a   0x0000089a   0x0000004c   Code   RO         2273    .text               c_pe.l(h1_free.o)
    0x000008e6   0x000008e6   0x00000002   PAD
    0x000008e8   0x000008e8   0x000001f0   Code   RO         2329    .text               c_pe.l(flsbuf.o)
    0x00000ad8   0x00000ad8   0x0000004c   Code   RO         2331    .text               c_pe.l(setvbuf.o)
    0x00000b24   0x00000b24   0x000000ec   Code   RO         2334    .text               c_pe.l(fopen.o)
    0x00000c10   0x00000c10   0x0000004c   Code   RO         2336    .text               c_pe.l(fclose.o)
    0x00000c5c   0x00000c5c   0x0000000c   Code   RO         2346    .text               c_pe.l(defsig_rtred_outer.o)
    0x00000c68   0x00000c68   0x00000040   Code   RO         2350    .text               c_pe.l(rt_memclr.o)
    0x00000ca8   0x00000ca8   0x00000002   Code   RO         2415    .text               c_pe.l(use_no_semi.o)
    0x00000caa   0x00000caa   0x00000000   Code   RO         2417    .text               c_pe.l(indicate_semi.o)
    0x00000caa   0x00000caa   0x00000002   PAD
    0x00000cac   0x00000cac   0x0000000c   Code   RO         2420    .text               c_pe.l(rt_heap_descriptor.o)
    0x00000cb8   0x00000cb8   0x00000004   Code   RO         2425    .text               c_pe.l(hguard.o)
    0x00000cbc   0x00000cbc   0x00000088   Code   RO         2427    .text               c_pe.l(init_alloc.o)
    0x00000d44   0x00000d44   0x00000062   Code   RO         2433    .text               c_pe.l(h1_alloc.o)
    0x00000da6   0x00000da6   0x00000002   PAD
    0x00000da8   0x00000da8   0x000000f4   Code   RO         2449    .text               c_pe.l(fseek.o)
    0x00000e9c   0x00000e9c   0x000000f0   Code   RO         2451    .text               c_pe.l(stdio.o)
    0x00000f8c   0x00000f8c   0x0000000c   Code   RO         2457    .text               c_pe.l(defsig_exit.o)
    0x00000f98   0x00000f98   0x00000034   Code   RO         2461    .text               c_pe.l(defsig_rtred_inner.o)
    0x00000fcc   0x00000fcc   0x00000044   Code   RO         2465    .text               c_pe.l(strlen.o)
    0x00001010   0x00001010   0x0000000c   Code   RO         2475    .text               c_pe.l(sys_exit.o)
    0x0000101c   0x0000101c   0x0000000e   Code   RO         2482    .text               c_pe.l(h1_init.o)
    0x0000102a   0x0000102a   0x00000034   Code   RO         2484    .text               c_pe.l(h1_extend.o)
    0x0000105e   0x0000105e   0x00000042   Code   RO         2494    .text               c_pe.l(ftell.o)
    0x000010a0   0x000010a0   0x00000034   Code   RO         2502    .text               c_pe.l(defsig_general.o)
    0x000010d4   0x000010d4   0x0000000c   Code   RO         2504    .text               c_pe.l(defsig_rtmem_outer.o)
    0x000010e0   0x000010e0   0x00000054   Code   RO         2508    .text               c_pe.l(heapauxa.o)
    0x00001134   0x00001134   0x0000000c   Code   RO         2519    .text               c_pe.l(sys_wrch.o)
    0x00001140   0x00001140   0x0000000c   Code   RO         2523    .text               c_pe.l(rt_errno_addr.o)
    0x0000114c   0x0000114c   0x00000050   Code   RO         2532    .text               c_pe.l(defsig_rtmem_inner.o)
    0x0000119c   0x0000119c   0x0000001c   Code   RO          441    i.ADC_Busy          swm221_adc.o
    0x000011b8   0x000011b8   0x0000004e   Code   RO          442    i.ADC_CMP_Init      swm221_adc.o
    0x00001206   0x00001206   0x0000000a   Code   RO          443    i.ADC_Close         swm221_adc.o
    0x00001210   0x00001210   0x00000010   Code   RO          444    i.ADC_DataAvailable  swm221_adc.o
    0x00001220   0x00001220   0x00000012   Code   RO          445    i.ADC_INTClr        swm221_adc.o
    0x00001232   0x00001232   0x00000016   Code   RO          446    i.ADC_INTDis        swm221_adc.o
    0x00001248   0x00001248   0x00000016   Code   RO          447    i.ADC_INTEn         swm221_adc.o
    0x0000125e   0x0000125e   0x0000001c   Code   RO          448    i.ADC_INTStat       swm221_adc.o
    0x0000127a   0x0000127a   0x00000002   PAD
    0x0000127c   0x0000127c   0x000000a0   Code   RO          449    i.ADC_Init          swm221_adc.o
    0x0000131c   0x0000131c   0x0000001e   Code   RO          450    i.ADC_Open          swm221_adc.o
    0x0000133a   0x0000133a   0x0000000c   Code   RO          451    i.ADC_Read          swm221_adc.o
    0x00001346   0x00001346   0x00000088   Code   RO          452    i.ADC_SEQ_Init      swm221_adc.o
    0x000013ce   0x000013ce   0x00000002   PAD
    0x000013d0   0x000013d0   0x00000014   Code   RO          453    i.ADC_Start         swm221_adc.o
    0x000013e4   0x000013e4   0x00000014   Code   RO          454    i.ADC_Stop          swm221_adc.o
    0x000013f8   0x000013f8   0x00000010   Code   RO          455    i.ADC_seq2pos       swm221_adc.o
    0x00001408   0x00001408   0x00000090   Code   RO            3    i.BlankCheck        flashprg.o
    0x00001498   0x00001498   0x00000006   Code   RO          551    i.CAN_AbortTransmit  swm221_can.o
    0x0000149e   0x0000149e   0x0000000a   Code   RO          552    i.CAN_Close         swm221_can.o
    0x000014a8   0x000014a8   0x00000006   Code   RO          553    i.CAN_INTClr        swm221_can.o
    0x000014ae   0x000014ae   0x00000008   Code   RO          554    i.CAN_INTDis        swm221_can.o
    0x000014b6   0x000014b6   0x00000008   Code   RO          555    i.CAN_INTEn         swm221_can.o
    0x000014be   0x000014be   0x00000004   Code   RO          556    i.CAN_INTStat       swm221_can.o
    0x000014c2   0x000014c2   0x00000002   PAD
    0x000014c4   0x000014c4   0x000000b4   Code   RO          557    i.CAN_Init          swm221_can.o
    0x00001578   0x00001578   0x0000000a   Code   RO          558    i.CAN_Open          swm221_can.o
    0x00001582   0x00001582   0x00000008   Code   RO          559    i.CAN_RXDataAvailable  swm221_can.o
    0x0000158a   0x0000158a   0x00000074   Code   RO          560    i.CAN_Receive       swm221_can.o
    0x000015fe   0x000015fe   0x00000002   PAD
    0x00001600   0x00001600   0x0000003c   Code   RO          561    i.CAN_SetBaudrate   swm221_can.o
    0x0000163c   0x0000163c   0x0000003e   Code   RO          562    i.CAN_SetFilter16b  swm221_can.o
    0x0000167a   0x0000167a   0x00000032   Code   RO          563    i.CAN_SetFilter32b  swm221_can.o
    0x000016ac   0x000016ac   0x00000008   Code   RO          564    i.CAN_TXBufferReady  swm221_can.o
    0x000016b4   0x000016b4   0x00000008   Code   RO          565    i.CAN_TXComplete    swm221_can.o
    0x000016bc   0x000016bc   0x00000008   Code   RO          566    i.CAN_TXSuccess     swm221_can.o
    0x000016c4   0x000016c4   0x00000068   Code   RO          567    i.CAN_Transmit      swm221_can.o
    0x0000172c   0x0000172c   0x00000034   Code   RO          568    i.CAN_TransmitRequest  swm221_can.o
    0x00001760   0x00001760   0x00000044   Code   RO          676    i.CRC_Init          swm221_crc.o
    0x000017a4   0x000017a4   0x0000000c   Code   RO          677    i.CRC_SetInitVal    swm221_crc.o
    0x000017b0   0x000017b0   0x00000018   Code   RO          702    i.DIV_Init          swm221_div.o
    0x000017c8   0x000017c8   0x00000014   Code   RO          722    i.DMA_CH_Close      swm221_dma.o
    0x000017dc   0x000017dc   0x00000010   Code   RO          723    i.DMA_CH_INTClr     swm221_dma.o
    0x000017ec   0x000017ec   0x00000014   Code   RO          724    i.DMA_CH_INTDis     swm221_dma.o
    0x00001800   0x00001800   0x00000014   Code   RO          725    i.DMA_CH_INTEn      swm221_dma.o
    0x00001814   0x00001814   0x00000014   Code   RO          726    i.DMA_CH_INTStat    swm221_dma.o
    0x00001828   0x00001828   0x000000dc   Code   RO          727    i.DMA_CH_Init       swm221_dma.o
    0x00001904   0x00001904   0x00000014   Code   RO          728    i.DMA_CH_Open       swm221_dma.o
    0x00001918   0x00001918   0x00000008   Code   RO          776    i.EXTI_Clear        swm221_exti.o
    0x00001920   0x00001920   0x0000000c   Code   RO          777    i.EXTI_Close        swm221_exti.o
    0x0000192c   0x0000192c   0x00000046   Code   RO          778    i.EXTI_Init         swm221_exti.o
    0x00001972   0x00001972   0x0000000c   Code   RO          779    i.EXTI_Open         swm221_exti.o
    0x0000197e   0x0000197e   0x0000000a   Code   RO          780    i.EXTI_RawState     swm221_exti.o
    0x00001988   0x00001988   0x0000000a   Code   RO          781    i.EXTI_State        swm221_exti.o
    0x00001992   0x00001992   0x00000014   Code   RO         1534    i.EnterSleepMode    swm221_sleep.o
    0x000019a6   0x000019a6   0x0000000a   Code   RO            4    i.EraseChip         flashprg.o
    0x000019b0   0x000019b0   0x00000010   Code   RO            5    i.EraseSector       flashprg.o
    0x000019c0   0x000019c0   0x00000024   Code   RO          827    i.FLASH_Erase       swm221_flash.o
    0x000019e4   0x000019e4   0x00000024   Code   RO          828    i.FLASH_Write       swm221_flash.o
    0x00001a08   0x00001a08   0x00000024   Code   RO          829    i.Flash_Param_at_xMHz  swm221_flash.o
    0x00001a2c   0x00001a2c   0x0000001c   Code   RO          866    i.GPIO_AtomicClrBits  swm221_gpio.o
    0x00001a48   0x00001a48   0x0000001c   Code   RO          867    i.GPIO_AtomicInvBits  swm221_gpio.o
    0x00001a64   0x00001a64   0x0000001c   Code   RO          868    i.GPIO_AtomicSetBits  swm221_gpio.o
    0x00001a80   0x00001a80   0x0000000a   Code   RO          869    i.GPIO_ClrBit       swm221_gpio.o
    0x00001a8a   0x00001a8a   0x00000002   PAD
    0x00001a8c   0x00001a8c   0x00000018   Code   RO          870    i.GPIO_ClrBits      swm221_gpio.o
    0x00001aa4   0x00001aa4   0x00000008   Code   RO          871    i.GPIO_GetBit       swm221_gpio.o
    0x00001aac   0x00001aac   0x00000014   Code   RO          872    i.GPIO_GetBits      swm221_gpio.o
    0x00001ac0   0x00001ac0   0x000000c0   Code   RO          873    i.GPIO_Init         swm221_gpio.o
    0x00001b80   0x00001b80   0x0000000e   Code   RO          874    i.GPIO_InvBit       swm221_gpio.o
    0x00001b8e   0x00001b8e   0x00000002   PAD
    0x00001b90   0x00001b90   0x00000018   Code   RO          875    i.GPIO_InvBits      swm221_gpio.o
    0x00001ba8   0x00001ba8   0x0000000a   Code   RO          876    i.GPIO_SetBit       swm221_gpio.o
    0x00001bb2   0x00001bb2   0x00000002   PAD
    0x00001bb4   0x00001bb4   0x00000018   Code   RO          877    i.GPIO_SetBits      swm221_gpio.o
    0x00001bcc   0x00001bcc   0x00000002   Code   RO          190    i.HAL_Delay         bsp.o
    0x00001bce   0x00001bce   0x00000002   PAD
    0x00001bd0   0x00001bd0   0x00000010   Code   RO          191    i.HAL_GetTick       bsp.o
    0x00001be0   0x00001be0   0x0000000a   Code   RO          952    i.I2C_Close         swm221_i2c.o
    0x00001bea   0x00001bea   0x00000004   Code   RO          953    i.I2C_INTClr        swm221_i2c.o
    0x00001bee   0x00001bee   0x00000008   Code   RO          954    i.I2C_INTDis        swm221_i2c.o
    0x00001bf6   0x00001bf6   0x00000008   Code   RO          955    i.I2C_INTEn         swm221_i2c.o
    0x00001bfe   0x00001bfe   0x0000000a   Code   RO          956    i.I2C_INTStat       swm221_i2c.o
    0x00001c08   0x00001c08   0x00000118   Code   RO          957    i.I2C_Init          swm221_i2c.o
    0x00001d20   0x00001d20   0x0000000a   Code   RO          958    i.I2C_IsAck         swm221_i2c.o
    0x00001d2a   0x00001d2a   0x0000000a   Code   RO          959    i.I2C_Open          swm221_i2c.o
    0x00001d34   0x00001d34   0x00000028   Code   RO          960    i.I2C_Read          swm221_i2c.o
    0x00001d5c   0x00001d5c   0x0000000a   Code   RO          961    i.I2C_ReadDone      swm221_i2c.o
    0x00001d66   0x00001d66   0x00000020   Code   RO          962    i.I2C_Start         swm221_i2c.o
    0x00001d86   0x00001d86   0x0000000a   Code   RO          963    i.I2C_StartDone     swm221_i2c.o
    0x00001d90   0x00001d90   0x00000014   Code   RO          964    i.I2C_Stop          swm221_i2c.o
    0x00001da4   0x00001da4   0x0000000a   Code   RO          965    i.I2C_StopDone      swm221_i2c.o
    0x00001dae   0x00001dae   0x00000020   Code   RO          966    i.I2C_Write         swm221_i2c.o
    0x00001dce   0x00001dce   0x0000000a   Code   RO          967    i.I2C_WriteDone     swm221_i2c.o
    0x00001dd8   0x00001dd8   0x00000038   Code   RO         1072    i.IOFILT_Init       swm221_iofilt.o
    0x00001e10   0x00001e10   0x0000000a   Code   RO            6    i.Init              flashprg.o
    0x00001e1a   0x00001e1a   0x00000002   PAD
    0x00001e1c   0x00001e1c   0x0000005c   Code   RO         1092    i.MPU_Init          swm221_mpu.o
    0x00001e78   0x00001e78   0x0000000c   Code   RO         1093    i.MPU_ReadReg       swm221_mpu.o
    0x00001e84   0x00001e84   0x0000000c   Code   RO         1094    i.MPU_WR_DATA16     swm221_mpu.o
    0x00001e90   0x00001e90   0x0000000c   Code   RO         1095    i.MPU_WR_DATA8      swm221_mpu.o
    0x00001e9c   0x00001e9c   0x0000000c   Code   RO         1096    i.MPU_WR_REG8       swm221_mpu.o
    0x00001ea8   0x00001ea8   0x00000012   Code   RO         1097    i.MPU_WriteReg      swm221_mpu.o
    0x00001eba   0x00001eba   0x00000048   Code   RO         1141    i.PORT_Init         swm221_port.o
    0x00001f02   0x00001f02   0x0000005a   Code   RO         1161    i.PWM_BrkConfig     swm221_pwm.o
    0x00001f5c   0x00001f5c   0x00000018   Code   RO         1162    i.PWM_BrkInPolarity  swm221_pwm.o
    0x00001f74   0x00001f74   0x0000000c   Code   RO         1163    i.PWM_BrkIntClr     swm221_pwm.o
    0x00001f80   0x00001f80   0x00000010   Code   RO         1164    i.PWM_BrkIntDis     swm221_pwm.o
    0x00001f90   0x00001f90   0x00000010   Code   RO         1165    i.PWM_BrkIntEn      swm221_pwm.o
    0x00001fa0   0x00001fa0   0x0000000c   Code   RO         1166    i.PWM_BrkIntStat    swm221_pwm.o
    0x00001fac   0x00001fac   0x00000026   Code   RO         1167    i.PWM_CmpTrigger    swm221_pwm.o
    0x00001fd2   0x00001fd2   0x0000000e   Code   RO         1168    i.PWM_GetDeadzone   swm221_pwm.o
    0x00001fe0   0x00001fe0   0x0000000e   Code   RO         1169    i.PWM_GetHDuty      swm221_pwm.o
    0x00001fee   0x00001fee   0x00000016   Code   RO         1170    i.PWM_GetHDuty2     swm221_pwm.o
    0x00002004   0x00002004   0x00000008   Code   RO         1171    i.PWM_GetPeriod     swm221_pwm.o
    0x0000200c   0x0000200c   0x0000012c   Code   RO         1172    i.PWM_Init          swm221_pwm.o
    0x00002138   0x00002138   0x00000004   Code   RO         1173    i.PWM_IntClr        swm221_pwm.o
    0x0000213c   0x0000213c   0x00000008   Code   RO         1174    i.PWM_IntDis        swm221_pwm.o
    0x00002144   0x00002144   0x00000008   Code   RO         1175    i.PWM_IntEn         swm221_pwm.o
    0x0000214c   0x0000214c   0x00000006   Code   RO         1176    i.PWM_IntStat       swm221_pwm.o
    0x00002152   0x00002152   0x00000002   PAD
    0x00002154   0x00002154   0x00000064   Code   RO         1177    i.PWM_OutMask       swm221_pwm.o
    0x000021b8   0x000021b8   0x0000000c   Code   RO         1178    i.PWM_OvfTrigger    swm221_pwm.o
    0x000021c4   0x000021c4   0x00000010   Code   RO         1179    i.PWM_ReloadDis     swm221_pwm.o
    0x000021d4   0x000021d4   0x00000010   Code   RO         1180    i.PWM_ReloadEn      swm221_pwm.o
    0x000021e4   0x000021e4   0x0000000c   Code   RO         1181    i.PWM_Restart       swm221_pwm.o
    0x000021f0   0x000021f0   0x0000000c   Code   RO         1182    i.PWM_SetDeadzone   swm221_pwm.o
    0x000021fc   0x000021fc   0x0000000c   Code   RO         1183    i.PWM_SetHDuty      swm221_pwm.o
    0x00002208   0x00002208   0x00000010   Code   RO         1184    i.PWM_SetHDuty2     swm221_pwm.o
    0x00002218   0x00002218   0x00000006   Code   RO         1185    i.PWM_SetPeriod     swm221_pwm.o
    0x0000221e   0x0000221e   0x00000002   PAD
    0x00002220   0x00002220   0x00000010   Code   RO         1186    i.PWM_Start         swm221_pwm.o
    0x00002230   0x00002230   0x00000010   Code   RO         1187    i.PWM_Stop          swm221_pwm.o
    0x00002240   0x00002240   0x00000046   Code   RO            7    i.ProgramPage       flashprg.o
    0x00002286   0x00002286   0x00000002   PAD
    0x00002288   0x00002288   0x0000006c   Code   RO         1342    i.QEI_Init          swm221_qei.o
    0x000022f4   0x000022f4   0x00000004   Code   RO         1343    i.QEI_IntClr        swm221_qei.o
    0x000022f8   0x000022f8   0x00000008   Code   RO         1344    i.QEI_IntDis        swm221_qei.o
    0x00002300   0x00002300   0x0000001c   Code   RO         1345    i.QEI_IntEn         swm221_qei.o
    0x0000231c   0x0000231c   0x00000006   Code   RO         1346    i.QEI_IntStat       swm221_qei.o
    0x00002322   0x00002322   0x0000000a   Code   RO         1347    i.QEI_Start         swm221_qei.o
    0x0000232c   0x0000232c   0x0000000a   Code   RO         1348    i.QEI_Stop          swm221_qei.o
    0x00002336   0x00002336   0x0000000a   Code   RO         1403    i.QSPI_Close        swm221_qspi.o
    0x00002340   0x00002340   0x0000001c   Code   RO         1404    i.QSPI_CmdStructClear  swm221_qspi.o
    0x0000235c   0x0000235c   0x00000064   Code   RO         1405    i.QSPI_Command      swm221_qspi.o
    0x000023c0   0x000023c0   0x00000064   Code   RO         1406    i.QSPI_Erase        swm221_qspi.o
    0x00002424   0x00002424   0x0000000c   Code   RO         1407    i.QSPI_FIFOSpace    swm221_qspi.o
    0x00002430   0x00002430   0x00000010   Code   RO         1408    i.QSPI_FlashBusy    swm221_qspi.o
    0x00002440   0x00002440   0x00000004   Code   RO         1409    i.QSPI_INTClr       swm221_qspi.o
    0x00002444   0x00002444   0x0000000a   Code   RO         1410    i.QSPI_INTDis       swm221_qspi.o
    0x0000244e   0x0000244e   0x0000000a   Code   RO         1411    i.QSPI_INTEn        swm221_qspi.o
    0x00002458   0x00002458   0x00000006   Code   RO         1412    i.QSPI_INTStat      swm221_qspi.o
    0x0000245e   0x0000245e   0x00000002   PAD
    0x00002460   0x00002460   0x0000007c   Code   RO         1413    i.QSPI_Init         swm221_qspi.o
    0x000024dc   0x000024dc   0x0000000a   Code   RO         1414    i.QSPI_Open         swm221_qspi.o
    0x000024e6   0x000024e6   0x00000010   Code   RO         1415    i.QSPI_QuadState    swm221_qspi.o
    0x000024f6   0x000024f6   0x00000042   Code   RO         1416    i.QSPI_QuadSwitch   swm221_qspi.o
    0x00002538   0x00002538   0x00000056   Code   RO         1417    i.QSPI_ReadReg      swm221_qspi.o
    0x0000258e   0x0000258e   0x00000002   PAD
    0x00002590   0x00002590   0x0000019c   Code   RO         1418    i.QSPI_Read_        swm221_qspi.o
    0x0000272c   0x0000272c   0x00000036   Code   RO         1419    i.QSPI_SendCmd      swm221_qspi.o
    0x00002762   0x00002762   0x00000052   Code   RO         1420    i.QSPI_WriteReg     swm221_qspi.o
    0x000027b4   0x000027b4   0x0000011c   Code   RO         1421    i.QSPI_Write_       swm221_qspi.o
    0x000028d0   0x000028d0   0x0000000a   Code   RO         1554    i.SPI_Close         swm221_spi.o
    0x000028da   0x000028da   0x00000004   Code   RO         1555    i.SPI_INTClr        swm221_spi.o
    0x000028de   0x000028de   0x00000008   Code   RO         1556    i.SPI_INTDis        swm221_spi.o
    0x000028e6   0x000028e6   0x00000008   Code   RO         1557    i.SPI_INTEn         swm221_spi.o
    0x000028ee   0x000028ee   0x0000000a   Code   RO         1558    i.SPI_INTStat       swm221_spi.o
    0x000028f8   0x000028f8   0x000000e0   Code   RO         1559    i.SPI_Init          swm221_spi.o
    0x000029d8   0x000029d8   0x0000000a   Code   RO         1560    i.SPI_IsRXEmpty     swm221_spi.o
    0x000029e2   0x000029e2   0x00000008   Code   RO         1561    i.SPI_IsTXEmpty     swm221_spi.o
    0x000029ea   0x000029ea   0x0000000a   Code   RO         1562    i.SPI_IsTXFull      swm221_spi.o
    0x000029f4   0x000029f4   0x0000000a   Code   RO         1563    i.SPI_Open          swm221_spi.o
    0x000029fe   0x000029fe   0x00000004   Code   RO         1564    i.SPI_Read          swm221_spi.o
    0x00002a02   0x00002a02   0x0000000c   Code   RO         1565    i.SPI_ReadWrite     swm221_spi.o
    0x00002a0e   0x00002a0e   0x00000004   Code   RO         1566    i.SPI_Write         swm221_spi.o
    0x00002a12   0x00002a12   0x00000012   Code   RO         1567    i.SPI_WriteWithWait  swm221_spi.o
    0x00002a24   0x00002a24   0x00000004   Code   RO          192    i.SystemClock_Config  bsp.o
    0x00002a28   0x00002a28   0x00000088   Code   RO          332    i.SystemCoreClockUpdate  system_swm221.o
    0x00002ab0   0x00002ab0   0x0000006c   Code   RO          333    i.SystemInit        system_swm221.o
    0x00002b1c   0x00002b1c   0x00000004   Code   RO         1652    i.TIMR_GetCurValue  swm221_timr.o
    0x00002b20   0x00002b20   0x00000006   Code   RO         1653    i.TIMR_Halt         swm221_timr.o
    0x00002b26   0x00002b26   0x00000006   Code   RO         1654    i.TIMR_IC_CaptureH_INTClr  swm221_timr.o
    0x00002b2c   0x00002b2c   0x0000000a   Code   RO         1655    i.TIMR_IC_CaptureH_INTDis  swm221_timr.o
    0x00002b36   0x00002b36   0x0000000a   Code   RO         1656    i.TIMR_IC_CaptureH_INTEn  swm221_timr.o
    0x00002b40   0x00002b40   0x00000008   Code   RO         1657    i.TIMR_IC_CaptureH_INTStat  swm221_timr.o
    0x00002b48   0x00002b48   0x00000006   Code   RO         1658    i.TIMR_IC_CaptureL_INTClr  swm221_timr.o
    0x00002b4e   0x00002b4e   0x0000000a   Code   RO         1659    i.TIMR_IC_CaptureL_INTDis  swm221_timr.o
    0x00002b58   0x00002b58   0x0000000a   Code   RO         1660    i.TIMR_IC_CaptureL_INTEn  swm221_timr.o
    0x00002b62   0x00002b62   0x00000008   Code   RO         1661    i.TIMR_IC_CaptureL_INTStat  swm221_timr.o
    0x00002b6a   0x00002b6a   0x00000004   Code   RO         1662    i.TIMR_IC_GetCaptureH  swm221_timr.o
    0x00002b6e   0x00002b6e   0x00000004   Code   RO         1663    i.TIMR_IC_GetCaptureL  swm221_timr.o
    0x00002b72   0x00002b72   0x00000002   PAD
    0x00002b74   0x00002b74   0x00000058   Code   RO         1664    i.TIMR_IC_Init      swm221_timr.o
    0x00002bcc   0x00002bcc   0x00000006   Code   RO         1665    i.TIMR_INTClr       swm221_timr.o
    0x00002bd2   0x00002bd2   0x0000000a   Code   RO         1666    i.TIMR_INTDis       swm221_timr.o
    0x00002bdc   0x00002bdc   0x0000000a   Code   RO         1667    i.TIMR_INTEn        swm221_timr.o
    0x00002be6   0x00002be6   0x00000008   Code   RO         1668    i.TIMR_INTStat      swm221_timr.o
    0x00002bee   0x00002bee   0x00000002   PAD
    0x00002bf0   0x00002bf0   0x000000f8   Code   RO         1669    i.TIMR_Init         swm221_timr.o
    0x00002ce8   0x00002ce8   0x00000004   Code   RO         1670    i.TIMR_OC_GetMatch  swm221_timr.o
    0x00002cec   0x00002cec   0x00000006   Code   RO         1671    i.TIMR_OC_INTClr    swm221_timr.o
    0x00002cf2   0x00002cf2   0x0000000a   Code   RO         1672    i.TIMR_OC_INTDis    swm221_timr.o
    0x00002cfc   0x00002cfc   0x0000000a   Code   RO         1673    i.TIMR_OC_INTEn     swm221_timr.o
    0x00002d06   0x00002d06   0x00000008   Code   RO         1674    i.TIMR_OC_INTStat   swm221_timr.o
    0x00002d0e   0x00002d0e   0x00000002   PAD
    0x00002d10   0x00002d10   0x0000008c   Code   RO         1675    i.TIMR_OC_Init      swm221_timr.o
    0x00002d9c   0x00002d9c   0x0000001c   Code   RO         1676    i.TIMR_OC_OutputDis  swm221_timr.o
    0x00002db8   0x00002db8   0x0000000a   Code   RO         1677    i.TIMR_OC_OutputEn  swm221_timr.o
    0x00002dc2   0x00002dc2   0x00000004   Code   RO         1678    i.TIMR_OC_SetMatch  swm221_timr.o
    0x00002dc6   0x00002dc6   0x00000006   Code   RO         1679    i.TIMR_Resume       swm221_timr.o
    0x00002dcc   0x00002dcc   0x00000070   Code   RO         1680    i.TIMR_Start        swm221_timr.o
    0x00002e3c   0x00002e3c   0x00000070   Code   RO         1681    i.TIMR_Stop         swm221_timr.o
    0x00002eac   0x00002eac   0x00000018   Code   RO         1851    i.UART_ABRIsDone    swm221_uart.o
    0x00002ec4   0x00002ec4   0x0000005a   Code   RO         1852    i.UART_ABRStart     swm221_uart.o
    0x00002f1e   0x00002f1e   0x00000016   Code   RO         1853    i.UART_CTSConfig    swm221_uart.o
    0x00002f34   0x00002f34   0x00000008   Code   RO         1854    i.UART_CTSLineState  swm221_uart.o
    0x00002f3c   0x00002f3c   0x0000000c   Code   RO         1855    i.UART_Close        swm221_uart.o
    0x00002f48   0x00002f48   0x00000020   Code   RO         1856    i.UART_GetBaudrate  swm221_uart.o
    0x00002f68   0x00002f68   0x00000010   Code   RO         1857    i.UART_INTClr       swm221_uart.o
    0x00002f78   0x00002f78   0x00000008   Code   RO         1858    i.UART_INTDis       swm221_uart.o
    0x00002f80   0x00002f80   0x00000008   Code   RO         1859    i.UART_INTEn        swm221_uart.o
    0x00002f88   0x00002f88   0x00000030   Code   RO         1860    i.UART_INTStat      swm221_uart.o
    0x00002fb8   0x00002fb8   0x0000010c   Code   RO         1861    i.UART_Init         swm221_uart.o
    0x000030c4   0x000030c4   0x0000000a   Code   RO         1862    i.UART_IsRXFIFOEmpty  swm221_uart.o
    0x000030ce   0x000030ce   0x0000000a   Code   RO         1863    i.UART_IsTXBusy     swm221_uart.o
    0x000030d8   0x000030d8   0x00000008   Code   RO         1864    i.UART_IsTXFIFOFull  swm221_uart.o
    0x000030e0   0x000030e0   0x00000030   Code   RO         1865    i.UART_LINConfig    swm221_uart.o
    0x00003110   0x00003110   0x0000000a   Code   RO         1866    i.UART_LINGenerate  swm221_uart.o
    0x0000311a   0x0000311a   0x0000000a   Code   RO         1867    i.UART_LININTClr    swm221_uart.o
    0x00003124   0x00003124   0x00000008   Code   RO         1868    i.UART_LININTDis    swm221_uart.o
    0x0000312c   0x0000312c   0x00000008   Code   RO         1869    i.UART_LININTEn     swm221_uart.o
    0x00003134   0x00003134   0x00000008   Code   RO         1870    i.UART_LININTStat   swm221_uart.o
    0x0000313c   0x0000313c   0x0000002e   Code   RO         1871    i.UART_LIN_Checksum  swm221_uart.o
    0x0000316a   0x0000316a   0x0000003a   Code   RO         1872    i.UART_LIN_IDParity  swm221_uart.o
    0x000031a4   0x000031a4   0x0000000c   Code   RO         1873    i.UART_Open         swm221_uart.o
    0x000031b0   0x000031b0   0x0000001c   Code   RO         1874    i.UART_RTSConfig    swm221_uart.o
    0x000031cc   0x000031cc   0x00000008   Code   RO         1875    i.UART_RTSLineState  swm221_uart.o
    0x000031d4   0x000031d4   0x00000014   Code   RO         1876    i.UART_ReadByte     swm221_uart.o
    0x000031e8   0x000031e8   0x00000034   Code   RO         1877    i.UART_SetBaudrate  swm221_uart.o
    0x0000321c   0x0000321c   0x00000004   Code   RO         1878    i.UART_WriteByte    swm221_uart.o
    0x00003220   0x00003220   0x00000008   Code   RO         2043    i.USART_Close       swm221_usart.o
    0x00003228   0x00003228   0x00000020   Code   RO         2044    i.USART_GetBaudrate  swm221_usart.o
    0x00003248   0x00003248   0x00000084   Code   RO         2045    i.USART_Init        swm221_usart.o
    0x000032cc   0x000032cc   0x0000001a   Code   RO         2046    i.USART_LINConfig   swm221_usart.o
    0x000032e6   0x000032e6   0x00000002   PAD
    0x000032e8   0x000032e8   0x00000024   Code   RO         2047    i.USART_LINResponse  swm221_usart.o
    0x0000330c   0x0000330c   0x00000028   Code   RO         2048    i.USART_LINStart    swm221_usart.o
    0x00003334   0x00003334   0x00000006   Code   RO         2049    i.USART_Open        swm221_usart.o
    0x0000333a   0x0000333a   0x00000002   PAD
    0x0000333c   0x0000333c   0x00000020   Code   RO         2050    i.USART_SetBaudrate  swm221_usart.o
    0x0000335c   0x0000335c   0x00000004   Code   RO            8    i.UnInit            flashprg.o
    0x00003360   0x00003360   0x000000bc   Code   RO            9    i.Verify            flashprg.o
    0x0000341c   0x0000341c   0x0000000c   Code   RO         2108    i.WDT_Feed          swm221_wdt.o
    0x00003428   0x00003428   0x00000006   Code   RO         2109    i.WDT_INTClr        swm221_wdt.o
    0x0000342e   0x0000342e   0x00000004   Code   RO         2110    i.WDT_INTStat       swm221_wdt.o
    0x00003432   0x00003432   0x00000002   PAD
    0x00003434   0x00003434   0x00000070   Code   RO         2111    i.WDT_Init          swm221_wdt.o
    0x000034a4   0x000034a4   0x0000003c   Code   RO         2112    i.WDT_ReInit        swm221_wdt.o
    0x000034e0   0x000034e0   0x0000000a   Code   RO         2113    i.WDT_Start         swm221_wdt.o
    0x000034ea   0x000034ea   0x0000000a   Code   RO         2114    i.WDT_Stop          swm221_wdt.o
    0x000034f4   0x000034f4   0x00000020   Code   RO          968    i.__NVIC_DisableIRQ  swm221_i2c.o
    0x00003514   0x00003514   0x00000020   Code   RO         1879    i.__NVIC_DisableIRQ  swm221_uart.o
    0x00003534   0x00003534   0x00000018   Code   RO          456    i.__NVIC_EnableIRQ  swm221_adc.o
    0x0000354c   0x0000354c   0x00000018   Code   RO          969    i.__NVIC_EnableIRQ  swm221_i2c.o
    0x00003564   0x00003564   0x00000018   Code   RO         1188    i.__NVIC_EnableIRQ  swm221_pwm.o
    0x0000357c   0x0000357c   0x00000018   Code   RO         1349    i.__NVIC_EnableIRQ  swm221_qei.o
    0x00003594   0x00003594   0x00000018   Code   RO         1682    i.__NVIC_EnableIRQ  swm221_timr.o
    0x000035ac   0x000035ac   0x00000018   Code   RO         1880    i.__NVIC_EnableIRQ  swm221_uart.o
    0x000035c4   0x000035c4   0x0000000e   Code   RO         2206    i._is_digit         c_pe.l(__printf_wp.o)
    0x000035d2   0x000035d2   0x00000010   Code   RO          193    i.board_init        bsp.o
    0x000035e2   0x000035e2   0x00000002   Code   RO          250    i.bsp_InitSPIBus    bsp_spi_bus.o
    0x000035e4   0x000035e4   0x00000002   Code   RO          251    i.bsp_spiDelay      bsp_spi_bus.o
    0x000035e6   0x000035e6   0x00000004   Code   RO          252    i.bsp_spiRead0      bsp_spi_bus.o
    0x000035ea   0x000035ea   0x00000002   Code   RO          253    i.bsp_spiWrite0     bsp_spi_bus.o
    0x000035ec   0x000035ec   0x00000024   Code   RO          399    i.flash_qspi_port_deinit  dev_qspi_flash.o
    0x00003610   0x00003610   0x00000058   Code   RO          400    i.flash_qspi_port_init  dev_qspi_flash.o
    0x00003668   0x00003668   0x0000001e   Code   RO         2253    i.fputc             c_pe.l(fputc.o)
    0x00003686   0x00003686   0x00000002   PAD
    0x00003688   0x00003688   0x00000114   Code   RO          401    i.qspi_dma_read     dev_qspi_flash.o
    0x0000379c   0x0000379c   0x000000e0   Code   RO          402    i.qspi_flash_init   dev_qspi_flash.o
    0x0000387c   0x0000387c   0x0000001c   Code   RO          194    i.qspi_multiplex_flash  bsp.o
    0x00003898   0x00003898   0x00000002   Code   RO          288    i.sf_EraseChip      bsp_spi_flash.o
    0x0000389a   0x0000389a   0x00000002   PAD
    0x0000389c   0x0000389c   0x00000014   Code   RO          289    i.sf_EraseSector    bsp_spi_flash.o
    0x000038b0   0x000038b0   0x0000001c   Code   RO          290    i.sf_PageWrite      bsp_spi_flash.o
    0x000038cc   0x000038cc   0x00000014   Code   RO          291    i.sf_ReadBuffer     bsp_spi_flash.o
    0x000038e0   0x000038e0   0x00000002   Code   RO          292    i.sf_SetCS          bsp_spi_flash.o
    0x000038e2   0x000038e2   0x00000002   PAD
    0x000038e4   0x000038e4   0x00000010   Code   RO          334    i.switchOn32KHz     system_swm221.o
    0x000038f4   0x000038f4   0x00000010   Code   RO          335    i.switchOnHRC       system_swm221.o
    0x00003904   0x00003904   0x00000040   Code   RO          336    i.switchOnPLL       system_swm221.o
    0x00003944   0x00003944   0x0000004c   Code   RO          337    i.switchOnXTAL      system_swm221.o
    0x00003990   0x00003990   0x00000040   Code   RO          338    i.switchToDIV       system_swm221.o
    0x000039d0   0x000039d0   0x00000034   Code   RO          339    i.switchToHRC       system_swm221.o
    0x00003a04   0x00003a04   0x00000054   Code   RO          195    i.systick_init      bsp.o
    0x00003a58   0x00003a58   0x00000002   Code   RO          196    i.uart_debug_init   bsp.o
    0x00003a5a   0x00003a5a   0x0000000e   Data   RO          403    .constdata          dev_qspi_flash.o
    0x00003a68   0x00003a68   0x00000028   Data   RO         2188    .constdata          c_pe.l(_printf_hex_int_ptr.o)
    0x00003a90   0x00003a90   0x00000011   Data   RO         2209    .constdata          c_pe.l(__printf_flags_wp.o)
    0x00003aa1   0x00003aa1   0x00000004   Data   RO         2265    .constdata          c_pe.l(sys_io.o)
    0x00003aa5   0x00003aa5   0x00000004   Data   RO         2266    .constdata          c_pe.l(sys_io.o)
    0x00003aa9   0x00003aa9   0x00000004   Data   RO         2267    .constdata          c_pe.l(sys_io.o)


    Execution Region PrgData (Exec base: 0x00003ab0, Load base: 0x00003ab0, Size: 0x00000964, Max: 0xffffffff, PI)

    Exec Addr    Load Addr    Size         Type   Attr      Idx    E Section Name        Object

    0x00003ab0   0x00003ab0   0x00000004   Data   RW         2552    PDT$$ptr            anon$$obj.o
    0x00003ab4   0x00003ab4   0x0000000c   Data   RW          197    .data               bsp.o
    0x00003ac0   0x00003ac0   0x00000008   Data   RW          340    .data               system_swm221.o
    0x00003ac8   0x00003ac8   0x0000000c   Data   RW          830    .data               swm221_flash.o
    0x00003ad4   0x00003ad4   0x00000028   Data   RW          831    .data               swm221_flash.o
    0x00003afc   0x00003afc   0x00000001   Data   RW         1422    .data               swm221_qspi.o
    0x00003afd   0x00003afd   0x00000003   PAD
    0x00003b00   0x00003b00   0x00000004   Data   RW         2241    .data               c_pe.l(stdio_streams.o)
    0x00003b04   0x00003b04   0x00000004   Data   RW         2242    .data               c_pe.l(stdio_streams.o)
    0x00003b08   0x00003b08   0x00000004   Data   RW         2243    .data               c_pe.l(stdio_streams.o)
    0x00003b0c   0x00003b0c   0x00000004   Data   RW         2509    .data               c_pe.l(heapauxa.o)
    0x00003b10        -       0x00000800   Zero   RW           10    .bss                flashprg.o
    0x00004310        -       0x00000054   Zero   RW         2238    .bss                c_pe.l(stdio_streams.o)
    0x00004364        -       0x00000054   Zero   RW         2239    .bss                c_pe.l(stdio_streams.o)
    0x000043b8        -       0x00000054   Zero   RW         2240    .bss                c_pe.l(stdio_streams.o)
    0x0000440c        -       0x00000004   Zero   RW         2421    .bss                c_pe.l(rt_heap_descriptor.o)
    0x00004410        -       0x00000004   Zero   RW         2524    .bss                c_pe.l(rt_errno_addr.o)



  Load Region DSCR (Base: 0x00003b10, Size: 0x000010a0, Max: 0xffffffff, PI)

    Execution Region DevDscr (Exec base: 0x00003b10, Load base: 0x00003b10, Size: 0x000010a0, Max: 0xffffffff, PI)

    Exec Addr    Load Addr    Size         Type   Attr      Idx    E Section Name        Object

    0x00003b10   0x00003b10   0x000010a0   Data   RO          176    .constdata          flashdev.o


==============================================================================

Image component sizes


      Code (inc. data)   RO Data    RW Data    ZI Data      Debug   Object Name

       160         32          0         12          0      12226   bsp.o
        18          0          0          0          0       2551   bsp_spi_bus.o
        80         10          0          0          0       3670   bsp_spi_flash.o
       632        144         14          0          0       8110   dev_qspi_flash.o
         0          0       4256          0          0       1210   flashdev.o
       450          8          0          0       2048      90524   flashprg.o
       648         46          0          0          0      19019   swm221_adc.o
       716         18          0          0          0      20248   swm221_can.o
        88          6          0          0          0       2440   swm221_crc.o
        32          6          0          0          0       1799   swm221_div.o
       344         46          0          0          0       5347   swm221_dma.o
       130          0          0          0          0       4815   swm221_exti.o
       116         28          0         52          0       3677   swm221_flash.o
       418         48          0          0          0       8979   swm221_gpio.o
       568         22          0          0          0      11650   swm221_i2c.o
        64          6          0          0          0       1574   swm221_iofilt.o
       166          4          0          0          0       4927   swm221_mpu.o
        80          0          0          0          0       1960   swm221_port.o
       858         82          0          0          0      17725   swm221_pwm.o
       206         18          0          0          0       5638   swm221_qei.o
      1438         30          0          1          0      20654   swm221_qspi.o
        28          0          0          0          0       1357   swm221_sleep.o
       348         20          0          0          0       9224   swm221_spi.o
       938         64          0          0          0      18837   swm221_timr.o
       948         42          0          0          0      19064   swm221_uart.o
       320         34          0          0          0       8259   swm221_usart.o
       222         12          0          0          0       5447   swm221_wdt.o
       540         76          0          8          0       6360   system_swm221.o

    ----------------------------------------------------------------------
     10600        802       4270         80       2048     317291   Object Totals
         0          0          0          4          0          0   (incl. Generated)
        44          0          0          3          0          0   (incl. Padding)

    ----------------------------------------------------------------------

      Code (inc. data)   RO Data    RW Data    ZI Data      Debug   Library Member Name

       312          6         17          0          0         76   __printf_flags_wp.o
        14          0          0          0          0         60   __printf_wp.o
        46          0          0          0          0        100   _printf_char.o
        48          6          0          0          0         88   _printf_char_common.o
        40          6          0          0          0         72   _printf_char_file.o
        10          0          0          0          0          0   _printf_d.o
       108         18          0          0          0         76   _printf_dec.o
       132          6         40          0          0        128   _printf_hex_int_ptr.o
       176          0          0          0          0         84   _printf_intcommon.o
        10          0          0          0          0          0   _printf_p.o
        78          0          0          0          0        100   _printf_pad.o
         2          0          0          0          0          0   _printf_percent.o
         4          0          0          0          0          0   _printf_percent_end.o
        10          0          0          0          0          0   _printf_s.o
        82          0          0          0          0         72   _printf_str.o
        10          0          0          0          0          0   _printf_x.o
       346          0          0          0          0         88   aeabi_sdiv.o
        12          0          0          0          0         68   defsig_exit.o
        52          0          0          0          0         72   defsig_general.o
        80         58          0          0          0         68   defsig_rtmem_inner.o
        12          0          0          0          0         68   defsig_rtmem_outer.o
        52         38          0          0          0         68   defsig_rtred_inner.o
        12          0          0          0          0         68   defsig_rtred_outer.o
        76          4          0          0          0         76   fclose.o
         8          0          0          0          0         60   ferror.o
       496         10          0          0          0         76   flsbuf.o
       236         10          0          0          0        108   fopen.o
        30          0          0          0          0         68   fputc.o
       244          4          0          0          0         76   fseek.o
        66          0          0          0          0         68   ftell.o
        98          0          0          0          0         72   h1_alloc.o
        52          0          0          0          0         68   h1_extend.o
        76          0          0          0          0         72   h1_free.o
        14          0          0          0          0         76   h1_init.o
        84          4          0          4          0         88   heapauxa.o
         4          0          0          0          0        120   hguard.o
         0          0          0          0          0          0   indicate_semi.o
       136          0          0          0          0        160   init_alloc.o
       356         46          0          0          0         96   initio.o
         0          0          0          0          0          0   libinit2.o
         0          0          0          0          0          0   libshutdown2.o
         0          0          0          0          0          0   maybetermalloc1.o
        28          4          0          0          0         84   noretval__2printf.o
        12          4          0          0          4         64   rt_errno_addr.o
        12          4          0          0          4         64   rt_heap_descriptor.o
        64          0          0          0          0        108   rt_memclr.o
        40          0          0          0          0         60   rtudiv10.o
        76          4          0          0          0         72   setvbuf.o
       240          8          0          0          0        144   stdio.o
         0          0          0         12        252          0   stdio_streams.o
        68          6          0          0          0         72   strlen.o
        12          4          0          0          0         60   sys_exit.o
       102          0         12          0          0        232   sys_io.o
        12          0          0          0          0         68   sys_wrch.o
        34          0          0          0          0         60   uread4.o
         2          0          0          0          0         64   use_no_semi.o

    ----------------------------------------------------------------------
      4338        250         72         16        260       3792   Library Totals
        12          0          3          0          0          0   (incl. Padding)

    ----------------------------------------------------------------------

      Code (inc. data)   RO Data    RW Data    ZI Data      Debug   Library Name

      4326        250         69         16        260       3792   c_pe.l

    ----------------------------------------------------------------------
      4338        250         72         16        260       3792   Library Totals

    ----------------------------------------------------------------------

==============================================================================


      Code (inc. data)   RO Data    RW Data    ZI Data      Debug   

     14938       1052       4342         96       2308     304839   Grand Totals
     14938       1052       4342         96       2308     304839   ELF Image Totals
     14938       1052       4342         96          0          0   ROM Totals

==============================================================================

    Total RO  Size (Code + RO Data)                19280 (  18.83kB)
    Total RW  Size (RW Data + ZI Data)              2404 (   2.35kB)
    Total ROM Size (Code + RO Data + RW Data)      19376 (  18.92kB)

==============================================================================

